Archive member included to satisfy reference by file (symbol)

C:/ST/STM32CubeIDE_1.18.1/STM32CubeIDE/plugins/com.st.stm32cube.ide.mcu.externaltools.gnu-tools-for-stm32.13.3.rel1.win32_1.0.0.202411081344/tools/bin/../lib/gcc/arm-none-eabi/13.3.1/../../../../arm-none-eabi/lib/thumb/v7e-m+fp/hard\libc_nano.a(libc_a-exit.o)
                              C:/ST/STM32CubeIDE_1.18.1/STM32CubeIDE/plugins/com.st.stm32cube.ide.mcu.externaltools.gnu-tools-for-stm32.13.3.rel1.win32_1.0.0.202411081344/tools/bin/../lib/gcc/arm-none-eabi/13.3.1/../../../../arm-none-eabi/lib/thumb/v7e-m+fp/hard/crt0.o (exit)
C:/ST/STM32CubeIDE_1.18.1/STM32CubeIDE/plugins/com.st.stm32cube.ide.mcu.externaltools.gnu-tools-for-stm32.13.3.rel1.win32_1.0.0.202411081344/tools/bin/../lib/gcc/arm-none-eabi/13.3.1/../../../../arm-none-eabi/lib/thumb/v7e-m+fp/hard\libc_nano.a(libc_a-itoa.o)
                              ./Core/Src/ESP01.o (itoa)
C:/ST/STM32CubeIDE_1.18.1/STM32CubeIDE/plugins/com.st.stm32cube.ide.mcu.externaltools.gnu-tools-for-stm32.13.3.rel1.win32_1.0.0.202411081344/tools/bin/../lib/gcc/arm-none-eabi/13.3.1/../../../../arm-none-eabi/lib/thumb/v7e-m+fp/hard\libc_nano.a(libc_a-utoa.o)
                              C:/ST/STM32CubeIDE_1.18.1/STM32CubeIDE/plugins/com.st.stm32cube.ide.mcu.externaltools.gnu-tools-for-stm32.13.3.rel1.win32_1.0.0.202411081344/tools/bin/../lib/gcc/arm-none-eabi/13.3.1/../../../../arm-none-eabi/lib/thumb/v7e-m+fp/hard\libc_nano.a(libc_a-itoa.o) (__utoa)
C:/ST/STM32CubeIDE_1.18.1/STM32CubeIDE/plugins/com.st.stm32cube.ide.mcu.externaltools.gnu-tools-for-stm32.13.3.rel1.win32_1.0.0.202411081344/tools/bin/../lib/gcc/arm-none-eabi/13.3.1/../../../../arm-none-eabi/lib/thumb/v7e-m+fp/hard\libc_nano.a(libc_a-findfp.o)
                              C:/ST/STM32CubeIDE_1.18.1/STM32CubeIDE/plugins/com.st.stm32cube.ide.mcu.externaltools.gnu-tools-for-stm32.13.3.rel1.win32_1.0.0.202411081344/tools/bin/../lib/gcc/arm-none-eabi/13.3.1/../../../../arm-none-eabi/lib/thumb/v7e-m+fp/hard\libc_nano.a(libc_a-exit.o) (__stdio_exit_handler)
C:/ST/STM32CubeIDE_1.18.1/STM32CubeIDE/plugins/com.st.stm32cube.ide.mcu.externaltools.gnu-tools-for-stm32.13.3.rel1.win32_1.0.0.202411081344/tools/bin/../lib/gcc/arm-none-eabi/13.3.1/../../../../arm-none-eabi/lib/thumb/v7e-m+fp/hard\libc_nano.a(libc_a-fwalk.o)
                              C:/ST/STM32CubeIDE_1.18.1/STM32CubeIDE/plugins/com.st.stm32cube.ide.mcu.externaltools.gnu-tools-for-stm32.13.3.rel1.win32_1.0.0.202411081344/tools/bin/../lib/gcc/arm-none-eabi/13.3.1/../../../../arm-none-eabi/lib/thumb/v7e-m+fp/hard\libc_nano.a(libc_a-findfp.o) (_fwalk_sglue)
C:/ST/STM32CubeIDE_1.18.1/STM32CubeIDE/plugins/com.st.stm32cube.ide.mcu.externaltools.gnu-tools-for-stm32.13.3.rel1.win32_1.0.0.202411081344/tools/bin/../lib/gcc/arm-none-eabi/13.3.1/../../../../arm-none-eabi/lib/thumb/v7e-m+fp/hard\libc_nano.a(libc_a-snprintf.o)
                              ./Core/Src/main.o (snprintf)
C:/ST/STM32CubeIDE_1.18.1/STM32CubeIDE/plugins/com.st.stm32cube.ide.mcu.externaltools.gnu-tools-for-stm32.13.3.rel1.win32_1.0.0.202411081344/tools/bin/../lib/gcc/arm-none-eabi/13.3.1/../../../../arm-none-eabi/lib/thumb/v7e-m+fp/hard\libc_nano.a(libc_a-sprintf.o)
                              ./Core/Src/ESP01.o (sprintf)
C:/ST/STM32CubeIDE_1.18.1/STM32CubeIDE/plugins/com.st.stm32cube.ide.mcu.externaltools.gnu-tools-for-stm32.13.3.rel1.win32_1.0.0.202411081344/tools/bin/../lib/gcc/arm-none-eabi/13.3.1/../../../../arm-none-eabi/lib/thumb/v7e-m+fp/hard\libc_nano.a(libc_a-stdio.o)
                              C:/ST/STM32CubeIDE_1.18.1/STM32CubeIDE/plugins/com.st.stm32cube.ide.mcu.externaltools.gnu-tools-for-stm32.13.3.rel1.win32_1.0.0.202411081344/tools/bin/../lib/gcc/arm-none-eabi/13.3.1/../../../../arm-none-eabi/lib/thumb/v7e-m+fp/hard\libc_nano.a(libc_a-findfp.o) (__sread)
C:/ST/STM32CubeIDE_1.18.1/STM32CubeIDE/plugins/com.st.stm32cube.ide.mcu.externaltools.gnu-tools-for-stm32.13.3.rel1.win32_1.0.0.202411081344/tools/bin/../lib/gcc/arm-none-eabi/13.3.1/../../../../arm-none-eabi/lib/thumb/v7e-m+fp/hard\libc_nano.a(libc_a-memset.o)
                              C:/ST/STM32CubeIDE_1.18.1/STM32CubeIDE/plugins/com.st.stm32cube.ide.mcu.externaltools.gnu-tools-for-stm32.13.3.rel1.win32_1.0.0.202411081344/tools/bin/../lib/gcc/arm-none-eabi/13.3.1/../../../../arm-none-eabi/lib/thumb/v7e-m+fp/hard/crt0.o (memset)
C:/ST/STM32CubeIDE_1.18.1/STM32CubeIDE/plugins/com.st.stm32cube.ide.mcu.externaltools.gnu-tools-for-stm32.13.3.rel1.win32_1.0.0.202411081344/tools/bin/../lib/gcc/arm-none-eabi/13.3.1/../../../../arm-none-eabi/lib/thumb/v7e-m+fp/hard\libc_nano.a(libc_a-closer.o)
                              C:/ST/STM32CubeIDE_1.18.1/STM32CubeIDE/plugins/com.st.stm32cube.ide.mcu.externaltools.gnu-tools-for-stm32.13.3.rel1.win32_1.0.0.202411081344/tools/bin/../lib/gcc/arm-none-eabi/13.3.1/../../../../arm-none-eabi/lib/thumb/v7e-m+fp/hard\libc_nano.a(libc_a-stdio.o) (_close_r)
[...]
Memory Configuration

Name             Origin             Length             Attributes
RAM              0x20000000         0x00020000         xrw
FLASH            0x08000000         0x00080000         xr
*default*        0x00000000         0xffffffff

Linker script and memory map

LOAD C:/ST/STM32CubeIDE_1.18.1/STM32CubeIDE/plugins/com.st.stm32cube.ide.mcu.externaltools.gnu-tools-for-stm32.13.3.rel1.win32_1.0.0.202411081344/tools/bin/../lib/gcc/arm-none-eabi/13.3.1/thumb/v7e-m+fp/hard/crti.o
LOAD C:/ST/STM32CubeIDE_1.18.1/STM32CubeIDE/plugins/com.st.stm32cube.ide.mcu.externaltools.gnu-tools-for-stm32.13.3.rel1.win32_1.0.0.202411081344/tools/bin/../lib/gcc/arm-none-eabi/13.3.1/thumb/v7e-m+fp/hard/crtbegin.o
LOAD C:/ST/STM32CubeIDE_1.18.1/STM32CubeIDE/plugins/com.st.stm32cube.ide.mcu.externaltools.gnu-tools-for-stm32.13.3.rel1.win32_1.0.0.202411081344/tools/bin/../lib/gcc/arm-none-eabi/13.3.1/../../../../arm-none-eabi/lib/thumb/v7e-m+fp/hard/crt0.o
LOAD ./Core/Src/ESP01.o
LOAD ./Core/Src/MPU6050.o
LOAD ./Core/Src/UNER.o
LOAD ./Core/Src/fonts.o
LOAD ./Core/Src/main.o
LOAD ./Core/Src/ssd1306.o
LOAD ./Core/Src/stm32f4xx_hal_msp.o
LOAD ./Core/Src/stm32f4xx_it.o
LOAD ./Core/Src/syscalls.o
LOAD ./Core/Src/sysmem.o
LOAD ./Core/Src/system_stm32f4xx.o
LOAD ./Core/Startup/startup_stm32f411ceux.o
LOAD ./Drivers/STM32F4xx_HAL_Driver/Src/stm32f4xx_hal.o
LOAD ./Drivers/STM32F4xx_HAL_Driver/Src/stm32f4xx_hal_adc.o
LOAD ./Drivers/STM32F4xx_HAL_Driver/Src/stm32f4xx_hal_adc_ex.o
LOAD ./Drivers/STM32F4xx_HAL_Driver/Src/stm32f4xx_hal_cortex.o
LOAD ./Drivers/STM32F4xx_HAL_Driver/Src/stm32f4xx_hal_dma.o
LOAD ./Drivers/STM32F4xx_HAL_Driver/Src/stm32f4xx_hal_dma_ex.o
LOAD ./Drivers/STM32F4xx_HAL_Driver/Src/stm32f4xx_hal_exti.o
LOAD ./Drivers/STM32F4xx_HAL_Driver/Src/stm32f4xx_hal_flash.o
LOAD ./Drivers/STM32F4xx_HAL_Driver/Src/stm32f4xx_hal_flash_ex.o
LOAD ./Drivers/STM32F4xx_HAL_Driver/Src/stm32f4xx_hal_flash_ramfunc.o
LOAD ./Drivers/STM32F4xx_HAL_Driver/Src/stm32f4xx_hal_gpio.o
LOAD ./Drivers/STM32F4xx_HAL_Driver/Src/stm32f4xx_hal_i2c.o
LOAD ./Drivers/STM32F4xx_HAL_Driver/Src/stm32f4xx_hal_i2c_ex.o
LOAD ./Drivers/STM32F4xx_HAL_Driver/Src/stm32f4xx_hal_pcd.o
LOAD ./Drivers/STM32F4xx_HAL_Driver/Src/stm32f4xx_hal_pcd_ex.o
LOAD ./Drivers/STM32F4xx_HAL_Driver/Src/stm32f4xx_hal_pwr.o
LOAD ./Drivers/STM32F4xx_HAL_Driver/Src/stm32f4xx_hal_pwr_ex.o
LOAD ./Drivers/STM32F4xx_HAL_Driver/Src/stm32f4xx_hal_rcc.o
LOAD ./Drivers/STM32F4xx_HAL_Driver/Src/stm32f4xx_hal_rcc_ex.o
LOAD ./Drivers/STM32F4xx_HAL_Driver/Src/stm32f4xx_hal_tim.o
LOAD ./Drivers/STM32F4xx_HAL_Driver/Src/stm32f4xx_hal_tim_ex.o
LOAD ./Drivers/STM32F4xx_HAL_Driver/Src/stm32f4xx_hal_uart.o
LOAD ./Drivers/STM32F4xx_HAL_Driver/Src/stm32f4xx_ll_adc.o
LOAD ./Drivers/STM32F4xx_HAL_Driver/Src/stm32f4xx_ll_usb.o
LOAD ./Middlewares/ST/STM32_USB_Device_Library/Class/CDC/Src/usbd_cdc.o
LOAD ./Middlewares/ST/STM32_USB_Device_Library/Core/Src/usbd_core.o
LOAD ./Middlewares/ST/STM32_USB_Device_Library/Core/Src/usbd_ctlreq.o
LOAD ./Middlewares/ST/STM32_USB_Device_Library/Core/Src/usbd_ioreq.o
LOAD ./USB_DEVICE/App/usb_device.o
LOAD ./USB_DEVICE/App/usbd_cdc_if.o
LOAD ./USB_DEVICE/App/usbd_desc.o
LOAD ./USB_DEVICE/Target/usbd_conf.o
START GROUP
LOAD C:/ST/STM32CubeIDE_1.18.1/STM32CubeIDE/plugins/com.st.stm32cube.ide.mcu.externaltools.gnu-tools-for-stm32.13.3.rel1.win32_1.0.0.202411081344/tools/bin/../lib/gcc/arm-none-eabi/13.3.1/../../../../arm-none-eabi/lib/thumb/v7e-m+fp/hard\libc_nano.a
LOAD C:/ST/STM32CubeIDE_1.18.1/STM32CubeIDE/plugins/com.st.stm32cube.ide.mcu.externaltools.gnu-tools-for-stm32.13.3.rel1.win32_1.0.0.202411081344/tools/bin/../lib/gcc/arm-none-eabi/13.3.1/../../../../arm-none-eabi/lib/thumb/v7e-m+fp/hard\libm.a
END GROUP
START GROUP
LOAD C:/ST/STM32CubeIDE_1.18.1/STM32CubeIDE/plugins/com.st.stm32cube.ide.mcu.externaltools.gnu-tools-for-stm32.13.3.rel1.win32_1.0.0.202411081344/tools/bin/../lib/gcc/arm-none-eabi/13.3.1/thumb/v7e-m+fp/hard\libgcc.a
LOAD C:/ST/STM32CubeIDE_1.18.1/STM32CubeIDE/plugins/com.st.stm32cube.ide.mcu.externaltools.gnu-tools-for-stm32.13.3.rel1.win32_1.0.0.202411081344/tools/bin/../lib/gcc/arm-none-eabi/13.3.1/../../../../arm-none-eabi/lib/thumb/v7e-m+fp/hard\libc_nano.a
END GROUP
START GROUP
LOAD C:/ST/STM32CubeIDE_1.18.1/STM32CubeIDE/plugins/com.st.stm32cube.ide.mcu.externaltools.gnu-tools-for-stm32.13.3.rel1.win32_1.0.0.202411081344/tools/bin/../lib/gcc/arm-none-eabi/13.3.1/thumb/v7e-m+fp/hard\libgcc.a
LOAD C:/ST/STM32CubeIDE_1.18.1/STM32CubeIDE/plugins/com.st.stm32cube.ide.mcu.externaltools.gnu-tools-for-stm32.13.3.rel1.win32_1.0.0.202411081344/tools/bin/../lib/gcc/arm-none-eabi/13.3.1/../../../../arm-none-eabi/lib/thumb/v7e-m+fp/hard\libc_nano.a
LOAD C:/ST/STM32CubeIDE_1.18.1/STM32CubeIDE/plugins/com.st.stm32cube.ide.mcu.externaltools.gnu-tools-for-stm32.13.3.rel1.win32_1.0.0.202411081344/tools/bin/../lib/gcc/arm-none-eabi/13.3.1/../../../../arm-none-eabi/lib/thumb/v7e-m+fp/hard\libnosys.a
END GROUP
START GROUP
LOAD C:/ST/STM32CubeIDE_1.18.1/STM32CubeIDE/plugins/com.st.stm32cube.ide.mcu.externaltools.gnu-tools-for-stm32.13.3.rel1.win32_1.0.0.202411081344/tools/bin/../lib/gcc/arm-none-eabi/13.3.1/thumb/v7e-m+fp/hard\libgcc.a
LOAD C:/ST/STM32CubeIDE_1.18.1/STM32CubeIDE/plugins/com.st.stm32cube.ide.mcu.externaltools.gnu-tools-for-stm32.13.3.rel1.win32_1.0.0.202411081344/tools/bin/../lib/gcc/arm-none-eabi/13.3.1/../../../../arm-none-eabi/lib/thumb/v7e-m+fp/hard\libc_nano.a
LOAD C:/ST/STM32CubeIDE_1.18.1/STM32CubeIDE/plugins/com.st.stm32cube.ide.mcu.externaltools.gnu-tools-for-stm32.13.3.rel1.win32_1.0.0.202411081344/tools/bin/../lib/gcc/arm-none-eabi/13.3.1/../../../../arm-none-eabi/lib/thumb/v7e-m+fp/hard\libnosys.a
END GROUP
LOAD C:/ST/STM32CubeIDE_1.18.1/STM32CubeIDE/plugins/com.st.stm32cube.ide.mcu.externaltools.gnu-tools-for-stm32.13.3.rel1.win32_1.0.0.202411081344/tools/bin/../lib/gcc/arm-none-eabi/13.3.1/thumb/v7e-m+fp/hard/crtend.o
LOAD C:/ST/STM32CubeIDE_1.18.1/STM32CubeIDE/plugins/com.st.stm32cube.ide.mcu.externaltools.gnu-tools-for-stm32.13.3.rel1.win32_1.0.0.202411081344/tools/bin/../lib/gcc/arm-none-eabi/13.3.1/thumb/v7e-m+fp/hard/crtn.o
                0x20020000                        _estack = (ORIGIN (RAM) + LENGTH (RAM))
                0x00000200                        _Min_Heap_Size = 0x200
                0x00000400                        _Min_Stack_Size = 0x400

.isr_vector     0x08000000      0x198
                0x08000000                        . = ALIGN (0x4)
 *(.isr_vector)
 .isr_vector    0x08000000      0x198 ./Core/Startup/startup_stm32f411ceux.o
                0x08000000                g_pfnVectors
                0x08000198                        . = ALIGN (0x4)

.text           0x080001a0    0x1a718
                0x080001a0                        . = ALIGN (0x4)
 *(.text)
 .text          0x080001a0       0x40 C:/ST/STM32CubeIDE_1.18.1/STM32CubeIDE/plugins/com.st.stm32cube.ide.mcu.externaltools.gnu-tools-for-stm32.13.3.rel1.win32_1.0.0.202411081344/tools/bin/../lib/gcc/arm-none-eabi/13.3.1/thumb/v7e-m+fp/hard/crtbegin.o
 .text          0x080001e0       0x14 C:/ST/STM32CubeIDE_1.18.1/STM32CubeIDE/plugins/com.st.stm32cube.ide.mcu.externaltools.gnu-tools-for-stm32.13.3.rel1.win32_1.0.0.202411081344/tools/bin/../lib/gcc/arm-none-eabi/13.3.1/../../../../arm-none-eabi/lib/thumb/v7e-m+fp/hard\libc_nano.a(libc_a-strcmp.o)
                0x080001e0                strcmp
 .text          0x080001f4       0x10 C:/ST/STM32CubeIDE_1.18.1/STM32CubeIDE/plugins/com.st.stm32cube.ide.mcu.externaltools.gnu-tools-for-stm32.13.3.rel1.win32_1.0.0.202411081344/tools/bin/../lib/gcc/arm-none-eabi/13.3.1/../../../../arm-none-eabi/lib/thumb/v7e-m+fp/hard\libc_nano.a(libc_a-strlen.o)
                0x080001f4                strlen
 *fill*         0x08000204        0xc 
 .text          0x08000210       0xa0 C:/ST/STM32CubeIDE_1.18.1/STM32CubeIDE/plugins/com.st.stm32cube.ide.mcu.externaltools.gnu-tools-for-stm32.13.3.rel1.win32_1.0.0.202411081344/tools/bin/../lib/gcc/arm-none-eabi/13.3.1/../../../../arm-none-eabi/lib/thumb/v7e-m+fp/hard\libc_nano.a(libc_a-memchr.o)
                0x08000210                memchr
 .text          0x080002b0      0x254 C:/ST/STM32CubeIDE_1.18.1/STM32CubeIDE/plugins/com.st.stm32cube.ide.mcu.externaltools.gnu-tools-for-stm32.13.3.rel1.win32_1.0.0.202411081344/tools/bin/../lib/gcc/arm-none-eabi/13.3.1/thumb/v7e-m+fp/hard\libgcc.a(_arm_muldf3.o)
                0x080002b0                __muldf3
                0x080002b0                __aeabi_dmul
 .text          0x08000504      0x378 C:/ST/STM32CubeIDE_1.18.1/STM32CubeIDE/plugins/com.st.stm32cube.ide.mcu.externaltools.gnu-tools-for-stm32.13.3.rel1.win32_1.0.0.202411081344/tools/bin/../lib/gcc/arm-none-eabi/13.3.1/thumb/v7e-m+fp/hard\libgcc.a(_arm_addsubdf3.o)
                0x08000504                __aeabi_drsub
                0x0800050c                __aeabi_dsub
                0x0800050c                __subdf3
                0x08000510                __aeabi_dadd
                0x08000510                __adddf3
                0x08000788                __floatunsidf
                0x08000788                __aeabi_ui2d
                0x080007a8                __floatsidf
                0x080007a8                __aeabi_i2d
                0x080007cc                __aeabi_f2d
                0x080007cc                __extendsfdf2
                0x08000810                __floatundidf
                0x08000810                __aeabi_ul2d
                0x08000820                __floatdidf
                0x08000820                __aeabi_l2d
 .text          0x0800087c       0xa0 C:/ST/STM32CubeIDE_1.18.1/STM32CubeIDE/plugins/com.st.stm32cube.ide.mcu.externaltools.gnu-tools-for-stm32.13.3.rel1.win32_1.0.0.202411081344/tools/bin/../lib/gcc/arm-none-eabi/13.3.1/thumb/v7e-m+fp/hard\libgcc.a(_arm_truncdfsf2.o)
                0x0800087c                __truncdfsf2
                0x0800087c                __aeabi_d2f
 .text          0x0800091c       0x30 C:/ST/STM32CubeIDE_1.18.1/STM32CubeIDE/plugins/com.st.stm32cube.ide.mcu.externaltools.gnu-tools-for-stm32.13.3.rel1.win32_1.0.0.202411081344/tools/bin/../lib/gcc/arm-none-eabi/13.3.1/thumb/v7e-m+fp/hard\libgcc.a(_aeabi_uldivmod.o)
                0x0800091c                __aeabi_uldivmod
 .text          0x0800094c      0x2f8 C:/ST/STM32CubeIDE_1.18.1/STM32CubeIDE/plugins/com.st.stm32cube.ide.mcu.externaltools.gnu-tools-for-stm32.13.3.rel1.win32_1.0.0.202411081344/tools/bin/../lib/gcc/arm-none-eabi/13.3.1/thumb/v7e-m+fp/hard\libgcc.a(_udivmoddi4.o)
                0x0800094c                __udivmoddi4
 .text          0x08000c44        0x4 C:/ST/STM32CubeIDE_1.18.1/STM32CubeIDE/plugins/com.st.stm32cube.ide.mcu.externaltools.gnu-tools-for-stm32.13.3.rel1.win32_1.0.0.202411081344/tools/bin/../lib/gcc/arm-none-eabi/13.3.1/thumb/v7e-m+fp/hard\libgcc.a(_dvmd_tls.o)
                0x08000c44                __aeabi_idiv0
                0x08000c44                __aeabi_ldiv0
 *(.text*)
 .text.ESP01_SetWIFI
                0x08000c48       0x58 ./Core/Src/ESP01.o
                0x08000c48                ESP01_SetWIFI
 .text.ESP01_StartUDP
                0x08000ca0       0xd4 ./Core/Src/ESP01.o
                0x08000ca0                ESP01_StartUDP
 .text.ESP01_StateUDPTCP
                0x08000d74       0x38 ./Core/Src/ESP01.o
                0x08000d74                ESP01_StateUDPTCP
 .text.ESP01_WriteRX
                0x08000dac       0x50 ./Core/Src/ESP01.o
                0x08000dac                ESP01_WriteRX
 .text.ESP01_Send
                0x08000dfc      0x15c ./Core/Src/ESP01.o
                0x08000dfc                ESP01_Send
 .text.ESP01_Init
                0x08000f58       0x70 ./Core/Src/ESP01.o
                0x08000f58                ESP01_Init
 .text.ESP01_Timeout10ms
                0x08000fc8       0xb0 ./Core/Src/ESP01.o
                0x08000fc8                ESP01_Timeout10ms
 .text.ESP01_Task
                0x08001078      0x13c ./Core/Src/ESP01.o
                0x08001078                ESP01_Task
 .text.ESP01_AttachChangeState
                0x080011b4       0x20 ./Core/Src/ESP01.o
                0x080011b4                ESP01_AttachChangeState
 .text.ESP01_AttachDebugStr
                0x080011d4       0x20 ./Core/Src/ESP01.o
                0x080011d4                ESP01_AttachDebugStr
 .text.ESP01ATDecode
                0x080011f4      0x8cc ./Core/Src/ESP01.o
 .text.ESP01DOConnection
                0x08001ac0      0x68c ./Core/Src/ESP01.o
 .text.ESP01SENDData
                0x0800214c      0x130 ./Core/Src/ESP01.o
 .text.ESP01StrToBufTX
                0x0800227c       0x60 ./Core/Src/ESP01.o
 .text.ESP01ByteToBufTX
                0x080022dc       0x44 ./Core/Src/ESP01.o
 .text.ESP01_IsSending
                0x08002320       0x1c ./Core/Src/ESP01.o
                0x08002320                ESP01_IsSending
 .text.ESP01_USB_DbgStr
                0x0800233c       0x16 ./Core/Src/ESP01.o
                0x0800233c                ESP01_USB_DbgStr
 *fill*         0x08002352        0x2 
 .text.ESP01_NotifyStateChange
                0x08002354       0x34 ./Core/Src/ESP01.o
 .text.ESP01_InternalStateChange
                0x08002388      0x160 ./Core/Src/ESP01.o
 .text.MPU6050_RegisterPlatform
                0x080024e8       0x20 ./Core/Src/MPU6050.o
                0x080024e8                MPU6050_RegisterPlatform
 .text.MPU6050_Init
                0x08002508       0xe4 ./Core/Src/MPU6050.o
                0x08002508                MPU6050_Init
 .text.MPU6050_StartRead_DMA
                0x080025ec       0x30 ./Core/Src/MPU6050.o
                0x080025ec                MPU6050_StartRead_DMA
 .text.MPU6050_IsDataReady
                0x0800261c       0x18 ./Core/Src/MPU6050.o
                0x0800261c                MPU6050_IsDataReady
 .text.MPU6050_ClearDataReady
                0x08002634       0x18 ./Core/Src/MPU6050.o
                0x08002634                MPU6050_ClearDataReady
 .text.MPU6050_GetAccel
                0x0800264c       0x54 ./Core/Src/MPU6050.o
                0x0800264c                MPU6050_GetAccel
 .text.MPU6050_GetGyro
                0x080026a0       0x54 ./Core/Src/MPU6050.o
                0x080026a0                MPU6050_GetGyro
 .text.MPU6050_ProcessDMA
                0x080026f4      0x1b0 ./Core/Src/MPU6050.o
                0x080026f4                MPU6050_ProcessDMA
 .text.MPU6050_Calibrate
                0x080028a4      0x190 ./Core/Src/MPU6050.o
                0x080028a4                MPU6050_Calibrate
 .text.UNER_Init
                0x08002a34       0xd4 ./Core/Src/UNER.o
                0x08002a34                UNER_Init
 .text.UNER_PushByte
                0x08002b08       0x4c ./Core/Src/UNER.o
                0x08002b08                UNER_PushByte
 .text.UNER_Task
                0x08002b54      0x288 ./Core/Src/UNER.o
                0x08002b54                UNER_Task
 .text.putHeaderOnTx
                0x08002ddc      0x160 ./Core/Src/UNER.o
                0x08002ddc                putHeaderOnTx
 .text.putByteOnTx
                0x08002f3c       0x50 ./Core/Src/UNER.o
                0x08002f3c                putByteOnTx
 .text.putStrOntx
                0x08002f8c       0x84 ./Core/Src/UNER.o
                0x08002f8c                putStrOntx
 .text.getByteFromRx
                0x08003010       0x68 ./Core/Src/UNER.o
                0x08003010                getByteFromRx
 .text.decodeCommand
                0x08003078     0x16c0 ./Core/Src/UNER.o
                0x08003078                decodeCommand
 .text.UNER_SendAlive
                0x08004738       0x8c ./Core/Src/UNER.o
                0x08004738                UNER_SendAlive
 .text.UNER_SendAllSensors
                0x080047c4      0x380 ./Core/Src/UNER.o
                0x080047c4                UNER_SendAllSensors
 .text.UNER_ShouldSendAllSensors
                0x08004b44       0x18 ./Core/Src/UNER.o
                0x08004b44                UNER_ShouldSendAllSensors
 .text.UNER_RegisterADCBuffer
                0x08004b5c       0x2c ./Core/Src/UNER.o
                0x08004b5c                UNER_RegisterADCBuffer
 .text.UNER_RegisterMotorSpeed
                0x08004b88       0x2c ./Core/Src/UNER.o
                0x08004b88                UNER_RegisterMotorSpeed
 .text.UNER_RegisterProportionalControl
                0x08004bb4       0x44 ./Core/Src/UNER.o
                0x08004bb4                UNER_RegisterProportionalControl
 .text.UNER_RegisterAngle
                0x08004bf8       0x2c ./Core/Src/UNER.o
                0x08004bf8                UNER_RegisterAngle
 .text.UNER_RegisterSteering
                0x08004c24       0x20 ./Core/Src/UNER.o
                0x08004c24                UNER_RegisterSteering
 .text.UNER_RegisterRobotState
                0x08004c44       0x20 ./Core/Src/UNER.o
                0x08004c44                UNER_RegisterRobotState
 .text.UNER_RegisterFlags
                0x08004c64       0x44 ./Core/Src/UNER.o
                0x08004c64                UNER_RegisterFlags
 .text.UNER_RegisterLineControl
                0x08004ca8       0x4c ./Core/Src/UNER.o
                0x08004ca8                UNER_RegisterLineControl
 .text.UNER_RegisterManualControl
                0x08004cf4       0x38 ./Core/Src/UNER.o
                0x08004cf4                UNER_RegisterManualControl
 .text.UNER_RegisterSetpointTrim
                0x08004d2c       0x20 ./Core/Src/UNER.o
                0x08004d2c                UNER_RegisterSetpointTrim
 .text.UNER_SendData
                0x08004d4c       0xc4 ./Core/Src/UNER.o
                0x08004d4c                UNER_SendData
 .text.UNER_SendWifiLogData
                0x08004e10       0x98 ./Core/Src/UNER.o
                0x08004e10                UNER_SendWifiLogData
 .text.UNER_GetLastManualCmd
                0x08004ea8       0x18 ./Core/Src/UNER.o
                0x08004ea8                UNER_GetLastManualCmd
 .text.micros   0x08004ec0       0x30 ./Core/Src/main.o
 .text.HAL_TIM_PeriodElapsedCallback
                0x08004ef0       0x6c ./Core/Src/main.o
                0x08004ef0                HAL_TIM_PeriodElapsedCallback
 .text.HAL_I2C_MemRxCpltCallback
                0x08004f5c       0x34 ./Core/Src/main.o
                0x08004f5c                HAL_I2C_MemRxCpltCallback
 .text.HAL_I2C_MasterTxCpltCallback
                0x08004f90       0x34 ./Core/Src/main.o
                0x08004f90                HAL_I2C_MasterTxCpltCallback
 .text.HAL_I2C_ErrorCallback
                0x08004fc4       0x34 ./Core/Src/main.o
                0x08004fc4                HAL_I2C_ErrorCallback
 .text.HAL_UART_RxCpltCallback
                0x08004ff8       0x3c ./Core/Src/main.o
                0x08004ff8                HAL_UART_RxCpltCallback
 .text.USBRxData
                0x08005034       0x2c ./Core/Src/main.o
                0x08005034                USBRxData
 .text.USB_DebugSend
                0x08005060       0x42 ./Core/Src/main.o
                0x08005060                USB_DebugSend
 .text.USB_DebugStr
                0x080050a2       0x22 ./Core/Src/main.o
                0x080050a2                USB_DebugStr
 .text.USB_DebugHex
                0x080050c4       0x3c ./Core/Src/main.o
                0x080050c4                USB_DebugHex
 .text.USB_DebugUInt
                0x08005100       0x88 ./Core/Src/main.o
                0x08005100                USB_DebugUInt
 .text.USB_Debug
                0x08005188      0x148 ./Core/Src/main.o
                0x08005188                USB_Debug
 .text.usb_enqueue_tx
                0x080052d0       0x80 ./Core/Src/main.o
                0x080052d0                usb_enqueue_tx
 .text.usb_service_tx
                0x08005350       0xd4 ./Core/Src/main.o
                0x08005350                usb_service_tx
 .text.uart_send_byte
                0x08005424       0x30 ./Core/Src/main.o
 .text.PWM_init
                0x08005454       0x50 ./Core/Src/main.o
                0x08005454                PWM_init
 .text.MotorControl
                0x080054a4      0x17c ./Core/Src/main.o
                0x080054a4                MotorControl
 .text.my_ssd1306_init
                0x08005620       0x14 ./Core/Src/main.o
                0x08005620                my_ssd1306_init
 .text.my_ssd1306_write_cmd
                0x08005634       0x58 ./Core/Src/main.o
                0x08005634                my_ssd1306_write_cmd
 .text.my_ssd1306_write_data
                0x0800568c       0x74 ./Core/Src/main.o
                0x0800568c                my_ssd1306_write_data
 .text.ssd1306_dma_done_cb
                0x08005700       0x48 ./Core/Src/main.o
 .text.my_ssd1306_write_data_async
                0x08005748       0xc4 ./Core/Src/main.o
                0x08005748                my_ssd1306_write_data_async
 .text.my_ssd1306_is_busy
                0x0800580c       0x20 ./Core/Src/main.o
                0x0800580c                my_ssd1306_is_busy
 .text.my_ssd1306_errorCb
                0x0800582c       0x44 ./Core/Src/main.o
                0x0800582c                my_ssd1306_errorCb
 .text.my_ssd1306_delay_ms
                0x08005870       0x18 ./Core/Src/main.o
                0x08005870                my_ssd1306_delay_ms
 .text.mpu_writeReg
                0x08005888       0x5c ./Core/Src/main.o
                0x08005888                mpu_writeReg
 .text.mpu_readReg
                0x080058e4       0x5c ./Core/Src/main.o
                0x080058e4                mpu_readReg
 .text.mpu_dma_done_cb
                0x08005940       0x50 ./Core/Src/main.o
 .text.mpu_readRegDMA
                0x08005990       0xb0 ./Core/Src/main.o
                0x08005990                mpu_readRegDMA
 .text.mpu_delayMs
                0x08005a40       0x18 ./Core/Src/main.o
                0x08005a40                mpu_delayMs
 .text.mpu_errorCb
                0x08005a58       0x28 ./Core/Src/main.o
                0x08005a58                mpu_errorCb
 .text.HAL_GPIO_EXTI_Callback
                0x08005a80       0x58 ./Core/Src/main.o
                0x08005a80                HAL_GPIO_EXTI_Callback
 .text.UpdateADC_MovingAverage
                0x08005ad8       0xd4 ./Core/Src/main.o
                0x08005ad8                UpdateADC_MovingAverage
 .text.esp01_chpd
                0x08005bac       0x2c ./Core/Src/main.o
 .text.appOnESP01ChangeState
                0x08005bd8       0x6c ./Core/Src/main.o
                0x08005bd8                appOnESP01ChangeState
 .text.ProcessEspRxLimited
                0x08005c44       0x68 ./Core/Src/main.o
                0x08005c44                ProcessEspRxLimited
 .text.clampf_local
                0x08005cac       0x52 ./Core/Src/main.o
 *fill*         0x08005cfe        0x2 
 .text.apply_deadbandf
                0x08005d00       0x68 ./Core/Src/main.o
 .text.UpdateVelocityEstimate
                0x08005d68       0x94 ./Core/Src/main.o
 .text.ComputeBrakeSetpointTarget
                0x08005dfc       0xc0 ./Core/Src/main.o
 .text.FormatSignedFixed
                0x08005ebc      0x148 ./Core/Src/main.o
 .text.updateDisplay
                0x08006004     0x24c0 ./Core/Src/main.o
                0x08006004                updateDisplay
 *fill*         0x080084c4        0x4 
 .text.ControlStep10ms
                0x080084c8     0x2bc8 ./Core/Src/main.o
 .text.main     0x0800b090      0x744 ./Core/Src/main.o
                0x0800b090                main
 .text.SystemClock_Config
                0x0800b7d4       0xd0 ./Core/Src/main.o
                0x0800b7d4                SystemClock_Config
 .text.MX_ADC1_Init
                0x0800b8a4      0x168 ./Core/Src/main.o
 .text.MX_I2C1_Init
                0x0800ba0c       0x5c ./Core/Src/main.o
 .text.MX_TIM1_Init
                0x0800ba68       0xa0 ./Core/Src/main.o
 .text.MX_TIM2_Init
                0x0800bb08       0x98 ./Core/Src/main.o
 .text.MX_TIM3_Init
                0x0800bba0       0xc8 ./Core/Src/main.o
 .text.MX_TIM4_Init
                0x0800bc68       0xc8 ./Core/Src/main.o
 .text.MX_TIM5_Init
                0x0800bd30       0x9c ./Core/Src/main.o
 .text.MX_USART1_UART_Init
                0x0800bdcc       0x54 ./Core/Src/main.o
 .text.MX_DMA_Init
                0x0800be20       0x7c ./Core/Src/main.o
 .text.MX_GPIO_Init
                0x0800be9c      0x138 ./Core/Src/main.o
 .text.Error_Handler
                0x0800bfd4       0x34 ./Core/Src/main.o
                0x0800bfd4                Error_Handler
 .text.SSD1306_RegisterPlatform
                0x0800c008       0x20 ./Core/Src/ssd1306.o
                0x0800c008                SSD1306_RegisterPlatform
 .text.SSD1306_Platform_Init
                0x0800c028       0x1c ./Core/Src/ssd1306.o
                0x0800c028                SSD1306_Platform_Init
 .text.SSD1306_Platform_DelayMs
                0x0800c044       0x28 ./Core/Src/ssd1306.o
                0x0800c044                SSD1306_Platform_DelayMs
 .text.SSD1306_Platform_IsBusy
                0x0800c06c       0x20 ./Core/Src/ssd1306.o
                0x0800c06c                SSD1306_Platform_IsBusy
 .text.SSD1306_Platform_WriteDataAsync
                0x0800c08c       0x2c ./Core/Src/ssd1306.o
                0x0800c08c                SSD1306_Platform_WriteDataAsync
 .text.SSD1306_DrawBitmap
                0x0800c0b8       0xd0 ./Core/Src/ssd1306.o
                0x0800c0b8                SSD1306_DrawBitmap
 .text.SSD1306_Init
                0x0800c188      0x248 ./Core/Src/ssd1306.o
                0x0800c188                SSD1306_Init
 .text.SSD1306_UpdateScreen_Blocking
                0x0800c3d0       0x7c ./Core/Src/ssd1306.o
                0x0800c3d0                SSD1306_UpdateScreen_Blocking
 .text.SSD1306_UpdateScreen
                0x0800c44c      0x168 ./Core/Src/ssd1306.o
                0x0800c44c                SSD1306_UpdateScreen
 .text.SSD1306_Fill
                0x0800c5b4       0x30 ./Core/Src/ssd1306.o
                0x0800c5b4                SSD1306_Fill
 .text.SSD1306_DrawPixel
                0x0800c5e4       0xc0 ./Core/Src/ssd1306.o
                0x0800c5e4                SSD1306_DrawPixel
 .text.SSD1306_GotoXY
                0x0800c6a4       0x2c ./Core/Src/ssd1306.o
                0x0800c6a4                SSD1306_GotoXY
 .text.SSD1306_Putc
                0x0800c6d0       0xfc ./Core/Src/ssd1306.o
                0x0800c6d0                SSD1306_Putc
 .text.SSD1306_Puts
                0x0800c7cc       0x4a ./Core/Src/ssd1306.o
                0x0800c7cc                SSD1306_Puts
 .text.SSD1306_DrawLine
                0x0800c816      0x1f6 ./Core/Src/ssd1306.o
                0x0800c816                SSD1306_DrawLine
 .text.SSD1306_DrawFilledRectangle
                0x0800ca0c       0x9a ./Core/Src/ssd1306.o
                0x0800ca0c                SSD1306_DrawFilledRectangle
 *fill*         0x0800caa6        0x2 
 .text.SSD1306_RequestUpdate
                0x0800caa8       0x3c ./Core/Src/ssd1306.o
                0x0800caa8                SSD1306_RequestUpdate
 .text.SSD1306_IsUpdateDone
                0x0800cae4       0x18 ./Core/Src/ssd1306.o
                0x0800cae4                SSD1306_IsUpdateDone
 .text.SSD1306_ResetUpdateState
                0x0800cafc       0x2c ./Core/Src/ssd1306.o
                0x0800cafc                SSD1306_ResetUpdateState
 .text.SSD1306_DrawChar5x7
                0x0800cb28       0xbc ./Core/Src/ssd1306.o
                0x0800cb28                SSD1306_DrawChar5x7
 .text.HAL_MspInit
                0x0800cbe4       0x50 ./Core/Src/stm32f4xx_hal_msp.o
                0x0800cbe4                HAL_MspInit
 .text.HAL_ADC_MspInit
                0x0800cc34      0x138 ./Core/Src/stm32f4xx_hal_msp.o
                0x0800cc34                HAL_ADC_MspInit
 .text.HAL_I2C_MspInit
                0x0800cd6c      0x178 ./Core/Src/stm32f4xx_hal_msp.o
                0x0800cd6c                HAL_I2C_MspInit
 .text.HAL_TIM_Base_MspInit
                0x0800cee4       0xf4 ./Core/Src/stm32f4xx_hal_msp.o
                0x0800cee4                HAL_TIM_Base_MspInit
 .text.HAL_TIM_PWM_MspInit
                0x0800cfd8       0x8c ./Core/Src/stm32f4xx_hal_msp.o
                0x0800cfd8                HAL_TIM_PWM_MspInit
 .text.HAL_TIM_MspPostInit
                0x0800d064       0xc0 ./Core/Src/stm32f4xx_hal_msp.o
                0x0800d064                HAL_TIM_MspPostInit
 .text.HAL_UART_MspInit
                0x0800d124       0xa0 ./Core/Src/stm32f4xx_hal_msp.o
                0x0800d124                HAL_UART_MspInit
 .text.NMI_Handler
                0x0800d1c4        0x8 ./Core/Src/stm32f4xx_it.o
                0x0800d1c4                NMI_Handler
 .text.HardFault_Handler
                0x0800d1cc        0x8 ./Core/Src/stm32f4xx_it.o
                0x0800d1cc                HardFault_Handler
 .text.MemManage_Handler
                0x0800d1d4        0x8 ./Core/Src/stm32f4xx_it.o
                0x0800d1d4                MemManage_Handler
 .text.BusFault_Handler
                0x0800d1dc        0x8 ./Core/Src/stm32f4xx_it.o
                0x0800d1dc                BusFault_Handler
 .text.UsageFault_Handler
                0x0800d1e4        0x8 ./Core/Src/stm32f4xx_it.o
                0x0800d1e4                UsageFault_Handler
 .text.SVC_Handler
                0x0800d1ec        0xe ./Core/Src/stm32f4xx_it.o
                0x0800d1ec                SVC_Handler
 .text.DebugMon_Handler
                0x0800d1fa        0xe ./Core/Src/stm32f4xx_it.o
                0x0800d1fa                DebugMon_Handler
 .text.PendSV_Handler
                0x0800d208        0xe ./Core/Src/stm32f4xx_it.o
                0x0800d208                PendSV_Handler
 .text.SysTick_Handler
                0x0800d216        0xc ./Core/Src/stm32f4xx_it.o
                0x0800d216                SysTick_Handler
 *fill*         0x0800d222        0x2 
 .text.DMA1_Stream0_IRQHandler
                0x0800d224       0x14 ./Core/Src/stm32f4xx_it.o
                0x0800d224                DMA1_Stream0_IRQHandler
 .text.DMA1_Stream1_IRQHandler
                0x0800d238       0x14 ./Core/Src/stm32f4xx_it.o
                0x0800d238                DMA1_Stream1_IRQHandler
 .text.ADC_IRQHandler
                0x0800d24c       0x14 ./Core/Src/stm32f4xx_it.o
                0x0800d24c                ADC_IRQHandler
 .text.TIM1_BRK_TIM9_IRQHandler
                0x0800d260       0x14 ./Core/Src/stm32f4xx_it.o
                0x0800d260                TIM1_BRK_TIM9_IRQHandler
 .text.TIM1_UP_TIM10_IRQHandler
                0x0800d274       0x14 ./Core/Src/stm32f4xx_it.o
                0x0800d274                TIM1_UP_TIM10_IRQHandler
 .text.TIM1_TRG_COM_TIM11_IRQHandler
                0x0800d288       0x14 ./Core/Src/stm32f4xx_it.o
                0x0800d288                TIM1_TRG_COM_TIM11_IRQHandler
 .text.TIM1_CC_IRQHandler
                0x0800d29c       0x14 ./Core/Src/stm32f4xx_it.o
                0x0800d29c                TIM1_CC_IRQHandler
 .text.TIM2_IRQHandler
                0x0800d2b0       0x14 ./Core/Src/stm32f4xx_it.o
                0x0800d2b0                TIM2_IRQHandler
 .text.TIM3_IRQHandler
                0x0800d2c4       0x14 ./Core/Src/stm32f4xx_it.o
                0x0800d2c4                TIM3_IRQHandler
 .text.TIM4_IRQHandler
                0x0800d2d8       0x14 ./Core/Src/stm32f4xx_it.o
                0x0800d2d8                TIM4_IRQHandler
 .text.I2C1_EV_IRQHandler
                0x0800d2ec       0x14 ./Core/Src/stm32f4xx_it.o
                0x0800d2ec                I2C1_EV_IRQHandler
 .text.I2C1_ER_IRQHandler
                0x0800d300       0x14 ./Core/Src/stm32f4xx_it.o
                0x0800d300                I2C1_ER_IRQHandler
 .text.USART1_IRQHandler
                0x0800d314       0x14 ./Core/Src/stm32f4xx_it.o
                0x0800d314                USART1_IRQHandler
 .text.EXTI15_10_IRQHandler
                0x0800d328       0x10 ./Core/Src/stm32f4xx_it.o
                0x0800d328                EXTI15_10_IRQHandler
 .text.TIM5_IRQHandler
                0x0800d338       0x14 ./Core/Src/stm32f4xx_it.o
                0x0800d338                TIM5_IRQHandler
 .text.DMA2_Stream0_IRQHandler
                0x0800d34c       0x14 ./Core/Src/stm32f4xx_it.o
                0x0800d34c                DMA2_Stream0_IRQHandler
 .text.OTG_FS_IRQHandler
                0x0800d360       0x14 ./Core/Src/stm32f4xx_it.o
                0x0800d360                OTG_FS_IRQHandler
 .text._sbrk    0x0800d374       0x6c ./Core/Src/sysmem.o
                0x0800d374                _sbrk
 .text.SystemInit
                0x0800d3e0       0x24 ./Core/Src/system_stm32f4xx.o
                0x0800d3e0                SystemInit
 .text.Reset_Handler
                0x0800d404       0x50 ./Core/Startup/startup_stm32f411ceux.o
                0x0800d404                Reset_Handler
 .text.Default_Handler
                0x0800d454        0x2 ./Core/Startup/startup_stm32f411ceux.o
                0x0800d454                RTC_Alarm_IRQHandler
                0x0800d454                EXTI2_IRQHandler
                0x0800d454                SPI4_IRQHandler
                0x0800d454                DMA2_Stream5_IRQHandler
                0x0800d454                DMA1_Stream5_IRQHandler
                0x0800d454                PVD_IRQHandler
                0x0800d454                SDIO_IRQHandler
                0x0800d454                TAMP_STAMP_IRQHandler
                0x0800d454                EXTI3_IRQHandler
                0x0800d454                I2C3_ER_IRQHandler
                0x0800d454                EXTI0_IRQHandler
                0x0800d454                I2C2_EV_IRQHandler
                0x0800d454                DMA1_Stream2_IRQHandler
                0x0800d454                FPU_IRQHandler
                0x0800d454                DMA2_Stream2_IRQHandler
                0x0800d454                SPI1_IRQHandler
                0x0800d454                DMA2_Stream3_IRQHandler
                0x0800d454                USART6_IRQHandler
                0x0800d454                DMA1_Stream6_IRQHandler
                0x0800d454                RCC_IRQHandler
                0x0800d454                Default_Handler
                0x0800d454                DMA1_Stream7_IRQHandler
                0x0800d454                SPI5_IRQHandler
                0x0800d454                DMA2_Stream7_IRQHandler
                0x0800d454                I2C3_EV_IRQHandler
                0x0800d454                EXTI9_5_IRQHandler
                0x0800d454                RTC_WKUP_IRQHandler
                0x0800d454                SPI2_IRQHandler
                0x0800d454                EXTI4_IRQHandler
                0x0800d454                WWDG_IRQHandler
                0x0800d454                OTG_FS_WKUP_IRQHandler
                0x0800d454                EXTI1_IRQHandler
                0x0800d454                USART2_IRQHandler
                0x0800d454                I2C2_ER_IRQHandler
                0x0800d454                DMA2_Stream1_IRQHandler
                0x0800d454                FLASH_IRQHandler
                0x0800d454                DMA2_Stream4_IRQHandler
                0x0800d454                SPI3_IRQHandler
                0x0800d454                DMA1_Stream4_IRQHandler
                0x0800d454                DMA2_Stream6_IRQHandler
                0x0800d454                DMA1_Stream3_IRQHandler
 *fill*         0x0800d456        0x2 
 .text.HAL_Init
                0x0800d458       0x44 ./Drivers/STM32F4xx_HAL_Driver/Src/stm32f4xx_hal.o
                0x0800d458                HAL_Init
 .text.HAL_InitTick
                0x0800d49c       0x60 ./Drivers/STM32F4xx_HAL_Driver/Src/stm32f4xx_hal.o
                0x0800d49c                HAL_InitTick
 .text.HAL_IncTick
                0x0800d4fc       0x28 ./Drivers/STM32F4xx_HAL_Driver/Src/stm32f4xx_hal.o
                0x0800d4fc                HAL_IncTick
 .text.HAL_GetTick
                0x0800d524       0x18 ./Drivers/STM32F4xx_HAL_Driver/Src/stm32f4xx_hal.o
                0x0800d524                HAL_GetTick
 .text.HAL_Delay
                0x0800d53c       0x48 ./Drivers/STM32F4xx_HAL_Driver/Src/stm32f4xx_hal.o
                0x0800d53c                HAL_Delay
 .text.HAL_ADC_Init
                0x0800d584       0x86 ./Drivers/STM32F4xx_HAL_Driver/Src/stm32f4xx_hal_adc.o
                0x0800d584                HAL_ADC_Init
 .text.HAL_ADC_IRQHandler
                0x0800d60a      0x220 ./Drivers/STM32F4xx_HAL_Driver/Src/stm32f4xx_hal_adc.o
                0x0800d60a                HAL_ADC_IRQHandler
 *fill*         0x0800d82a        0x2 
 .text.HAL_ADC_Start_DMA
                0x0800d82c      0x1e8 ./Drivers/STM32F4xx_HAL_Driver/Src/stm32f4xx_hal_adc.o
                0x0800d82c                HAL_ADC_Start_DMA
 .text.HAL_ADC_ConvCpltCallback
                0x0800da14       0x14 ./Drivers/STM32F4xx_HAL_Driver/Src/stm32f4xx_hal_adc.o
                0x0800da14                HAL_ADC_ConvCpltCallback
 .text.HAL_ADC_ConvHalfCpltCallback
                0x0800da28       0x14 ./Drivers/STM32F4xx_HAL_Driver/Src/stm32f4xx_hal_adc.o
                0x0800da28                HAL_ADC_ConvHalfCpltCallback
 .text.HAL_ADC_LevelOutOfWindowCallback
                0x0800da3c       0x14 ./Drivers/STM32F4xx_HAL_Driver/Src/stm32f4xx_hal_adc.o
                0x0800da3c                HAL_ADC_LevelOutOfWindowCallback
 .text.HAL_ADC_ErrorCallback
                0x0800da50       0x14 ./Drivers/STM32F4xx_HAL_Driver/Src/stm32f4xx_hal_adc.o
                0x0800da50                HAL_ADC_ErrorCallback
 .text.HAL_ADC_ConfigChannel
                0x0800da64      0x264 ./Drivers/STM32F4xx_HAL_Driver/Src/stm32f4xx_hal_adc.o
                0x0800da64                HAL_ADC_ConfigChannel
 .text.ADC_Init
                0x0800dcc8      0x1f8 ./Drivers/STM32F4xx_HAL_Driver/Src/stm32f4xx_hal_adc.o
 .text.ADC_DMAConvCplt
                0x0800dec0       0xba ./Drivers/STM32F4xx_HAL_Driver/Src/stm32f4xx_hal_adc.o
 .text.ADC_DMAHalfConvCplt
                0x0800df7a       0x1c ./Drivers/STM32F4xx_HAL_Driver/Src/stm32f4xx_hal_adc.o
 .text.ADC_DMAError
                0x0800df96       0x2e ./Drivers/STM32F4xx_HAL_Driver/Src/stm32f4xx_hal_adc.o
 .text.HAL_ADCEx_InjectedConvCpltCallback
                0x0800dfc4       0x14 ./Drivers/STM32F4xx_HAL_Driver/Src/stm32f4xx_hal_adc_ex.o
                0x0800dfc4                HAL_ADCEx_InjectedConvCpltCallback
 .text.__NVIC_SetPriorityGrouping
                0x0800dfd8       0x48 ./Drivers/STM32F4xx_HAL_Driver/Src/stm32f4xx_hal_cortex.o
 .text.__NVIC_GetPriorityGrouping
                0x0800e020       0x1c ./Drivers/STM32F4xx_HAL_Driver/Src/stm32f4xx_hal_cortex.o
 .text.__NVIC_EnableIRQ
                0x0800e03c       0x3c ./Drivers/STM32F4xx_HAL_Driver/Src/stm32f4xx_hal_cortex.o
 .text.__NVIC_SetPriority
                0x0800e078       0x54 ./Drivers/STM32F4xx_HAL_Driver/Src/stm32f4xx_hal_cortex.o
 .text.NVIC_EncodePriority
                0x0800e0cc       0x66 ./Drivers/STM32F4xx_HAL_Driver/Src/stm32f4xx_hal_cortex.o
 *fill*         0x0800e132        0x2 
 .text.SysTick_Config
                0x0800e134       0x44 ./Drivers/STM32F4xx_HAL_Driver/Src/stm32f4xx_hal_cortex.o
 .text.HAL_NVIC_SetPriorityGrouping
                0x0800e178       0x16 ./Drivers/STM32F4xx_HAL_Driver/Src/stm32f4xx_hal_cortex.o
                0x0800e178                HAL_NVIC_SetPriorityGrouping
 .text.HAL_NVIC_SetPriority
                0x0800e18e       0x38 ./Drivers/STM32F4xx_HAL_Driver/Src/stm32f4xx_hal_cortex.o
                0x0800e18e                HAL_NVIC_SetPriority
 .text.HAL_NVIC_EnableIRQ
                0x0800e1c6       0x1c ./Drivers/STM32F4xx_HAL_Driver/Src/stm32f4xx_hal_cortex.o
                0x0800e1c6                HAL_NVIC_EnableIRQ
 .text.HAL_SYSTICK_Config
                0x0800e1e2       0x18 ./Drivers/STM32F4xx_HAL_Driver/Src/stm32f4xx_hal_cortex.o
                0x0800e1e2                HAL_SYSTICK_Config
 *fill*         0x0800e1fa        0x2 
 .text.HAL_DMA_Init
                0x0800e1fc      0x15c ./Drivers/STM32F4xx_HAL_Driver/Src/stm32f4xx_hal_dma.o
                0x0800e1fc                HAL_DMA_Init
 .text.HAL_DMA_Start_IT
                0x0800e358       0xb0 ./Drivers/STM32F4xx_HAL_Driver/Src/stm32f4xx_hal_dma.o
                0x0800e358                HAL_DMA_Start_IT
 .text.HAL_DMA_Abort
                0x0800e408       0xe0 ./Drivers/STM32F4xx_HAL_Driver/Src/stm32f4xx_hal_dma.o
                0x0800e408                HAL_DMA_Abort
 .text.HAL_DMA_Abort_IT
                0x0800e4e8       0x44 ./Drivers/STM32F4xx_HAL_Driver/Src/stm32f4xx_hal_dma.o
                0x0800e4e8                HAL_DMA_Abort_IT
 .text.HAL_DMA_IRQHandler
                0x0800e52c      0x314 ./Drivers/STM32F4xx_HAL_Driver/Src/stm32f4xx_hal_dma.o
                0x0800e52c                HAL_DMA_IRQHandler
 .text.HAL_DMA_GetState
                0x0800e840       0x1c ./Drivers/STM32F4xx_HAL_Driver/Src/stm32f4xx_hal_dma.o
                0x0800e840                HAL_DMA_GetState
 .text.DMA_SetConfig
                0x0800e85c       0x5c ./Drivers/STM32F4xx_HAL_Driver/Src/stm32f4xx_hal_dma.o
 .text.DMA_CalcBaseAndBitshift
                0x0800e8b8       0x6c ./Drivers/STM32F4xx_HAL_Driver/Src/stm32f4xx_hal_dma.o
 .text.DMA_CheckFifoParam
                0x0800e924       0xf8 ./Drivers/STM32F4xx_HAL_Driver/Src/stm32f4xx_hal_dma.o
 .text.HAL_GPIO_Init
                0x0800ea1c      0x308 ./Drivers/STM32F4xx_HAL_Driver/Src/stm32f4xx_hal_gpio.o
                0x0800ea1c                HAL_GPIO_Init
 .text.HAL_GPIO_ReadPin
                0x0800ed24       0x30 ./Drivers/STM32F4xx_HAL_Driver/Src/stm32f4xx_hal_gpio.o
                0x0800ed24                HAL_GPIO_ReadPin
 .text.HAL_GPIO_WritePin
                0x0800ed54       0x32 ./Drivers/STM32F4xx_HAL_Driver/Src/stm32f4xx_hal_gpio.o
                0x0800ed54                HAL_GPIO_WritePin
 .text.HAL_GPIO_TogglePin
                0x0800ed86       0x34 ./Drivers/STM32F4xx_HAL_Driver/Src/stm32f4xx_hal_gpio.o
                0x0800ed86                HAL_GPIO_TogglePin
 *fill*         0x0800edba        0x2 
 .text.HAL_GPIO_EXTI_IRQHandler
                0x0800edbc       0x30 ./Drivers/STM32F4xx_HAL_Driver/Src/stm32f4xx_hal_gpio.o
                0x0800edbc                HAL_GPIO_EXTI_IRQHandler
 .text.HAL_I2C_Init
                0x0800edec      0x288 ./Drivers/STM32F4xx_HAL_Driver/Src/stm32f4xx_hal_i2c.o
                0x0800edec                HAL_I2C_Init
 .text.I2C_Flush_DR
                0x0800f074       0x2a ./Drivers/STM32F4xx_HAL_Driver/Src/stm32f4xx_hal_i2c.o
 *fill*         0x0800f09e        0x2 
 .text.HAL_I2C_Master_Transmit
                0x0800f0a0      0x1fc ./Drivers/STM32F4xx_HAL_Driver/Src/stm32f4xx_hal_i2c.o
                0x0800f0a0                HAL_I2C_Master_Transmit
 .text.HAL_I2C_Mem_Write
                0x0800f29c      0x1f4 ./Drivers/STM32F4xx_HAL_Driver/Src/stm32f4xx_hal_i2c.o
                0x0800f29c                HAL_I2C_Mem_Write
 .text.HAL_I2C_Mem_Read
                0x0800f490      0x464 ./Drivers/STM32F4xx_HAL_Driver/Src/stm32f4xx_hal_i2c.o
                0x0800f490                HAL_I2C_Mem_Read
 .text.HAL_I2C_EV_IRQHandler
                0x0800f8f4      0x2e2 ./Drivers/STM32F4xx_HAL_Driver/Src/stm32f4xx_hal_i2c.o
                0x0800f8f4                HAL_I2C_EV_IRQHandler
 .text.HAL_I2C_ER_IRQHandler
                0x0800fbd6      0x14e ./Drivers/STM32F4xx_HAL_Driver/Src/stm32f4xx_hal_i2c.o
                0x0800fbd6                HAL_I2C_ER_IRQHandler
 .text.HAL_I2C_MasterRxCpltCallback
                0x0800fd24       0x14 ./Drivers/STM32F4xx_HAL_Driver/Src/stm32f4xx_hal_i2c.o
                0x0800fd24                HAL_I2C_MasterRxCpltCallback
 .text.HAL_I2C_SlaveTxCpltCallback
                0x0800fd38       0x14 ./Drivers/STM32F4xx_HAL_Driver/Src/stm32f4xx_hal_i2c.o
                0x0800fd38                HAL_I2C_SlaveTxCpltCallback
 .text.HAL_I2C_SlaveRxCpltCallback
                0x0800fd4c       0x14 ./Drivers/STM32F4xx_HAL_Driver/Src/stm32f4xx_hal_i2c.o
                0x0800fd4c                HAL_I2C_SlaveRxCpltCallback
 .text.HAL_I2C_AddrCallback
                0x0800fd60       0x1c ./Drivers/STM32F4xx_HAL_Driver/Src/stm32f4xx_hal_i2c.o
                0x0800fd60                HAL_I2C_AddrCallback
 .text.HAL_I2C_ListenCpltCallback
                0x0800fd7c       0x14 ./Drivers/STM32F4xx_HAL_Driver/Src/stm32f4xx_hal_i2c.o
                0x0800fd7c                HAL_I2C_ListenCpltCallback
 .text.HAL_I2C_MemTxCpltCallback
                0x0800fd90       0x14 ./Drivers/STM32F4xx_HAL_Driver/Src/stm32f4xx_hal_i2c.o
                0x0800fd90                HAL_I2C_MemTxCpltCallback
 .text.HAL_I2C_AbortCpltCallback
                0x0800fda4       0x14 ./Drivers/STM32F4xx_HAL_Driver/Src/stm32f4xx_hal_i2c.o
                0x0800fda4                HAL_I2C_AbortCpltCallback
 .text.I2C_MasterTransmit_TXE
                0x0800fdb8      0x138 ./Drivers/STM32F4xx_HAL_Driver/Src/stm32f4xx_hal_i2c.o
 .text.I2C_MasterTransmit_BTF
                0x0800fef0       0xec ./Drivers/STM32F4xx_HAL_Driver/Src/stm32f4xx_hal_i2c.o
 .text.I2C_MemoryTransmit_TXE_BTF
                0x0800ffdc      0x130 ./Drivers/STM32F4xx_HAL_Driver/Src/stm32f4xx_hal_i2c.o
 .text.I2C_MasterReceive_RXNE
                0x0801010c      0x190 ./Drivers/STM32F4xx_HAL_Driver/Src/stm32f4xx_hal_i2c.o
 .text.I2C_MasterReceive_BTF
                0x0801029c      0x1e2 ./Drivers/STM32F4xx_HAL_Driver/Src/stm32f4xx_hal_i2c.o
 .text.I2C_Master_SB
                0x0801047e      0x10c ./Drivers/STM32F4xx_HAL_Driver/Src/stm32f4xx_hal_i2c.o
 .text.I2C_Master_ADD10
                0x0801058a       0x54 ./Drivers/STM32F4xx_HAL_Driver/Src/stm32f4xx_hal_i2c.o
 .text.I2C_Master_ADDR
                0x080105de      0x322 ./Drivers/STM32F4xx_HAL_Driver/Src/stm32f4xx_hal_i2c.o
 .text.I2C_SlaveTransmit_TXE
                0x08010900       0x7a ./Drivers/STM32F4xx_HAL_Driver/Src/stm32f4xx_hal_i2c.o
 .text.I2C_SlaveTransmit_BTF
                0x0801097a       0x42 ./Drivers/STM32F4xx_HAL_Driver/Src/stm32f4xx_hal_i2c.o
 .text.I2C_SlaveReceive_RXNE
                0x080109bc       0x7c ./Drivers/STM32F4xx_HAL_Driver/Src/stm32f4xx_hal_i2c.o
 .text.I2C_SlaveReceive_BTF
                0x08010a38       0x44 ./Drivers/STM32F4xx_HAL_Driver/Src/stm32f4xx_hal_i2c.o
 .text.I2C_Slave_ADDR
                0x08010a7c       0x94 ./Drivers/STM32F4xx_HAL_Driver/Src/stm32f4xx_hal_i2c.o
 .text.I2C_Slave_STOPF
                0x08010b10      0x260 ./Drivers/STM32F4xx_HAL_Driver/Src/stm32f4xx_hal_i2c.o
 .text.I2C_Slave_AF
                0x08010d70       0xe8 ./Drivers/STM32F4xx_HAL_Driver/Src/stm32f4xx_hal_i2c.o
 .text.I2C_ITError
                0x08010e58      0x264 ./Drivers/STM32F4xx_HAL_Driver/Src/stm32f4xx_hal_i2c.o
 .text.I2C_MasterRequestWrite
                0x080110bc      0x104 ./Drivers/STM32F4xx_HAL_Driver/Src/stm32f4xx_hal_i2c.o
 .text.I2C_RequestMemoryWrite
                0x080111c0      0x12c ./Drivers/STM32F4xx_HAL_Driver/Src/stm32f4xx_hal_i2c.o
 .text.I2C_RequestMemoryRead
                0x080112ec      0x1d0 ./Drivers/STM32F4xx_HAL_Driver/Src/stm32f4xx_hal_i2c.o
 .text.I2C_DMAAbort
                0x080114bc      0x150 ./Drivers/STM32F4xx_HAL_Driver/Src/stm32f4xx_hal_i2c.o
 .text.I2C_WaitOnFlagUntilTimeout
                0x0801160c       0xf4 ./Drivers/STM32F4xx_HAL_Driver/Src/stm32f4xx_hal_i2c.o
 .text.I2C_WaitOnMasterAddressFlagUntilTimeout
                0x08011700      0x140 ./Drivers/STM32F4xx_HAL_Driver/Src/stm32f4xx_hal_i2c.o
 .text.I2C_WaitOnTXEFlagUntilTimeout
                0x08011840       0x90 ./Drivers/STM32F4xx_HAL_Driver/Src/stm32f4xx_hal_i2c.o
 .text.I2C_WaitOnBTFFlagUntilTimeout
                0x080118d0       0x90 ./Drivers/STM32F4xx_HAL_Driver/Src/stm32f4xx_hal_i2c.o
 .text.I2C_WaitOnSTOPRequestThroughIT
                0x08011960       0x64 ./Drivers/STM32F4xx_HAL_Driver/Src/stm32f4xx_hal_i2c.o
 .text.I2C_WaitOnRXNEFlagUntilTimeout
                0x080119c4       0xba ./Drivers/STM32F4xx_HAL_Driver/Src/stm32f4xx_hal_i2c.o
 .text.I2C_IsAcknowledgeFailed
                0x08011a7e       0x5e ./Drivers/STM32F4xx_HAL_Driver/Src/stm32f4xx_hal_i2c.o
 .text.I2C_ConvertOtherXferOptions
                0x08011adc       0x36 ./Drivers/STM32F4xx_HAL_Driver/Src/stm32f4xx_hal_i2c.o
 .text.HAL_PCD_Init
                0x08011b12      0x21e ./Drivers/STM32F4xx_HAL_Driver/Src/stm32f4xx_hal_pcd.o
                0x08011b12                HAL_PCD_Init
 .text.HAL_PCD_Start
                0x08011d30       0x6a ./Drivers/STM32F4xx_HAL_Driver/Src/stm32f4xx_hal_pcd.o
                0x08011d30                HAL_PCD_Start
 .text.HAL_PCD_IRQHandler
                0x08011d9a      0x942 ./Drivers/STM32F4xx_HAL_Driver/Src/stm32f4xx_hal_pcd.o
                0x08011d9a                HAL_PCD_IRQHandler
 .text.HAL_PCD_SetAddress
                0x080126dc       0x48 ./Drivers/STM32F4xx_HAL_Driver/Src/stm32f4xx_hal_pcd.o
                0x080126dc                HAL_PCD_SetAddress
 .text.HAL_PCD_EP_Open
                0x08012724       0xd4 ./Drivers/STM32F4xx_HAL_Driver/Src/stm32f4xx_hal_pcd.o
                0x08012724                HAL_PCD_EP_Open
 .text.HAL_PCD_EP_Close
                0x080127f8       0x94 ./Drivers/STM32F4xx_HAL_Driver/Src/stm32f4xx_hal_pcd.o
                0x080127f8                HAL_PCD_EP_Close
 .text.HAL_PCD_EP_Receive
                0x0801288c       0x76 ./Drivers/STM32F4xx_HAL_Driver/Src/stm32f4xx_hal_pcd.o
                0x0801288c                HAL_PCD_EP_Receive
 .text.HAL_PCD_EP_GetRxCount
                0x08012902       0x30 ./Drivers/STM32F4xx_HAL_Driver/Src/stm32f4xx_hal_pcd.o
                0x08012902                HAL_PCD_EP_GetRxCount
 .text.HAL_PCD_EP_Transmit
                0x08012932       0x74 ./Drivers/STM32F4xx_HAL_Driver/Src/stm32f4xx_hal_pcd.o
                0x08012932                HAL_PCD_EP_Transmit
 .text.HAL_PCD_EP_SetStall
                0x080129a6       0xc6 ./Drivers/STM32F4xx_HAL_Driver/Src/stm32f4xx_hal_pcd.o
                0x080129a6                HAL_PCD_EP_SetStall
 .text.HAL_PCD_EP_ClrStall
                0x08012a6c       0xac ./Drivers/STM32F4xx_HAL_Driver/Src/stm32f4xx_hal_pcd.o
                0x08012a6c                HAL_PCD_EP_ClrStall
 .text.HAL_PCD_EP_Abort
                0x08012b18       0x62 ./Drivers/STM32F4xx_HAL_Driver/Src/stm32f4xx_hal_pcd.o
                0x08012b18                HAL_PCD_EP_Abort
 .text.PCD_WriteEmptyTxFifo
                0x08012b7a      0x118 ./Drivers/STM32F4xx_HAL_Driver/Src/stm32f4xx_hal_pcd.o
 *fill*         0x08012c92        0x2 
 .text.PCD_EP_OutXfrComplete_int
                0x08012c94      0x1d0 ./Drivers/STM32F4xx_HAL_Driver/Src/stm32f4xx_hal_pcd.o
 .text.PCD_EP_OutSetupPacket_int
                0x08012e64       0x8c ./Drivers/STM32F4xx_HAL_Driver/Src/stm32f4xx_hal_pcd.o
 .text.HAL_PCDEx_SetTxFiFo
                0x08012ef0       0x8e ./Drivers/STM32F4xx_HAL_Driver/Src/stm32f4xx_hal_pcd_ex.o
                0x08012ef0                HAL_PCDEx_SetTxFiFo
 .text.HAL_PCDEx_SetRxFiFo
                0x08012f7e       0x22 ./Drivers/STM32F4xx_HAL_Driver/Src/stm32f4xx_hal_pcd_ex.o
                0x08012f7e                HAL_PCDEx_SetRxFiFo
 .text.HAL_PCDEx_LPM_Callback
                0x08012fa0       0x18 ./Drivers/STM32F4xx_HAL_Driver/Src/stm32f4xx_hal_pcd_ex.o
                0x08012fa0                HAL_PCDEx_LPM_Callback
 .text.HAL_RCC_OscConfig
                0x08012fb8      0x4f0 ./Drivers/STM32F4xx_HAL_Driver/Src/stm32f4xx_hal_rcc.o
                0x08012fb8                HAL_RCC_OscConfig
 .text.HAL_RCC_ClockConfig
                0x080134a8      0x1cc ./Drivers/STM32F4xx_HAL_Driver/Src/stm32f4xx_hal_rcc.o
                0x080134a8                HAL_RCC_ClockConfig
 .text.HAL_RCC_GetSysClockFreq
                0x08013674      0x18c ./Drivers/STM32F4xx_HAL_Driver/Src/stm32f4xx_hal_rcc.o
                0x08013674                HAL_RCC_GetSysClockFreq
 .text.HAL_RCC_GetHCLKFreq
                0x08013800       0x18 ./Drivers/STM32F4xx_HAL_Driver/Src/stm32f4xx_hal_rcc.o
                0x08013800                HAL_RCC_GetHCLKFreq
 .text.HAL_RCC_GetPCLK1Freq
                0x08013818       0x28 ./Drivers/STM32F4xx_HAL_Driver/Src/stm32f4xx_hal_rcc.o
                0x08013818                HAL_RCC_GetPCLK1Freq
 .text.HAL_RCC_GetPCLK2Freq
                0x08013840       0x28 ./Drivers/STM32F4xx_HAL_Driver/Src/stm32f4xx_hal_rcc.o
                0x08013840                HAL_RCC_GetPCLK2Freq
 .text.HAL_TIM_Base_Init
                0x08013868       0x9e ./Drivers/STM32F4xx_HAL_Driver/Src/stm32f4xx_hal_tim.o
                0x08013868                HAL_TIM_Base_Init
 *fill*         0x08013906        0x2 
 .text.HAL_TIM_Base_Start_IT
                0x08013908       0xc4 ./Drivers/STM32F4xx_HAL_Driver/Src/stm32f4xx_hal_tim.o
                0x08013908                HAL_TIM_Base_Start_IT
 .text.HAL_TIM_PWM_Init
                0x080139cc       0x9e ./Drivers/STM32F4xx_HAL_Driver/Src/stm32f4xx_hal_tim.o
                0x080139cc                HAL_TIM_PWM_Init
 *fill*         0x08013a6a        0x2 
 .text.HAL_TIM_PWM_Start
                0x08013a6c      0x160 ./Drivers/STM32F4xx_HAL_Driver/Src/stm32f4xx_hal_tim.o
                0x08013a6c                HAL_TIM_PWM_Start
 .text.HAL_TIM_PWM_Stop
                0x08013bcc       0xc8 ./Drivers/STM32F4xx_HAL_Driver/Src/stm32f4xx_hal_tim.o
                0x08013bcc                HAL_TIM_PWM_Stop
 .text.HAL_TIM_IRQHandler
                0x08013c94      0x1e0 ./Drivers/STM32F4xx_HAL_Driver/Src/stm32f4xx_hal_tim.o
                0x08013c94                HAL_TIM_IRQHandler
 .text.HAL_TIM_PWM_ConfigChannel
                0x08013e74      0x184 ./Drivers/STM32F4xx_HAL_Driver/Src/stm32f4xx_hal_tim.o
                0x08013e74                HAL_TIM_PWM_ConfigChannel
 .text.HAL_TIM_ConfigClockSource
                0x08013ff8      0x18e ./Drivers/STM32F4xx_HAL_Driver/Src/stm32f4xx_hal_tim.o
                0x08013ff8                HAL_TIM_ConfigClockSource
 .text.HAL_TIM_OC_DelayElapsedCallback
                0x08014186       0x14 ./Drivers/STM32F4xx_HAL_Driver/Src/stm32f4xx_hal_tim.o
                0x08014186                HAL_TIM_OC_DelayElapsedCallback
 .text.HAL_TIM_IC_CaptureCallback
                0x0801419a       0x14 ./Drivers/STM32F4xx_HAL_Driver/Src/stm32f4xx_hal_tim.o
                0x0801419a                HAL_TIM_IC_CaptureCallback
 .text.HAL_TIM_PWM_PulseFinishedCallback
                0x080141ae       0x14 ./Drivers/STM32F4xx_HAL_Driver/Src/stm32f4xx_hal_tim.o
                0x080141ae                HAL_TIM_PWM_PulseFinishedCallback
 .text.HAL_TIM_TriggerCallback
                0x080141c2       0x14 ./Drivers/STM32F4xx_HAL_Driver/Src/stm32f4xx_hal_tim.o
                0x080141c2                HAL_TIM_TriggerCallback
 *fill*         0x080141d6        0x2 
 .text.TIM_Base_SetConfig
                0x080141d8      0x10c ./Drivers/STM32F4xx_HAL_Driver/Src/stm32f4xx_hal_tim.o
                0x080141d8                TIM_Base_SetConfig
 .text.TIM_OC1_SetConfig
                0x080142e4       0xcc ./Drivers/STM32F4xx_HAL_Driver/Src/stm32f4xx_hal_tim.o
 .text.TIM_OC2_SetConfig
                0x080143b0       0xd8 ./Drivers/STM32F4xx_HAL_Driver/Src/stm32f4xx_hal_tim.o
                0x080143b0                TIM_OC2_SetConfig
 .text.TIM_OC3_SetConfig
                0x08014488       0xd4 ./Drivers/STM32F4xx_HAL_Driver/Src/stm32f4xx_hal_tim.o
 .text.TIM_OC4_SetConfig
                0x0801455c       0xa0 ./Drivers/STM32F4xx_HAL_Driver/Src/stm32f4xx_hal_tim.o
 .text.TIM_TI1_ConfigInputStage
                0x080145fc       0x5e ./Drivers/STM32F4xx_HAL_Driver/Src/stm32f4xx_hal_tim.o
 .text.TIM_TI2_ConfigInputStage
                0x0801465a       0x60 ./Drivers/STM32F4xx_HAL_Driver/Src/stm32f4xx_hal_tim.o
 .text.TIM_ITRx_SetConfig
                0x080146ba       0x36 ./Drivers/STM32F4xx_HAL_Driver/Src/stm32f4xx_hal_tim.o
 .text.TIM_ETR_SetConfig
                0x080146f0       0x40 ./Drivers/STM32F4xx_HAL_Driver/Src/stm32f4xx_hal_tim.o
                0x080146f0                TIM_ETR_SetConfig
 .text.TIM_CCxChannelCmd
                0x08014730       0x4a ./Drivers/STM32F4xx_HAL_Driver/Src/stm32f4xx_hal_tim.o
                0x08014730                TIM_CCxChannelCmd
 *fill*         0x0801477a        0x2 
 .text.HAL_TIMEx_MasterConfigSynchronization
                0x0801477c       0xdc ./Drivers/STM32F4xx_HAL_Driver/Src/stm32f4xx_hal_tim_ex.o
                0x0801477c                HAL_TIMEx_MasterConfigSynchronization
 .text.HAL_TIMEx_CommutCallback
                0x08014858       0x14 ./Drivers/STM32F4xx_HAL_Driver/Src/stm32f4xx_hal_tim_ex.o
                0x08014858                HAL_TIMEx_CommutCallback
 .text.HAL_TIMEx_BreakCallback
                0x0801486c       0x14 ./Drivers/STM32F4xx_HAL_Driver/Src/stm32f4xx_hal_tim_ex.o
                0x0801486c                HAL_TIMEx_BreakCallback
 .text.HAL_UART_Init
                0x08014880       0xa0 ./Drivers/STM32F4xx_HAL_Driver/Src/stm32f4xx_hal_uart.o
                0x08014880                HAL_UART_Init
 .text.HAL_UART_Transmit
                0x08014920      0x116 ./Drivers/STM32F4xx_HAL_Driver/Src/stm32f4xx_hal_uart.o
                0x08014920                HAL_UART_Transmit
 .text.HAL_UART_Transmit_IT
                0x08014a36       0x6c ./Drivers/STM32F4xx_HAL_Driver/Src/stm32f4xx_hal_uart.o
                0x08014a36                HAL_UART_Transmit_IT
 .text.HAL_UART_Receive_IT
                0x08014aa2       0x4a ./Drivers/STM32F4xx_HAL_Driver/Src/stm32f4xx_hal_uart.o
                0x08014aa2                HAL_UART_Receive_IT
 .text.HAL_UART_IRQHandler
                0x08014aec      0x554 ./Drivers/STM32F4xx_HAL_Driver/Src/stm32f4xx_hal_uart.o
                0x08014aec                HAL_UART_IRQHandler
 .text.HAL_UART_TxCpltCallback
                0x08015040       0x14 ./Drivers/STM32F4xx_HAL_Driver/Src/stm32f4xx_hal_uart.o
                0x08015040                HAL_UART_TxCpltCallback
 .text.HAL_UART_ErrorCallback
                0x08015054       0x14 ./Drivers/STM32F4xx_HAL_Driver/Src/stm32f4xx_hal_uart.o
                0x08015054                HAL_UART_ErrorCallback
 .text.HAL_UARTEx_RxEventCallback
                0x08015068       0x18 ./Drivers/STM32F4xx_HAL_Driver/Src/stm32f4xx_hal_uart.o
                0x08015068                HAL_UARTEx_RxEventCallback
 .text.UART_WaitOnFlagUntilTimeout
                0x08015080       0xb2 ./Drivers/STM32F4xx_HAL_Driver/Src/stm32f4xx_hal_uart.o
 .text.UART_Start_Receive_IT
                0x08015132       0x74 ./Drivers/STM32F4xx_HAL_Driver/Src/stm32f4xx_hal_uart.o
                0x08015132                UART_Start_Receive_IT
 .text.UART_EndRxTransfer
                0x080151a6       0xc6 ./Drivers/STM32F4xx_HAL_Driver/Src/stm32f4xx_hal_uart.o
 .text.UART_DMAAbortOnError
                0x0801526c       0x22 ./Drivers/STM32F4xx_HAL_Driver/Src/stm32f4xx_hal_uart.o
 .text.UART_Transmit_IT
                0x0801528e       0xa0 ./Drivers/STM32F4xx_HAL_Driver/Src/stm32f4xx_hal_uart.o
 .text.UART_EndTransmit_IT
                0x0801532e       0x30 ./Drivers/STM32F4xx_HAL_Driver/Src/stm32f4xx_hal_uart.o
 .text.UART_Receive_IT
                0x0801535e      0x17c ./Drivers/STM32F4xx_HAL_Driver/Src/stm32f4xx_hal_uart.o
 *fill*         0x080154da        0x2 
 .text.UART_SetConfig
                0x080154dc      0x4e8 ./Drivers/STM32F4xx_HAL_Driver/Src/stm32f4xx_hal_uart.o
 .text.USB_CoreInit
                0x080159c4       0xc8 ./Drivers/STM32F4xx_HAL_Driver/Src/stm32f4xx_ll_usb.o
                0x080159c4                USB_CoreInit
 .text.USB_SetTurnaroundTime
                0x08015a8c      0x144 ./Drivers/STM32F4xx_HAL_Driver/Src/stm32f4xx_ll_usb.o
                0x08015a8c                USB_SetTurnaroundTime
 .text.USB_EnableGlobalInt
                0x08015bd0       0x22 ./Drivers/STM32F4xx_HAL_Driver/Src/stm32f4xx_ll_usb.o
                0x08015bd0                USB_EnableGlobalInt
 .text.USB_DisableGlobalInt
                0x08015bf2       0x22 ./Drivers/STM32F4xx_HAL_Driver/Src/stm32f4xx_ll_usb.o
                0x08015bf2                USB_DisableGlobalInt
 .text.USB_SetCurrentMode
                0x08015c14       0x98 ./Drivers/STM32F4xx_HAL_Driver/Src/stm32f4xx_ll_usb.o
                0x08015c14                USB_SetCurrentMode
 .text.USB_DevInit
                0x08015cac      0x2c8 ./Drivers/STM32F4xx_HAL_Driver/Src/stm32f4xx_ll_usb.o
                0x08015cac                USB_DevInit
 .text.USB_FlushTxFifo
                0x08015f74       0x64 ./Drivers/STM32F4xx_HAL_Driver/Src/stm32f4xx_ll_usb.o
                0x08015f74                USB_FlushTxFifo
 .text.USB_FlushRxFifo
                0x08015fd8       0x5c ./Drivers/STM32F4xx_HAL_Driver/Src/stm32f4xx_ll_usb.o
                0x08015fd8                USB_FlushRxFifo
 .text.USB_SetDevSpeed
                0x08016034       0x32 ./Drivers/STM32F4xx_HAL_Driver/Src/stm32f4xx_ll_usb.o
                0x08016034                USB_SetDevSpeed
 .text.USB_GetDevSpeed
                0x08016066       0x4a ./Drivers/STM32F4xx_HAL_Driver/Src/stm32f4xx_ll_usb.o
                0x08016066                USB_GetDevSpeed
 .text.USB_ActivateEndpoint
                0x080160b0      0x10e ./Drivers/STM32F4xx_HAL_Driver/Src/stm32f4xx_ll_usb.o
                0x080160b0                USB_ActivateEndpoint
 *fill*         0x080161be        0x2 
 .text.USB_DeactivateEndpoint
                0x080161c0      0x1b8 ./Drivers/STM32F4xx_HAL_Driver/Src/stm32f4xx_ll_usb.o
                0x080161c0                USB_DeactivateEndpoint
 .text.USB_EPStartXfer
                0x08016378      0x53c ./Drivers/STM32F4xx_HAL_Driver/Src/stm32f4xx_ll_usb.o
                0x08016378                USB_EPStartXfer
 .text.USB_EPStopXfer
                0x080168b4      0x154 ./Drivers/STM32F4xx_HAL_Driver/Src/stm32f4xx_ll_usb.o
                0x080168b4                USB_EPStopXfer
 .text.USB_WritePacket
                0x08016a08       0x7c ./Drivers/STM32F4xx_HAL_Driver/Src/stm32f4xx_ll_usb.o
                0x08016a08                USB_WritePacket
 .text.USB_ReadPacket
                0x08016a84       0xb0 ./Drivers/STM32F4xx_HAL_Driver/Src/stm32f4xx_ll_usb.o
                0x08016a84                USB_ReadPacket
 .text.USB_EPSetStall
                0x08016b34       0xdc ./Drivers/STM32F4xx_HAL_Driver/Src/stm32f4xx_ll_usb.o
                0x08016b34                USB_EPSetStall
 .text.USB_EPClearStall
                0x08016c10       0xcc ./Drivers/STM32F4xx_HAL_Driver/Src/stm32f4xx_ll_usb.o
                0x08016c10                USB_EPClearStall
 .text.USB_SetDevAddress
                0x08016cdc       0x4c ./Drivers/STM32F4xx_HAL_Driver/Src/stm32f4xx_ll_usb.o
                0x08016cdc                USB_SetDevAddress
 .text.USB_DevConnect
                0x08016d28       0x42 ./Drivers/STM32F4xx_HAL_Driver/Src/stm32f4xx_ll_usb.o
                0x08016d28                USB_DevConnect
 .text.USB_DevDisconnect
                0x08016d6a       0x42 ./Drivers/STM32F4xx_HAL_Driver/Src/stm32f4xx_ll_usb.o
                0x08016d6a                USB_DevDisconnect
 .text.USB_ReadInterrupts
                0x08016dac       0x26 ./Drivers/STM32F4xx_HAL_Driver/Src/stm32f4xx_ll_usb.o
                0x08016dac                USB_ReadInterrupts
 .text.USB_ReadDevAllOutEpInterrupt
                0x08016dd2       0x34 ./Drivers/STM32F4xx_HAL_Driver/Src/stm32f4xx_ll_usb.o
                0x08016dd2                USB_ReadDevAllOutEpInterrupt
 .text.USB_ReadDevAllInEpInterrupt
                0x08016e06       0x34 ./Drivers/STM32F4xx_HAL_Driver/Src/stm32f4xx_ll_usb.o
                0x08016e06                USB_ReadDevAllInEpInterrupt
 .text.USB_ReadDevOutEPInterrupt
                0x08016e3a       0x3c ./Drivers/STM32F4xx_HAL_Driver/Src/stm32f4xx_ll_usb.o
                0x08016e3a                USB_ReadDevOutEPInterrupt
 .text.USB_ReadDevInEPInterrupt
                0x08016e76       0x5c ./Drivers/STM32F4xx_HAL_Driver/Src/stm32f4xx_ll_usb.o
                0x08016e76                USB_ReadDevInEPInterrupt
 .text.USB_GetMode
                0x08016ed2       0x1c ./Drivers/STM32F4xx_HAL_Driver/Src/stm32f4xx_ll_usb.o
                0x08016ed2                USB_GetMode
 .text.USB_ActivateSetup
                0x08016eee       0x46 ./Drivers/STM32F4xx_HAL_Driver/Src/stm32f4xx_ll_usb.o
                0x08016eee                USB_ActivateSetup
 .text.USB_EP0_OutStart
                0x08016f34       0xbc ./Drivers/STM32F4xx_HAL_Driver/Src/stm32f4xx_ll_usb.o
                0x08016f34                USB_EP0_OutStart
 .text.USB_CoreReset
                0x08016ff0       0x70 ./Drivers/STM32F4xx_HAL_Driver/Src/stm32f4xx_ll_usb.o
 .text.USBD_CDC_Init
                0x08017060      0x1f0 ./Middlewares/ST/STM32_USB_Device_Library/Class/CDC/Src/usbd_cdc.o
 .text.USBD_CDC_DeInit
                0x08017250      0x104 ./Middlewares/ST/STM32_USB_Device_Library/Class/CDC/Src/usbd_cdc.o
 .text.USBD_CDC_Setup
                0x08017354      0x1b8 ./Middlewares/ST/STM32_USB_Device_Library/Class/CDC/Src/usbd_cdc.o
 .text.USBD_CDC_DataIn
                0x0801750c       0xfe ./Middlewares/ST/STM32_USB_Device_Library/Class/CDC/Src/usbd_cdc.o
 .text.USBD_CDC_DataOut
                0x0801760a       0x70 ./Middlewares/ST/STM32_USB_Device_Library/Class/CDC/Src/usbd_cdc.o
 .text.USBD_CDC_EP0_RxReady
                0x0801767a       0x74 ./Middlewares/ST/STM32_USB_Device_Library/Class/CDC/Src/usbd_cdc.o
 *fill*         0x080176ee        0x2 
 .text.USBD_CDC_GetFSCfgDesc
                0x080176f0       0x70 ./Middlewares/ST/STM32_USB_Device_Library/Class/CDC/Src/usbd_cdc.o
 .text.USBD_CDC_GetHSCfgDesc
                0x08017760       0x70 ./Middlewares/ST/STM32_USB_Device_Library/Class/CDC/Src/usbd_cdc.o
 .text.USBD_CDC_GetOtherSpeedCfgDesc
                0x080177d0       0x70 ./Middlewares/ST/STM32_USB_Device_Library/Class/CDC/Src/usbd_cdc.o
 .text.USBD_CDC_GetDeviceQualifierDescriptor
                0x08017840       0x20 ./Middlewares/ST/STM32_USB_Device_Library/Class/CDC/Src/usbd_cdc.o
                0x08017840                USBD_CDC_GetDeviceQualifierDescriptor
 .text.USBD_CDC_RegisterInterface
                0x08017860       0x34 ./Middlewares/ST/STM32_USB_Device_Library/Class/CDC/Src/usbd_cdc.o
                0x08017860                USBD_CDC_RegisterInterface
 .text.USBD_CDC_SetTxBuffer
                0x08017894       0x44 ./Middlewares/ST/STM32_USB_Device_Library/Class/CDC/Src/usbd_cdc.o
                0x08017894                USBD_CDC_SetTxBuffer
 .text.USBD_CDC_SetRxBuffer
                0x080178d8       0x3a ./Middlewares/ST/STM32_USB_Device_Library/Class/CDC/Src/usbd_cdc.o
                0x080178d8                USBD_CDC_SetRxBuffer
 *fill*         0x08017912        0x2 
 .text.USBD_CDC_TransmitPacket
                0x08017914       0x80 ./Middlewares/ST/STM32_USB_Device_Library/Class/CDC/Src/usbd_cdc.o
                0x08017914                USBD_CDC_TransmitPacket
 .text.USBD_CDC_ReceivePacket
                0x08017994       0x6c ./Middlewares/ST/STM32_USB_Device_Library/Class/CDC/Src/usbd_cdc.o
                0x08017994                USBD_CDC_ReceivePacket
 .text.USBD_Init
                0x08017a00       0x60 ./Middlewares/ST/STM32_USB_Device_Library/Core/Src/usbd_core.o
                0x08017a00                USBD_Init
 .text.USBD_RegisterClass
                0x08017a60       0x6c ./Middlewares/ST/STM32_USB_Device_Library/Core/Src/usbd_core.o
                0x08017a60                USBD_RegisterClass
 .text.USBD_Start
                0x08017acc       0x18 ./Middlewares/ST/STM32_USB_Device_Library/Core/Src/usbd_core.o
                0x08017acc                USBD_Start
 .text.USBD_RunTestMode
                0x08017ae4       0x16 ./Middlewares/ST/STM32_USB_Device_Library/Core/Src/usbd_core.o
                0x08017ae4                USBD_RunTestMode
 .text.USBD_SetClassConfig
                0x08017afa       0x38 ./Middlewares/ST/STM32_USB_Device_Library/Core/Src/usbd_core.o
                0x08017afa                USBD_SetClassConfig
 .text.USBD_ClrClassConfig
                0x08017b32       0x34 ./Middlewares/ST/STM32_USB_Device_Library/Core/Src/usbd_core.o
                0x08017b32                USBD_ClrClassConfig
 .text.USBD_LL_SetupStage
                0x08017b66       0xaa ./Middlewares/ST/STM32_USB_Device_Library/Core/Src/usbd_core.o
                0x08017b66                USBD_LL_SetupStage
 .text.USBD_LL_DataOutStage
                0x08017c10      0x178 ./Middlewares/ST/STM32_USB_Device_Library/Core/Src/usbd_core.o
                0x08017c10                USBD_LL_DataOutStage
 .text.USBD_LL_DataInStage
                0x08017d88      0x176 ./Middlewares/ST/STM32_USB_Device_Library/Core/Src/usbd_core.o
                0x08017d88                USBD_LL_DataInStage
 .text.USBD_LL_Reset
                0x08017efe       0xa6 ./Middlewares/ST/STM32_USB_Device_Library/Core/Src/usbd_core.o
                0x08017efe                USBD_LL_Reset
 .text.USBD_LL_SetSpeed
                0x08017fa4       0x20 ./Middlewares/ST/STM32_USB_Device_Library/Core/Src/usbd_core.o
                0x08017fa4                USBD_LL_SetSpeed
 .text.USBD_LL_Suspend
                0x08017fc4       0x38 ./Middlewares/ST/STM32_USB_Device_Library/Core/Src/usbd_core.o
                0x08017fc4                USBD_LL_Suspend
 .text.USBD_LL_Resume
                0x08017ffc       0x30 ./Middlewares/ST/STM32_USB_Device_Library/Core/Src/usbd_core.o
                0x08017ffc                USBD_LL_Resume
 .text.USBD_LL_SOF
                0x0801802c       0x40 ./Middlewares/ST/STM32_USB_Device_Library/Core/Src/usbd_core.o
                0x0801802c                USBD_LL_SOF
 .text.USBD_LL_IsoINIncomplete
                0x0801806c       0x64 ./Middlewares/ST/STM32_USB_Device_Library/Core/Src/usbd_core.o
                0x0801806c                USBD_LL_IsoINIncomplete
 .text.USBD_LL_IsoOUTIncomplete
                0x080180d0       0x64 ./Middlewares/ST/STM32_USB_Device_Library/Core/Src/usbd_core.o
                0x080180d0                USBD_LL_IsoOUTIncomplete
 .text.USBD_LL_DevConnected
                0x08018134       0x16 ./Middlewares/ST/STM32_USB_Device_Library/Core/Src/usbd_core.o
                0x08018134                USBD_LL_DevConnected
 .text.USBD_LL_DevDisconnected
                0x0801814a       0x46 ./Middlewares/ST/STM32_USB_Device_Library/Core/Src/usbd_core.o
                0x0801814a                USBD_LL_DevDisconnected
 .text.USBD_CoreFindIF
                0x08018190       0x1a ./Middlewares/ST/STM32_USB_Device_Library/Core/Src/usbd_core.o
                0x08018190                USBD_CoreFindIF
 .text.USBD_CoreFindEP
                0x080181aa       0x1a ./Middlewares/ST/STM32_USB_Device_Library/Core/Src/usbd_core.o
                0x080181aa                USBD_CoreFindEP
 .text.USBD_GetEpDesc
                0x080181c4       0x70 ./Middlewares/ST/STM32_USB_Device_Library/Core/Src/usbd_core.o
                0x080181c4                USBD_GetEpDesc
 .text.USBD_GetNextDesc
                0x08018234       0x38 ./Middlewares/ST/STM32_USB_Device_Library/Core/Src/usbd_core.o
                0x08018234                USBD_GetNextDesc
 .text.SWAPBYTE
                0x0801826c       0x3e ./Middlewares/ST/STM32_USB_Device_Library/Core/Src/usbd_ctlreq.o
 *fill*         0x080182aa        0x2 
 .text.USBD_StdDevReq
                0x080182ac       0xe4 ./Middlewares/ST/STM32_USB_Device_Library/Core/Src/usbd_ctlreq.o
                0x080182ac                USBD_StdDevReq
 .text.USBD_StdItfReq
                0x08018390       0xd8 ./Middlewares/ST/STM32_USB_Device_Library/Core/Src/usbd_ctlreq.o
                0x08018390                USBD_StdItfReq
 .text.USBD_StdEPReq
                0x08018468      0x33e ./Middlewares/ST/STM32_USB_Device_Library/Core/Src/usbd_ctlreq.o
                0x08018468                USBD_StdEPReq
 *fill*         0x080187a6        0x2 
 .text.USBD_GetDescriptor
                0x080187a8      0x2d4 ./Middlewares/ST/STM32_USB_Device_Library/Core/Src/usbd_ctlreq.o
 .text.USBD_SetAddress
                0x08018a7c       0x88 ./Middlewares/ST/STM32_USB_Device_Library/Core/Src/usbd_ctlreq.o
 .text.USBD_SetConfig
                0x08018b04      0x154 ./Middlewares/ST/STM32_USB_Device_Library/Core/Src/usbd_ctlreq.o
 .text.USBD_GetConfig
                0x08018c58       0x6c ./Middlewares/ST/STM32_USB_Device_Library/Core/Src/usbd_ctlreq.o
 .text.USBD_GetStatus
                0x08018cc4       0x68 ./Middlewares/ST/STM32_USB_Device_Library/Core/Src/usbd_ctlreq.o
 .text.USBD_SetFeature
                0x08018d2c       0x52 ./Middlewares/ST/STM32_USB_Device_Library/Core/Src/usbd_ctlreq.o
 .text.USBD_ClrFeature
                0x08018d7e       0x44 ./Middlewares/ST/STM32_USB_Device_Library/Core/Src/usbd_ctlreq.o
 .text.USBD_ParseSetupRequest
                0x08018dc2       0x74 ./Middlewares/ST/STM32_USB_Device_Library/Core/Src/usbd_ctlreq.o
                0x08018dc2                USBD_ParseSetupRequest
 .text.USBD_CtlError
                0x08018e36       0x22 ./Middlewares/ST/STM32_USB_Device_Library/Core/Src/usbd_ctlreq.o
                0x08018e36                USBD_CtlError
 .text.USBD_GetString
                0x08018e58       0xa4 ./Middlewares/ST/STM32_USB_Device_Library/Core/Src/usbd_ctlreq.o
                0x08018e58                USBD_GetString
 .text.USBD_GetLen
                0x08018efc       0x34 ./Middlewares/ST/STM32_USB_Device_Library/Core/Src/usbd_ctlreq.o
 .text.USBD_CtlSendData
                0x08018f30       0x3c ./Middlewares/ST/STM32_USB_Device_Library/Core/Src/usbd_ioreq.o
                0x08018f30                USBD_CtlSendData
 .text.USBD_CtlContinueSendData
                0x08018f6c       0x22 ./Middlewares/ST/STM32_USB_Device_Library/Core/Src/usbd_ioreq.o
                0x08018f6c                USBD_CtlContinueSendData
 .text.USBD_CtlPrepareRx
                0x08018f8e       0x42 ./Middlewares/ST/STM32_USB_Device_Library/Core/Src/usbd_ioreq.o
                0x08018f8e                USBD_CtlPrepareRx
 .text.USBD_CtlContinueRx
                0x08018fd0       0x22 ./Middlewares/ST/STM32_USB_Device_Library/Core/Src/usbd_ioreq.o
                0x08018fd0                USBD_CtlContinueRx
 .text.USBD_CtlSendStatus
                0x08018ff2       0x26 ./Middlewares/ST/STM32_USB_Device_Library/Core/Src/usbd_ioreq.o
                0x08018ff2                USBD_CtlSendStatus
 .text.USBD_CtlReceiveStatus
                0x08019018       0x26 ./Middlewares/ST/STM32_USB_Device_Library/Core/Src/usbd_ioreq.o
                0x08019018                USBD_CtlReceiveStatus
 *fill*         0x0801903e        0x2 
 .text.MX_USB_DEVICE_Init
                0x08019040       0x60 ./USB_DEVICE/App/usb_device.o
                0x08019040                MX_USB_DEVICE_Init
 .text.CDC_Init_FS
                0x080190a0       0x30 ./USB_DEVICE/App/usbd_cdc_if.o
 .text.CDC_DeInit_FS
                0x080190d0       0x10 ./USB_DEVICE/App/usbd_cdc_if.o
 .text.CDC_Control_FS
                0x080190e0      0x15c ./USB_DEVICE/App/usbd_cdc_if.o
 .text.CDC_Receive_FS
                0x0801923c       0x40 ./USB_DEVICE/App/usbd_cdc_if.o
 .text.CDC_Transmit_FS
                0x0801927c       0x4c ./USB_DEVICE/App/usbd_cdc_if.o
                0x0801927c                CDC_Transmit_FS
 .text.CDC_TransmitCplt_FS
                0x080192c8       0x22 ./USB_DEVICE/App/usbd_cdc_if.o
 *fill*         0x080192ea        0x2 
 .text.CDC_Attach_Rx
                0x080192ec       0x20 ./USB_DEVICE/App/usbd_cdc_if.o
                0x080192ec                CDC_Attach_Rx
 .text.USBD_FS_DeviceDescriptor
                0x0801930c       0x24 ./USB_DEVICE/App/usbd_desc.o
                0x0801930c                USBD_FS_DeviceDescriptor
 .text.USBD_FS_LangIDStrDescriptor
                0x08019330       0x24 ./USB_DEVICE/App/usbd_desc.o
                0x08019330                USBD_FS_LangIDStrDescriptor
 .text.USBD_FS_ProductStrDescriptor
                0x08019354       0x3c ./USB_DEVICE/App/usbd_desc.o
                0x08019354                USBD_FS_ProductStrDescriptor
 .text.USBD_FS_ManufacturerStrDescriptor
                0x08019390       0x28 ./USB_DEVICE/App/usbd_desc.o
                0x08019390                USBD_FS_ManufacturerStrDescriptor
 .text.USBD_FS_SerialStrDescriptor
                0x080193b8       0x24 ./USB_DEVICE/App/usbd_desc.o
                0x080193b8                USBD_FS_SerialStrDescriptor
 .text.USBD_FS_ConfigStrDescriptor
                0x080193dc       0x3c ./USB_DEVICE/App/usbd_desc.o
                0x080193dc                USBD_FS_ConfigStrDescriptor
 .text.USBD_FS_InterfaceStrDescriptor
                0x08019418       0x3c ./USB_DEVICE/App/usbd_desc.o
                0x08019418                USBD_FS_InterfaceStrDescriptor
 .text.Get_SerialNum
                0x08019454       0x58 ./USB_DEVICE/App/usbd_desc.o
 .text.IntToUnicode
                0x080194ac       0x7e ./USB_DEVICE/App/usbd_desc.o
 *fill*         0x0801952a        0x2 
 .text.HAL_PCD_MspInit
                0x0801952c       0xa8 ./USB_DEVICE/Target/usbd_conf.o
                0x0801952c                HAL_PCD_MspInit
 .text.HAL_PCD_SetupStageCallback
                0x080195d4       0x24 ./USB_DEVICE/Target/usbd_conf.o
                0x080195d4                HAL_PCD_SetupStageCallback
 .text.HAL_PCD_DataOutStageCallback
                0x080195f8       0x36 ./USB_DEVICE/Target/usbd_conf.o
                0x080195f8                HAL_PCD_DataOutStageCallback
 .text.HAL_PCD_DataInStageCallback
                0x0801962e       0x34 ./USB_DEVICE/Target/usbd_conf.o
                0x0801962e                HAL_PCD_DataInStageCallback
 .text.HAL_PCD_SOFCallback
                0x08019662       0x1c ./USB_DEVICE/Target/usbd_conf.o
                0x08019662                HAL_PCD_SOFCallback
 .text.HAL_PCD_ResetCallback
                0x0801967e       0x3c ./USB_DEVICE/Target/usbd_conf.o
                0x0801967e                HAL_PCD_ResetCallback
 *fill*         0x080196ba        0x2 
 .text.HAL_PCD_SuspendCallback
                0x080196bc       0x4c ./USB_DEVICE/Target/usbd_conf.o
                0x080196bc                HAL_PCD_SuspendCallback
 .text.HAL_PCD_ResumeCallback
                0x08019708       0x1c ./USB_DEVICE/Target/usbd_conf.o
                0x08019708                HAL_PCD_ResumeCallback
 .text.HAL_PCD_ISOOUTIncompleteCallback
                0x08019724       0x24 ./USB_DEVICE/Target/usbd_conf.o
                0x08019724                HAL_PCD_ISOOUTIncompleteCallback
 .text.HAL_PCD_ISOINIncompleteCallback
                0x08019748       0x24 ./USB_DEVICE/Target/usbd_conf.o
                0x08019748                HAL_PCD_ISOINIncompleteCallback
 .text.HAL_PCD_ConnectCallback
                0x0801976c       0x1c ./USB_DEVICE/Target/usbd_conf.o
                0x0801976c                HAL_PCD_ConnectCallback
 .text.HAL_PCD_DisconnectCallback
                0x08019788       0x1c ./USB_DEVICE/Target/usbd_conf.o
                0x08019788                HAL_PCD_DisconnectCallback
 .text.USBD_LL_Init
                0x080197a4       0x98 ./USB_DEVICE/Target/usbd_conf.o
                0x080197a4                USBD_LL_Init
 .text.USBD_LL_Start
                0x0801983c       0x36 ./USB_DEVICE/Target/usbd_conf.o
                0x0801983c                USBD_LL_Start
 .text.USBD_LL_OpenEP
                0x08019872       0x4c ./USB_DEVICE/Target/usbd_conf.o
                0x08019872                USBD_LL_OpenEP
 .text.USBD_LL_CloseEP
                0x080198be       0x3e ./USB_DEVICE/Target/usbd_conf.o
                0x080198be                USBD_LL_CloseEP
 .text.USBD_LL_StallEP
                0x080198fc       0x3e ./USB_DEVICE/Target/usbd_conf.o
                0x080198fc                USBD_LL_StallEP
 .text.USBD_LL_ClearStallEP
                0x0801993a       0x3e ./USB_DEVICE/Target/usbd_conf.o
                0x0801993a                USBD_LL_ClearStallEP
 .text.USBD_LL_IsStallEP
                0x08019978       0x58 ./USB_DEVICE/Target/usbd_conf.o
                0x08019978                USBD_LL_IsStallEP
 .text.USBD_LL_SetUSBAddress
                0x080199d0       0x3e ./USB_DEVICE/Target/usbd_conf.o
                0x080199d0                USBD_LL_SetUSBAddress
 .text.USBD_LL_Transmit
                0x08019a0e       0x42 ./USB_DEVICE/Target/usbd_conf.o
                0x08019a0e                USBD_LL_Transmit
 .text.USBD_LL_PrepareReceive
                0x08019a50       0x42 ./USB_DEVICE/Target/usbd_conf.o
                0x08019a50                USBD_LL_PrepareReceive
 .text.USBD_LL_GetRxDataSize
                0x08019a92       0x26 ./USB_DEVICE/Target/usbd_conf.o
                0x08019a92                USBD_LL_GetRxDataSize
 .text.USBD_static_malloc
                0x08019ab8       0x1c ./USB_DEVICE/Target/usbd_conf.o
                0x08019ab8                USBD_static_malloc
 .text.USBD_static_free
                0x08019ad4       0x14 ./USB_DEVICE/Target/usbd_conf.o
                0x08019ad4                USBD_static_free
 .text.USBD_Get_USB_Status
                0x08019ae8       0x58 ./USB_DEVICE/Target/usbd_conf.o
                0x08019ae8                USBD_Get_USB_Status
 .text.__itoa   0x08019b40       0x30 C:/ST/STM32CubeIDE_1.18.1/STM32CubeIDE/plugins/com.st.stm32cube.ide.mcu.externaltools.gnu-tools-for-stm32.13.3.rel1.win32_1.0.0.202411081344/tools/bin/../lib/gcc/arm-none-eabi/13.3.1/../../../../arm-none-eabi/lib/thumb/v7e-m+fp/hard\libc_nano.a(libc_a-itoa.o)
                0x08019b40                __itoa
 .text.itoa     0x08019b70        0x4 C:/ST/STM32CubeIDE_1.18.1/STM32CubeIDE/plugins/com.st.stm32cube.ide.mcu.externaltools.gnu-tools-for-stm32.13.3.rel1.win32_1.0.0.202411081344/tools/bin/../lib/gcc/arm-none-eabi/13.3.1/../../../../arm-none-eabi/lib/thumb/v7e-m+fp/hard\libc_nano.a(libc_a-itoa.o)
                0x08019b70                itoa
 .text.__utoa   0x08019b74       0x84 C:/ST/STM32CubeIDE_1.18.1/STM32CubeIDE/plugins/com.st.stm32cube.ide.mcu.externaltools.gnu-tools-for-stm32.13.3.rel1.win32_1.0.0.202411081344/tools/bin/../lib/gcc/arm-none-eabi/13.3.1/../../../../arm-none-eabi/lib/thumb/v7e-m+fp/hard\libc_nano.a(libc_a-utoa.o)
                0x08019b74                __utoa
 .text.snprintf
                0x08019bf8       0x6c C:/ST/STM32CubeIDE_1.18.1/STM32CubeIDE/plugins/com.st.stm32cube.ide.mcu.externaltools.gnu-tools-for-stm32.13.3.rel1.win32_1.0.0.202411081344/tools/bin/../lib/gcc/arm-none-eabi/13.3.1/../../../../arm-none-eabi/lib/thumb/v7e-m+fp/hard\libc_nano.a(libc_a-snprintf.o)
                0x08019bf8                sniprintf
                0x08019bf8                snprintf
 .text.sprintf  0x08019c64       0x44 C:/ST/STM32CubeIDE_1.18.1/STM32CubeIDE/plugins/com.st.stm32cube.ide.mcu.externaltools.gnu-tools-for-stm32.13.3.rel1.win32_1.0.0.202411081344/tools/bin/../lib/gcc/arm-none-eabi/13.3.1/../../../../arm-none-eabi/lib/thumb/v7e-m+fp/hard\libc_nano.a(libc_a-sprintf.o)
                0x08019c64                siprintf
                0x08019c64                sprintf
 .text.memset   0x08019ca8       0x10 C:/ST/STM32CubeIDE_1.18.1/STM32CubeIDE/plugins/com.st.stm32cube.ide.mcu.externaltools.gnu-tools-for-stm32.13.3.rel1.win32_1.0.0.202411081344/tools/bin/../lib/gcc/arm-none-eabi/13.3.1/../../../../arm-none-eabi/lib/thumb/v7e-m+fp/hard\libc_nano.a(libc_a-memset.o)
                0x08019ca8                memset
 .text.__errno  0x08019cb8        0xc C:/ST/STM32CubeIDE_1.18.1/STM32CubeIDE/plugins/com.st.stm32cube.ide.mcu.externaltools.gnu-tools-for-stm32.13.3.rel1.win32_1.0.0.202411081344/tools/bin/../lib/gcc/arm-none-eabi/13.3.1/../../../../arm-none-eabi/lib/thumb/v7e-m+fp/hard\libc_nano.a(libc_a-errno.o)
                0x08019cb8                __errno
 .text.__libc_init_array
                0x08019cc4       0x48 C:/ST/STM32CubeIDE_1.18.1/STM32CubeIDE/plugins/com.st.stm32cube.ide.mcu.externaltools.gnu-tools-for-stm32.13.3.rel1.win32_1.0.0.202411081344/tools/bin/../lib/gcc/arm-none-eabi/13.3.1/../../../../arm-none-eabi/lib/thumb/v7e-m+fp/hard\libc_nano.a(libc_a-init.o)
                0x08019cc4                __libc_init_array
 .text.__retarget_lock_acquire_recursive
                0x08019d0c        0x2 C:/ST/STM32CubeIDE_1.18.1/STM32CubeIDE/plugins/com.st.stm32cube.ide.mcu.externaltools.gnu-tools-for-stm32.13.3.rel1.win32_1.0.0.202411081344/tools/bin/../lib/gcc/arm-none-eabi/13.3.1/../../../../arm-none-eabi/lib/thumb/v7e-m+fp/hard\libc_nano.a(libc_a-lock.o)
                0x08019d0c                __retarget_lock_acquire_recursive
 .text.__retarget_lock_release_recursive
                0x08019d0e        0x2 C:/ST/STM32CubeIDE_1.18.1/STM32CubeIDE/plugins/com.st.stm32cube.ide.mcu.externaltools.gnu-tools-for-stm32.13.3.rel1.win32_1.0.0.202411081344/tools/bin/../lib/gcc/arm-none-eabi/13.3.1/../../../../arm-none-eabi/lib/thumb/v7e-m+fp/hard\libc_nano.a(libc_a-lock.o)
                0x08019d0e                __retarget_lock_release_recursive
 .text.memcpy   0x08019d10       0x1c C:/ST/STM32CubeIDE_1.18.1/STM32CubeIDE/plugins/com.st.stm32cube.ide.mcu.externaltools.gnu-tools-for-stm32.13.3.rel1.win32_1.0.0.202411081344/tools/bin/../lib/gcc/arm-none-eabi/13.3.1/../../../../arm-none-eabi/lib/thumb/v7e-m+fp/hard\libc_nano.a(libc_a-memcpy-stub.o)
                0x08019d10                memcpy
 .text._free_r  0x08019d2c       0x94 C:/ST/STM32CubeIDE_1.18.1/STM32CubeIDE/plugins/com.st.stm32cube.ide.mcu.externaltools.gnu-tools-for-stm32.13.3.rel1.win32_1.0.0.202411081344/tools/bin/../lib/gcc/arm-none-eabi/13.3.1/../../../../arm-none-eabi/lib/thumb/v7e-m+fp/hard\libc_nano.a(libc_a-freer.o)
                0x08019d2c                _free_r
 .text.sbrk_aligned
                0x08019dc0       0x44 C:/ST/STM32CubeIDE_1.18.1/STM32CubeIDE/plugins/com.st.stm32cube.ide.mcu.externaltools.gnu-tools-for-stm32.13.3.rel1.win32_1.0.0.202411081344/tools/bin/../lib/gcc/arm-none-eabi/13.3.1/../../../../arm-none-eabi/lib/thumb/v7e-m+fp/hard\libc_nano.a(libc_a-mallocr.o)
 .text._malloc_r
                0x08019e04      0x100 C:/ST/STM32CubeIDE_1.18.1/STM32CubeIDE/plugins/com.st.stm32cube.ide.mcu.externaltools.gnu-tools-for-stm32.13.3.rel1.win32_1.0.0.202411081344/tools/bin/../lib/gcc/arm-none-eabi/13.3.1/../../../../arm-none-eabi/lib/thumb/v7e-m+fp/hard\libc_nano.a(libc_a-mallocr.o)
                0x08019e04                _malloc_r
 .text.__malloc_lock
                0x08019f04        0xc C:/ST/STM32CubeIDE_1.18.1/STM32CubeIDE/plugins/com.st.stm32cube.ide.mcu.externaltools.gnu-tools-for-stm32.13.3.rel1.win32_1.0.0.202411081344/tools/bin/../lib/gcc/arm-none-eabi/13.3.1/../../../../arm-none-eabi/lib/thumb/v7e-m+fp/hard\libc_nano.a(libc_a-mlock.o)
                0x08019f04                __malloc_lock
 .text.__malloc_unlock
                0x08019f10        0xc C:/ST/STM32CubeIDE_1.18.1/STM32CubeIDE/plugins/com.st.stm32cube.ide.mcu.externaltools.gnu-tools-for-stm32.13.3.rel1.win32_1.0.0.202411081344/tools/bin/../lib/gcc/arm-none-eabi/13.3.1/../../../../arm-none-eabi/lib/thumb/v7e-m+fp/hard\libc_nano.a(libc_a-mlock.o)
                0x08019f10                __malloc_unlock
 .text.__ssputs_r
                0x08019f1c       0xb6 C:/ST/STM32CubeIDE_1.18.1/STM32CubeIDE/plugins/com.st.stm32cube.ide.mcu.externaltools.gnu-tools-for-stm32.13.3.rel1.win32_1.0.0.202411081344/tools/bin/../lib/gcc/arm-none-eabi/13.3.1/../../../../arm-none-eabi/lib/thumb/v7e-m+fp/hard\libc_nano.a(libc_a-nano-svfprintf.o)
                0x08019f1c                __ssputs_r
 *fill*         0x08019fd2        0x2 
 .text._svfprintf_r
                0x08019fd4      0x1f8 C:/ST/STM32CubeIDE_1.18.1/STM32CubeIDE/plugins/com.st.stm32cube.ide.mcu.externaltools.gnu-tools-for-stm32.13.3.rel1.win32_1.0.0.202411081344/tools/bin/../lib/gcc/arm-none-eabi/13.3.1/../../../../arm-none-eabi/lib/thumb/v7e-m+fp/hard\libc_nano.a(libc_a-nano-svfprintf.o)
                0x08019fd4                _svfiprintf_r
                0x08019fd4                _svfprintf_r
 .text._printf_common
                0x0801a1cc       0xda C:/ST/STM32CubeIDE_1.18.1/STM32CubeIDE/plugins/com.st.stm32cube.ide.mcu.externaltools.gnu-tools-for-stm32.13.3.rel1.win32_1.0.0.202411081344/tools/bin/../lib/gcc/arm-none-eabi/13.3.1/../../../../arm-none-eabi/lib/thumb/v7e-m+fp/hard\libc_nano.a(libc_a-nano-vfprintf_i.o)
                0x0801a1cc                _printf_common
 *fill*         0x0801a2a6        0x2 
 .text._printf_i
                0x0801a2a8      0x23c C:/ST/STM32CubeIDE_1.18.1/STM32CubeIDE/plugins/com.st.stm32cube.ide.mcu.externaltools.gnu-tools-for-stm32.13.3.rel1.win32_1.0.0.202411081344/tools/bin/../lib/gcc/arm-none-eabi/13.3.1/../../../../arm-none-eabi/lib/thumb/v7e-m+fp/hard\libc_nano.a(libc_a-nano-vfprintf_i.o)
                0x0801a2a8                _printf_i
 .text.memmove  0x0801a4e4       0x34 C:/ST/STM32CubeIDE_1.18.1/STM32CubeIDE/plugins/com.st.stm32cube.ide.mcu.externaltools.gnu-tools-for-stm32.13.3.rel1.win32_1.0.0.202411081344/tools/bin/../lib/gcc/arm-none-eabi/13.3.1/../../../../arm-none-eabi/lib/thumb/v7e-m+fp/hard\libc_nano.a(libc_a-memmove.o)
                0x0801a4e4                memmove
 .text._sbrk_r  0x0801a518       0x20 C:/ST/STM32CubeIDE_1.18.1/STM32CubeIDE/plugins/com.st.stm32cube.ide.mcu.externaltools.gnu-tools-for-stm32.13.3.rel1.win32_1.0.0.202411081344/tools/bin/../lib/gcc/arm-none-eabi/13.3.1/../../../../arm-none-eabi/lib/thumb/v7e-m+fp/hard\libc_nano.a(libc_a-sbrkr.o)
                0x0801a518                _sbrk_r
 .text._realloc_r
                0x0801a538       0x5c C:/ST/STM32CubeIDE_1.18.1/STM32CubeIDE/plugins/com.st.stm32cube.ide.mcu.externaltools.gnu-tools-for-stm32.13.3.rel1.win32_1.0.0.202411081344/tools/bin/../lib/gcc/arm-none-eabi/13.3.1/../../../../arm-none-eabi/lib/thumb/v7e-m+fp/hard\libc_nano.a(libc_a-reallocr.o)
                0x0801a538                _realloc_r
 .text._malloc_usable_size_r
                0x0801a594       0x10 C:/ST/STM32CubeIDE_1.18.1/STM32CubeIDE/plugins/com.st.stm32cube.ide.mcu.externaltools.gnu-tools-for-stm32.13.3.rel1.win32_1.0.0.202411081344/tools/bin/../lib/gcc/arm-none-eabi/13.3.1/../../../../arm-none-eabi/lib/thumb/v7e-m+fp/hard\libc_nano.a(libc_a-msizer.o)
                0x0801a594                _malloc_usable_size_r
 .text.atan2f   0x0801a5a4        0x4 C:/ST/STM32CubeIDE_1.18.1/STM32CubeIDE/plugins/com.st.stm32cube.ide.mcu.externaltools.gnu-tools-for-stm32.13.3.rel1.win32_1.0.0.202411081344/tools/bin/../lib/gcc/arm-none-eabi/13.3.1/../../../../arm-none-eabi/lib/thumb/v7e-m+fp/hard\libm.a(libm_a-wf_atan2.o)
                0x0801a5a4                atan2f
 .text.__ieee754_atan2f
                0x0801a5a8      0x140 C:/ST/STM32CubeIDE_1.18.1/STM32CubeIDE/plugins/com.st.stm32cube.ide.mcu.externaltools.gnu-tools-for-stm32.13.3.rel1.win32_1.0.0.202411081344/tools/bin/../lib/gcc/arm-none-eabi/13.3.1/../../../../arm-none-eabi/lib/thumb/v7e-m+fp/hard\libm.a(libm_a-ef_atan2.o)
                0x0801a5a8                __ieee754_atan2f
 .text.atanf    0x0801a6e8      0x1a8 C:/ST/STM32CubeIDE_1.18.1/STM32CubeIDE/plugins/com.st.stm32cube.ide.mcu.externaltools.gnu-tools-for-stm32.13.3.rel1.win32_1.0.0.202411081344/tools/bin/../lib/gcc/arm-none-eabi/13.3.1/../../../../arm-none-eabi/lib/thumb/v7e-m+fp/hard\libm.a(libm_a-sf_atan.o)
                0x0801a6e8                atanf
 .text.fabsf    0x0801a890        0xe C:/ST/STM32CubeIDE_1.18.1/STM32CubeIDE/plugins/com.st.stm32cube.ide.mcu.externaltools.gnu-tools-for-stm32.13.3.rel1.win32_1.0.0.202411081344/tools/bin/../lib/gcc/arm-none-eabi/13.3.1/../../../../arm-none-eabi/lib/thumb/v7e-m+fp/hard\libm.a(libm_a-sf_fabs.o)
                0x0801a890                fabsf
 *(.glue_7)
 .glue_7        0x0801a89e        0x0 linker stubs
 *(.glue_7t)
 .glue_7t       0x0801a89e        0x0 linker stubs
 *(.eh_frame)
 *fill*         0x0801a89e        0x2 
 .eh_frame      0x0801a8a0        0x0 C:/ST/STM32CubeIDE_1.18.1/STM32CubeIDE/plugins/com.st.stm32cube.ide.mcu.externaltools.gnu-tools-for-stm32.13.3.rel1.win32_1.0.0.202411081344/tools/bin/../lib/gcc/arm-none-eabi/13.3.1/thumb/v7e-m+fp/hard/crtbegin.o
 *(.init)
 .init          0x0801a8a0        0x4 C:/ST/STM32CubeIDE_1.18.1/STM32CubeIDE/plugins/com.st.stm32cube.ide.mcu.externaltools.gnu-tools-for-stm32.13.3.rel1.win32_1.0.0.202411081344/tools/bin/../lib/gcc/arm-none-eabi/13.3.1/thumb/v7e-m+fp/hard/crti.o
                0x0801a8a0                _init
 .init          0x0801a8a4        0x8 C:/ST/STM32CubeIDE_1.18.1/STM32CubeIDE/plugins/com.st.stm32cube.ide.mcu.externaltools.gnu-tools-for-stm32.13.3.rel1.win32_1.0.0.202411081344/tools/bin/../lib/gcc/arm-none-eabi/13.3.1/thumb/v7e-m+fp/hard/crtn.o
 *(.fini)
 .fini          0x0801a8ac        0x4 C:/ST/STM32CubeIDE_1.18.1/STM32CubeIDE/plugins/com.st.stm32cube.ide.mcu.externaltools.gnu-tools-for-stm32.13.3.rel1.win32_1.0.0.202411081344/tools/bin/../lib/gcc/arm-none-eabi/13.3.1/thumb/v7e-m+fp/hard/crti.o
                0x0801a8ac                _fini
 .fini          0x0801a8b0        0x8 C:/ST/STM32CubeIDE_1.18.1/STM32CubeIDE/plugins/com.st.stm32cube.ide.mcu.externaltools.gnu-tools-for-stm32.13.3.rel1.win32_1.0.0.202411081344/tools/bin/../lib/gcc/arm-none-eabi/13.3.1/thumb/v7e-m+fp/hard/crtn.o
                0x0801a8b8                        . = ALIGN (0x4)
                0x0801a8b8                        _etext = .

.vfp11_veneer   0x0801a8b8        0x0
 .vfp11_veneer  0x0801a8b8        0x0 linker stubs

.v4_bx          0x0801a8b8        0x0
 .v4_bx         0x0801a8b8        0x0 linker stubs

.iplt           0x0801a8b8        0x0
 .iplt          0x0801a8b8        0x0 C:/ST/STM32CubeIDE_1.18.1/STM32CubeIDE/plugins/com.st.stm32cube.ide.mcu.externaltools.gnu-tools-for-stm32.13.3.rel1.win32_1.0.0.202411081344/tools/bin/../lib/gcc/arm-none-eabi/13.3.1/thumb/v7e-m+fp/hard/crtbegin.o

.rodata         0x0801a8b8     0x17fc
                0x0801a8b8                        . = ALIGN (0x4)
 *(.rodata)
 .rodata        0x0801a8b8      0x49f ./Core/Src/ESP01.o
 *fill*         0x0801ad57        0x1 
 .rodata        0x0801ad58       0xaa ./Core/Src/UNER.o
 *fill*         0x0801ae02        0x2 
 .rodata        0x0801ae04      0x329 ./Core/Src/main.o
 *fill*         0x0801b12d        0x3 
 .rodata        0x0801b130       0x46 ./USB_DEVICE/App/usbd_desc.o
 *(.rodata*)