../Core/Src/ESP01.c:1044:13:ESP01StrToBufTX	12	static
../Core/Src/ESP01.c:1058:13:ESP01ByteToBufTX	8	static
../Core/Src/ESP01.c:154:6:ESP01_SetWIFI	16	static
../Core/Src/ESP01.c:169:15:ESP01_StartUDP	136	static
../Core/Src/ESP01.c:1072:6:onESP01StateChange	8	static
../Core/Src/ESP01.c:204:15:ESP01_StartTCP	16	static
../Core/Src/ESP01.c:231:6:ESP01_CloseUDPTCP	0	static
../Core/Src/ESP01.c:238:15:ESP01_StateWIFI	0	static
../Core/Src/ESP01.c:248:7:ESP01_GetLocalIP	0	static
../Core/Src/ESP01.c:256:15:ESP01_StateUDPTCP	0	static
../Core/Src/ESP01.c:267:6:ESP01_WriteRX	8	static
../Core/Src/ESP01.c:275:15:ESP01_Send	48	static
../Core/Src/ESP01.c:324:6:ESP01_Init	12	static
../Core/Src/ESP01.c:339:6:ESP01_Timeout10ms	0	static
../Core/Src/ESP01.c:353:6:ESP01_Task	64	dynamic
../Core/Src/ESP01.c:378:6:ESP01_AttachChangeState	0	static
../Core/Src/ESP01.c:382:6:ESP01_AttachDebugStr	0	static
../Core/Src/ESP01.c:386:5:ESP01_IsHDRRST	0	static
../Core/Src/ESP01.c:1064:5:ESP01_IsSending	0	static
../Core/Src/ESP01.c:1068:6:ESP01_USB_DbgStr	0	static
