../Core/Src/ESP01.c:1011:13:ESP01StrToBufTX	12	static
../Core/Src/ESP01.c:1025:13:ESP01ByteToBufTX	8	static
../Core/Src/ESP01.c:159:6:ESP01_SetWIFI	0	static
../Core/Src/ESP01.c:172:15:ESP01_StartUDP	128	static
../Core/Src/ESP01.c:1039:6:onESP01StateChange	8	static
../Core/Src/ESP01.c:206:15:ESP01_StartTCP	16	static
../Core/Src/ESP01.c:232:6:ESP01_CloseUDPTCP	0	static
../Core/Src/ESP01.c:239:15:ESP01_StateWIFI	0	static
../Core/Src/ESP01.c:249:7:ESP01_GetLocalIP	0	static
../Core/Src/ESP01.c:257:15:ESP01_StateUDPTCP	0	static
../Core/Src/ESP01.c:268:6:ESP01_WriteRX	8	static
../Core/Src/ESP01.c:276:15:ESP01_Send	48	static
../Core/Src/ESP01.c:325:6:ESP01_Init	12	static
../Core/Src/ESP01.c:340:6:ESP01_Timeout10ms	0	static
../Core/Src/ESP01.c:354:6:ESP01_Task	56	static
../Core/Src/ESP01.c:384:6:ESP01_AttachChangeState	0	static
../Core/Src/ESP01.c:388:6:ESP01_AttachDebugStr	0	static
../Core/Src/ESP01.c:392:5:ESP01_IsHDRRST	0	static
../Core/Src/ESP01.c:1031:5:ESP01_IsSending	0	static
../Core/Src/ESP01.c:1035:6:ESP01_USB_DbgStr	0	static
