../Core/Src/ESP01.c:1046:13:ESP01StrToBufTX	12	static
../Core/Src/ESP01.c:1060:13:ESP01ByteToBufTX	8	static
../Core/Src/ESP01.c:156:6:ESP01_SetWIFI	16	static
../Core/Src/ESP01.c:171:15:ESP01_StartUDP	136	static
../Core/Src/ESP01.c:1074:6:onESP01StateChange	8	static
../Core/Src/ESP01.c:206:15:ESP01_StartTCP	16	static
../Core/Src/ESP01.c:233:6:ESP01_CloseUDPTCP	0	static
../Core/Src/ESP01.c:240:15:ESP01_StateWIFI	0	static
../Core/Src/ESP01.c:250:7:ESP01_GetLocalIP	0	static
../Core/Src/ESP01.c:258:15:ESP01_StateUDPTCP	0	static
../Core/Src/ESP01.c:269:6:ESP01_WriteRX	8	static
../Core/Src/ESP01.c:277:15:ESP01_Send	48	static
../Core/Src/ESP01.c:326:6:ESP01_Init	12	static
../Core/Src/ESP01.c:341:6:ESP01_Timeout10ms	0	static
../Core/Src/ESP01.c:355:6:ESP01_Task	64	dynamic
../Core/Src/ESP01.c:380:6:ESP01_AttachChangeState	0	static
../Core/Src/ESP01.c:384:6:ESP01_AttachDebugStr	0	static
../Core/Src/ESP01.c:388:5:ESP01_IsHDRRST	0	static
../Core/Src/ESP01.c:1066:5:ESP01_IsSending	0	static
../Core/Src/ESP01.c:1070:6:ESP01_USB_DbgStr	0	static
