../Core/Src/ESP01.c:1019:13:ESP01StrToBufTX	12	static
../Core/Src/ESP01.c:1033:13:ESP01ByteToBufTX	8	static
../Core/Src/ESP01.c:1047:13:ESP01_NotifyStateChange	16	static
../Core/Src/ESP01.c:162:6:ESP01_SetWIFI	0	static
../Core/Src/ESP01.c:175:15:ESP01_StartUDP	128	static
../Core/Src/ESP01.c:209:15:ESP01_StartTCP	16	static
../Core/Src/ESP01.c:235:6:ESP01_CloseUDPTCP	0	static
../Core/Src/ESP01.c:242:15:ESP01_StateWIFI	0	static
../Core/Src/ESP01.c:252:7:ESP01_GetLocalIP	0	static
../Core/Src/ESP01.c:260:15:ESP01_StateUDPTCP	0	static
../Core/Src/ESP01.c:271:6:ESP01_WriteRX	8	static
../Core/Src/ESP01.c:279:15:ESP01_Send	48	static
../Core/Src/ESP01.c:328:6:ESP01_Init	12	static
../Core/Src/ESP01.c:342:6:ESP01_Timeout10ms	0	static
../Core/Src/ESP01.c:356:6:ESP01_Task	56	static
../Core/Src/ESP01.c:386:6:ESP01_AttachChangeState	0	static
../Core/Src/ESP01.c:390:6:ESP01_AttachDebugStr	0	static
../Core/Src/ESP01.c:394:5:ESP01_IsHDRRST	0	static
../Core/Src/ESP01.c:1039:5:ESP01_IsSending	0	static
../Core/Src/ESP01.c:1043:6:ESP01_USB_DbgStr	0	static
