../Core/Src/ESP01.c:1028:13:ESP01StrToBufTX	12	static
../Core/Src/ESP01.c:1042:13:ESP01ByteToBufTX	8	static
../Core/Src/ESP01.c:1056:13:ESP01_NotifyStateChange	16	static
../Core/Src/ESP01.c:163:6:ESP01_SetWIFI	0	static
../Core/Src/ESP01.c:176:15:ESP01_StartUDP	128	static
../Core/Src/ESP01.c:210:15:ESP01_StartTCP	16	static
../Core/Src/ESP01.c:236:6:ESP01_CloseUDPTCP	0	static
../Core/Src/ESP01.c:243:15:ESP01_StateWIFI	0	static
../Core/Src/ESP01.c:253:7:ESP01_GetLocalIP	0	static
../Core/Src/ESP01.c:261:15:ESP01_StateUDPTCP	0	static
../Core/Src/ESP01.c:272:6:ESP01_WriteRX	8	static
../Core/Src/ESP01.c:280:15:ESP01_Send	48	static
../Core/Src/ESP01.c:329:6:ESP01_Init	12	static
../Core/Src/ESP01.c:343:6:ESP01_Timeout10ms	0	static
../Core/Src/ESP01.c:365:6:ESP01_Task	56	static
../Core/Src/ESP01.c:395:6:ESP01_AttachChangeState	0	static
../Core/Src/ESP01.c:399:6:ESP01_AttachDebugStr	0	static
../Core/Src/ESP01.c:403:5:ESP01_IsHDRRST	0	static
../Core/Src/ESP01.c:1048:5:ESP01_IsSending	0	static
../Core/Src/ESP01.c:1052:6:ESP01_USB_DbgStr	0	static
