../Core/Src/main.c:319:6:USBRxData	0	static
../Core/Src/main.c:527:6:my_ssd1306_init	0	static
../Core/Src/main.c:597:9:my_ssd1306_is_busy	0	static
../Core/Src/main.c:610:6:my_ssd1306_delay_ms	0	static
../Core/Src/main.c:614:5:mpu_writeReg	32	static
../Core/Src/main.c:625:5:mpu_readReg	32	static
../Core/Src/main.c:636:5:mpu_readRegDMA	32	static
../Core/Src/main.c:456:12:uart_send_byte	16	static
../Core/Src/main.c:705:13:esp01_chpd	0	static
../Core/Src/main.c:711:6:appOnESP01ChangeState	0	static
../Core/Src/main.c:667:6:mpu_delayMs	0	static
../Core/Src/main.c:272:6:HAL_TIM_PeriodElapsedCallback	0	static
../Core/Src/main.c:287:6:HAL_I2C_MemRxCpltCallback	0	static
../Core/Src/main.c:294:6:HAL_I2C_MasterTxCpltCallback	0	static
../Core/Src/main.c:300:6:HAL_I2C_ErrorCallback	0	static
../Core/Src/main.c:306:6:HAL_UART_RxCpltCallback	8	static
../Core/Src/main.c:314:6:USB_BufferPush	0	static
../Core/Src/main.c:430:6:usb_service_tx	88	static
../Core/Src/main.c:413:9:usb_enqueue_tx	24	static
../Core/Src/main.c:326:6:USB_DebugSend	16	static
../Core/Src/main.c:337:6:USB_DebugStr	8	static
../Core/Src/main.c:342:6:USB_DebugHex	16	static
../Core/Src/main.c:348:6:USB_DebugUInt	32	static
../Core/Src/main.c:366:6:USB_Debug	24	static
../Core/Src/main.c:601:6:my_ssd1306_errorCb	8	static
../Core/Src/main.c:532:5:my_ssd1306_write_cmd	32	static
../Core/Src/main.c:544:5:my_ssd1306_write_data	160	static
../Core/Src/main.c:568:5:my_ssd1306_write_data_async	24	static
../Core/Src/main.c:671:6:mpu_errorCb	0	static
../Core/Src/main.c:460:6:PWM_init	16	static
../Core/Src/main.c:483:6:MotorControl	20	static
../Core/Src/main.c:680:6:calculate_tilt	24	static
../Core/Src/main.c:693:6:UpdateADC_MovingAverage	24	static
../Core/Src/main.c:719:6:updateDisplay	104	static
../Core/Src/main.c:1159:6:SystemClock_Config	88	static,ignoring_inline_asm
../Core/Src/main.c:838:5:main	360	static,ignoring_inline_asm
../Core/Src/main.c:1708:6:Error_Handler	0	static,ignoring_inline_asm
