../Core/Src/main.c:302:6:USBRxData	0	static
../Core/Src/main.c:510:6:my_ssd1306_init	0	static
../Core/Src/main.c:580:9:my_ssd1306_is_busy	0	static
../Core/Src/main.c:593:6:my_ssd1306_delay_ms	0	static
../Core/Src/main.c:597:5:mpu_writeReg	32	static
../Core/Src/main.c:608:5:mpu_readReg	32	static
../Core/Src/main.c:619:5:mpu_readRegDMA	32	static
../Core/Src/main.c:439:12:uart_send_byte	16	static
../Core/Src/main.c:688:13:esp01_chpd	0	static
../Core/Src/main.c:694:6:appOnESP01ChangeState	0	static
../Core/Src/main.c:650:6:mpu_delayMs	0	static
../Core/Src/main.c:255:6:HAL_TIM_PeriodElapsedCallback	0	static
../Core/Src/main.c:270:6:HAL_I2C_MemRxCpltCallback	0	static
../Core/Src/main.c:277:6:HAL_I2C_MasterTxCpltCallback	0	static
../Core/Src/main.c:283:6:HAL_I2C_ErrorCallback	0	static
../Core/Src/main.c:289:6:HAL_UART_RxCpltCallback	8	static
../Core/Src/main.c:297:6:USB_BufferPush	0	static
../Core/Src/main.c:413:6:usb_service_tx	88	static
../Core/Src/main.c:396:9:usb_enqueue_tx	24	static
../Core/Src/main.c:309:6:USB_DebugSend	16	static
../Core/Src/main.c:320:6:USB_DebugStr	8	static
../Core/Src/main.c:325:6:USB_DebugHex	16	static
../Core/Src/main.c:331:6:USB_DebugUInt	32	static
../Core/Src/main.c:349:6:USB_Debug	24	static
../Core/Src/main.c:584:6:my_ssd1306_errorCb	8	static
../Core/Src/main.c:515:5:my_ssd1306_write_cmd	32	static
../Core/Src/main.c:527:5:my_ssd1306_write_data	160	static
../Core/Src/main.c:551:5:my_ssd1306_write_data_async	24	static
../Core/Src/main.c:654:6:mpu_errorCb	0	static
../Core/Src/main.c:443:6:PWM_init	16	static
../Core/Src/main.c:466:6:MotorControl	20	static
../Core/Src/main.c:663:6:calculate_tilt	24	static
../Core/Src/main.c:676:6:UpdateADC_MovingAverage	24	static
../Core/Src/main.c:702:6:updateDisplay	104	static
../Core/Src/main.c:1029:6:SystemClock_Config	88	static,ignoring_inline_asm
../Core/Src/main.c:793:5:main	160	static,ignoring_inline_asm
../Core/Src/main.c:1578:6:Error_Handler	0	static,ignoring_inline_asm
