../Core/Src/main.c:295:6:USBRxData	0	static
../Core/Src/main.c:503:6:my_ssd1306_init	0	static
../Core/Src/main.c:573:9:my_ssd1306_is_busy	0	static
../Core/Src/main.c:586:6:my_ssd1306_delay_ms	0	static
../Core/Src/main.c:590:5:mpu_writeReg	32	static
../Core/Src/main.c:601:5:mpu_readReg	32	static
../Core/Src/main.c:612:5:mpu_readRegDMA	32	static
../Core/Src/main.c:432:12:uart_send_byte	16	static
../Core/Src/main.c:764:13:esp01_chpd	0	static
../Core/Src/main.c:770:6:appOnESP01ChangeState	0	static
../Core/Src/main.c:643:6:mpu_delayMs	0	static
../Core/Src/main.c:248:6:HAL_TIM_PeriodElapsedCallback	0	static
../Core/Src/main.c:263:6:HAL_I2C_MemRxCpltCallback	0	static
../Core/Src/main.c:270:6:HAL_I2C_MasterTxCpltCallback	0	static
../Core/Src/main.c:276:6:HAL_I2C_ErrorCallback	0	static
../Core/Src/main.c:282:6:HAL_UART_RxCpltCallback	8	static
../Core/Src/main.c:290:6:USB_BufferPush	0	static
../Core/Src/main.c:406:6:usb_service_tx	88	static
../Core/Src/main.c:389:9:usb_enqueue_tx	24	static
../Core/Src/main.c:302:6:USB_DebugSend	16	static
../Core/Src/main.c:313:6:USB_DebugStr	8	static
../Core/Src/main.c:318:6:USB_DebugHex	16	static
../Core/Src/main.c:324:6:USB_DebugUInt	32	static
../Core/Src/main.c:342:6:USB_Debug	24	static
../Core/Src/main.c:577:6:my_ssd1306_errorCb	8	static
../Core/Src/main.c:508:5:my_ssd1306_write_cmd	32	static
../Core/Src/main.c:520:5:my_ssd1306_write_data	160	static
../Core/Src/main.c:544:5:my_ssd1306_write_data_async	24	static
../Core/Src/main.c:647:6:mpu_errorCb	0	static
../Core/Src/main.c:436:6:PWM_init	16	static
../Core/Src/main.c:459:6:MotorControl	20	static
../Core/Src/main.c:656:6:calculate_tilt	24	static
../Core/Src/main.c:669:6:UpdateADC_MovingAverage	24	static
../Core/Src/main.c:681:6:updateDisplay	104	static
../Core/Src/main.c:1002:6:SystemClock_Config	88	static,ignoring_inline_asm
../Core/Src/main.c:783:5:main	144	static,ignoring_inline_asm
../Core/Src/main.c:1551:6:Error_Handler	0	static,ignoring_inline_asm
