../Core/Src/main.c:292:6:USBRxData	0	static
../Core/Src/main.c:500:6:my_ssd1306_init	0	static
../Core/Src/main.c:570:9:my_ssd1306_is_busy	0	static
../Core/Src/main.c:583:6:my_ssd1306_delay_ms	0	static
../Core/Src/main.c:587:5:mpu_writeReg	32	static
../Core/Src/main.c:598:5:mpu_readReg	32	static
../Core/Src/main.c:609:5:mpu_readRegDMA	32	static
../Core/Src/main.c:429:12:uart_send_byte	16	static
../Core/Src/main.c:761:13:esp01_chpd	0	static
../Core/Src/main.c:767:6:appOnESP01ChangeState	0	static
../Core/Src/main.c:640:6:mpu_delayMs	0	static
../Core/Src/main.c:245:6:HAL_TIM_PeriodElapsedCallback	0	static
../Core/Src/main.c:260:6:HAL_I2C_MemRxCpltCallback	0	static
../Core/Src/main.c:267:6:HAL_I2C_MasterTxCpltCallback	0	static
../Core/Src/main.c:273:6:HAL_I2C_ErrorCallback	0	static
../Core/Src/main.c:279:6:HAL_UART_RxCpltCallback	8	static
../Core/Src/main.c:287:6:USB_BufferPush	0	static
../Core/Src/main.c:403:6:usb_service_tx	88	static
../Core/Src/main.c:386:9:usb_enqueue_tx	24	static
../Core/Src/main.c:299:6:USB_DebugSend	16	static
../Core/Src/main.c:310:6:USB_DebugStr	8	static
../Core/Src/main.c:315:6:USB_DebugHex	16	static
../Core/Src/main.c:321:6:USB_DebugUInt	32	static
../Core/Src/main.c:339:6:USB_Debug	24	static
../Core/Src/main.c:574:6:my_ssd1306_errorCb	8	static
../Core/Src/main.c:505:5:my_ssd1306_write_cmd	32	static
../Core/Src/main.c:517:5:my_ssd1306_write_data	160	static
../Core/Src/main.c:541:5:my_ssd1306_write_data_async	24	static
../Core/Src/main.c:644:6:mpu_errorCb	0	static
../Core/Src/main.c:433:6:PWM_init	16	static
../Core/Src/main.c:456:6:MotorControl	20	static
../Core/Src/main.c:653:6:calculate_tilt	24	static
../Core/Src/main.c:666:6:UpdateADC_MovingAverage	24	static
../Core/Src/main.c:678:6:updateDisplay	104	static
../Core/Src/main.c:1019:6:SystemClock_Config	88	static,ignoring_inline_asm
../Core/Src/main.c:780:5:main	144	static,ignoring_inline_asm
../Core/Src/main.c:1568:6:Error_Handler	0	static,ignoring_inline_asm
