../Core/Src/stm32f4xx_hal_msp.c:70:6:HAL_MspInit	8	static
../Core/Src/stm32f4xx_hal_msp.c:93:6:HAL_ADC_MspInit	48	static
../Core/Src/stm32f4xx_hal_msp.c:163:6:HAL_ADC_MspDeInit	8	static
../Core/Src/stm32f4xx_hal_msp.c:206:6:HAL_I2C_MspInit	48	static
../Core/Src/stm32f4xx_hal_msp.c:286:6:HAL_I2C_MspDeInit	8	static
../Core/Src/stm32f4xx_hal_msp.c:324:6:HAL_TIM_Base_MspInit	24	static
../Core/Src/stm32f4xx_hal_msp.c:397:6:HAL_TIM_PWM_MspInit	16	static
../Core/Src/stm32f4xx_hal_msp.c:417:6:HAL_TIM_MspPostInit	40	static
../Core/Src/stm32f4xx_hal_msp.c:471:6:HAL_TIM_Base_MspDeInit	8	static
../Core/Src/stm32f4xx_hal_msp.c:541:6:HAL_TIM_PWM_MspDeInit	0	static
../Core/Src/stm32f4xx_hal_msp.c:566:6:HAL_UART_MspInit	40	static
../Core/Src/stm32f4xx_hal_msp.c:606:6:HAL_UART_MspDeInit	8	static
