../Core/Src/UNER.c:52:6:UNER_Init	12	static
../Core/Src/UNER.c:73:6:UNER_PushByte	8	static
../Core/Src/UNER.c:151:6:UNER_Send	32	static
../Core/Src/UNER.c:179:9:putHeaderOnTx	12	static
../Core/Src/UNER.c:201:9:putByteOnTx	8	static
../Core/Src/UNER.c:209:9:putStrOntx	16	static
../Core/Src/UNER.c:220:9:getByteFromRx	8	static
../Core/Src/UNER.c:515:9:UNER_ShouldSendAllSensors	0	static
../Core/Src/UNER.c:519:6:UNER_SendSerial	280	static
../Core/Src/UNER.c:536:6:UNER_RegisterADCBuffer	0	static
../Core/Src/UNER.c:541:6:UNER_RegisterMotorSpeed	0	static
../Core/Src/UNER.c:546:6:UNER_RegisterAngle	0	static
../Core/Src/UNER.c:553:6:UNER_SendData	16	static
../Core/Src/UNER.c:230:6:decodeCommand	16	static
../Core/Src/UNER.c:78:6:UNER_Task	24	static
../Core/Src/UNER.c:425:6:UNER_SendAlive	8	static
../Core/Src/UNER.c:448:6:UNER_SendAllSensors	16	static
