../Core/Src/UNER.c:58:6:UNER_Init	12	static
../Core/Src/UNER.c:79:6:UNER_PushByte	8	static
../Core/Src/UNER.c:157:6:UNER_Send	32	static
../Core/Src/UNER.c:185:9:putHeaderOnTx	12	static
../Core/Src/UNER.c:207:9:putByteOnTx	8	static
../Core/Src/UNER.c:215:9:putStrOntx	16	static
../Core/Src/UNER.c:226:9:getByteFromRx	8	static
../Core/Src/UNER.c:599:9:UNER_ShouldSendAllSensors	0	static
../Core/Src/UNER.c:603:6:UNER_SendSerial	280	static
../Core/Src/UNER.c:620:6:UNER_RegisterADCBuffer	0	static
../Core/Src/UNER.c:625:6:UNER_RegisterMotorSpeed	0	static
../Core/Src/UNER.c:630:6:UNER_RegisterProportionalControl	0	static
../Core/Src/UNER.c:636:6:UNER_RegisterAngle	0	static
../Core/Src/UNER.c:642:6:UNER_RegisterFlags	0	static
../Core/Src/UNER.c:648:6:UNER_SendData	16	static
../Core/Src/UNER.c:236:6:decodeCommand	16	static
../Core/Src/UNER.c:84:6:UNER_Task	24	static
../Core/Src/UNER.c:505:6:UNER_SendAlive	8	static
../Core/Src/UNER.c:528:6:UNER_SendAllSensors	16	static
