../Core/Src/UNER.c:57:6:UNER_Init	12	static
../Core/Src/UNER.c:78:6:UNER_PushByte	8	static
../Core/Src/UNER.c:156:6:UNER_Send	32	static
../Core/Src/UNER.c:184:9:putHeaderOnTx	12	static
../Core/Src/UNER.c:206:9:putByteOnTx	8	static
../Core/Src/UNER.c:214:9:putStrOntx	16	static
../Core/Src/UNER.c:225:9:getByteFromRx	8	static
../Core/Src/UNER.c:561:9:UNER_ShouldSendAllSensors	0	static
../Core/Src/UNER.c:565:6:UNER_SendSerial	280	static
../Core/Src/UNER.c:582:6:UNER_RegisterADCBuffer	0	static
../Core/Src/UNER.c:587:6:UNER_RegisterMotorSpeed	0	static
../Core/Src/UNER.c:592:6:UNER_RegisterProportionalControl	0	static
../Core/Src/UNER.c:597:6:UNER_RegisterAngle	0	static
../Core/Src/UNER.c:603:6:UNER_RegisterFlags	0	static
../Core/Src/UNER.c:609:6:UNER_SendData	16	static
../Core/Src/UNER.c:235:6:decodeCommand	16	static
../Core/Src/UNER.c:83:6:UNER_Task	24	static
../Core/Src/UNER.c:467:6:UNER_SendAlive	8	static
../Core/Src/UNER.c:490:6:UNER_SendAllSensors	16	static
