../Core/Src/UNER.c:60:6:UNER_Init	12	static
../Core/Src/UNER.c:81:6:UNER_PushByte	8	static
../Core/Src/UNER.c:159:6:UNER_Send	32	static
../Core/Src/UNER.c:187:9:putHeaderOnTx	12	static
../Core/Src/UNER.c:209:9:putByteOnTx	8	static
../Core/Src/UNER.c:217:9:putStrOntx	16	static
../Core/Src/UNER.c:228:9:getByteFromRx	8	static
../Core/Src/UNER.c:651:9:UNER_ShouldSendAllSensors	0	static
../Core/Src/UNER.c:655:6:UNER_SendSerial	280	static
../Core/Src/UNER.c:672:6:UNER_RegisterADCBuffer	0	static
../Core/Src/UNER.c:677:6:UNER_RegisterMotorSpeed	0	static
../Core/Src/UNER.c:682:6:UNER_RegisterProportionalControl	0	static
../Core/Src/UNER.c:688:6:UNER_RegisterAngle	0	static
../Core/Src/UNER.c:694:6:UNER_RegisterSteering	0	static
../Core/Src/UNER.c:698:6:UNER_RegisterFlags	0	static
../Core/Src/UNER.c:704:6:UNER_SendData	16	static
../Core/Src/UNER.c:238:6:decodeCommand	16	static
../Core/Src/UNER.c:86:6:UNER_Task	24	static
../Core/Src/UNER.c:557:6:UNER_SendAlive	8	static
../Core/Src/UNER.c:580:6:UNER_SendAllSensors	16	static
