../Core/Src/UNER.c:62:6:UNER_Init	12	static
../Core/Src/UNER.c:83:6:UNER_PushByte	8	static
../Core/Src/UNER.c:161:6:UNER_Send	32	static
../Core/Src/UNER.c:189:9:putHeaderOnTx	12	static
../Core/Src/UNER.c:211:9:putByteOnTx	8	static
../Core/Src/UNER.c:219:9:putStrOntx	16	static
../Core/Src/UNER.c:230:9:getByteFromRx	8	static
../Core/Src/UNER.c:662:9:UNER_ShouldSendAllSensors	0	static
../Core/Src/UNER.c:666:6:UNER_SendSerial	280	static
../Core/Src/UNER.c:683:6:UNER_RegisterADCBuffer	0	static
../Core/Src/UNER.c:688:6:UNER_RegisterMotorSpeed	0	static
../Core/Src/UNER.c:693:6:UNER_RegisterProportionalControl	0	static
../Core/Src/UNER.c:699:6:UNER_RegisterAngle	0	static
../Core/Src/UNER.c:705:6:UNER_RegisterSteering	0	static
../Core/Src/UNER.c:709:6:UNER_RegisterFlags	0	static
../Core/Src/UNER.c:716:6:UNER_SendData	16	static
../Core/Src/UNER.c:240:6:decodeCommand	16	static
../Core/Src/UNER.c:88:6:UNER_Task	24	static
../Core/Src/UNER.c:568:6:UNER_SendAlive	8	static
../Core/Src/UNER.c:591:6:UNER_SendAllSensors	16	static
../Core/Src/UNER.c:734:6:UNER_SendLogData	136	static
