../Core/Src/ESP01.c:164:6:ESP01_SetWIFI	16	static
../Core/Src/ESP01.c:177:15:ESP01_StartUDP	128	static
../Core/Src/ESP01.c:211:15:ESP01_StartTCP	16	static
../Core/Src/ESP01.c:237:6:ESP01_CloseUDPTCP	4	static
../Core/Src/ESP01.c:244:15:ESP01_StateWIFI	4	static
../Core/Src/ESP01.c:254:7:ESP01_GetLocalIP	4	static
../Core/Src/ESP01.c:262:15:ESP01_StateUDPTCP	4	static
../Core/Src/ESP01.c:273:6:ESP01_WriteRX	16	static
../Core/Src/ESP01.c:281:15:ESP01_Send	40	static
../Core/Src/ESP01.c:335:6:ESP01_Init	16	static
../Core/Src/ESP01.c:350:6:ESP01_Timeout10ms	8	static
../Core/Src/ESP01.c:378:6:ESP01_Task	16	static
../Core/Src/ESP01.c:425:6:ESP01_AttachChangeState	16	static
../Core/Src/ESP01.c:429:6:ESP01_AttachDebugStr	16	static
../Core/Src/ESP01.c:433:5:ESP01_IsHDRRST	4	static
../Core/Src/ESP01.c:441:13:ESP01ATDecode	24	static
../Core/Src/ESP01.c:762:13:ESP01DOConnection	16	static
../Core/Src/ESP01.c:1063:13:ESP01SENDData	16	static
../Core/Src/ESP01.c:1117:13:ESP01StrToBufTX	24	static
../Core/Src/ESP01.c:1131:13:ESP01ByteToBufTX	16	static
../Core/Src/ESP01.c:1137:5:ESP01_IsSending	4	static
../Core/Src/ESP01.c:1141:6:ESP01_USB_DbgStr	16	static
../Core/Src/ESP01.c:1145:13:ESP01_NotifyStateChange	16	static
../Core/Src/ESP01.c:1152:13:ESP01_InternalStateChange	16	static
