../Core/Src/ESP01.c:156:6:ESP01_SetWIFI	16	static
../Core/Src/ESP01.c:171:15:ESP01_StartUDP	128	static
../Core/Src/ESP01.c:206:15:ESP01_StartTCP	16	static
../Core/Src/ESP01.c:233:6:ESP01_CloseUDPTCP	4	static
../Core/Src/ESP01.c:240:15:ESP01_StateWIFI	4	static
../Core/Src/ESP01.c:250:7:ESP01_GetLocalIP	4	static
../Core/Src/ESP01.c:258:15:ESP01_StateUDPTCP	4	static
../Core/Src/ESP01.c:269:6:ESP01_WriteRX	16	static
../Core/Src/ESP01.c:277:15:ESP01_Send	40	static
../Core/Src/ESP01.c:326:6:ESP01_Init	16	static
../Core/Src/ESP01.c:341:6:ESP01_Timeout10ms	4	static
../Core/Src/ESP01.c:355:6:ESP01_Task	16	static
../Core/Src/ESP01.c:380:6:ESP01_AttachChangeState	16	static
../Core/Src/ESP01.c:384:6:ESP01_AttachDebugStr	16	static
../Core/Src/ESP01.c:388:5:ESP01_IsHDRRST	4	static
../Core/Src/ESP01.c:396:13:ESP01ATDecode	72	dynamic
../Core/Src/ESP01.c:739:13:ESP01DOConnection	8	static
../Core/Src/ESP01.c:1013:13:ESP01SENDData	16	static
../Core/Src/ESP01.c:1046:13:ESP01StrToBufTX	24	static
../Core/Src/ESP01.c:1060:13:ESP01ByteToBufTX	16	static
../Core/Src/ESP01.c:1066:5:ESP01_IsSending	4	static
../Core/Src/ESP01.c:1070:6:ESP01_USB_DbgStr	16	static
../Core/Src/ESP01.c:1074:6:onESP01StateChange	16	static
