../Core/Src/ESP01.c:168:6:ESP01_SetWIFI	16	static
../Core/Src/ESP01.c:181:15:ESP01_StartUDP	128	static
../Core/Src/ESP01.c:215:15:ESP01_StartTCP	16	static
../Core/Src/ESP01.c:241:6:ESP01_CloseUDPTCP	4	static
../Core/Src/ESP01.c:248:15:ESP01_StateWIFI	4	static
../Core/Src/ESP01.c:258:7:ESP01_GetLocalIP	4	static
../Core/Src/ESP01.c:266:15:ESP01_StateUDPTCP	4	static
../Core/Src/ESP01.c:277:6:ESP01_WriteRX	16	static
../Core/Src/ESP01.c:285:15:ESP01_Send	40	static
../Core/Src/ESP01.c:334:6:ESP01_Init	16	static
../Core/Src/ESP01.c:349:6:ESP01_Timeout10ms	8	static
../Core/Src/ESP01.c:371:6:ESP01_Task	16	static
../Core/Src/ESP01.c:417:6:ESP01_AttachChangeState	16	static
../Core/Src/ESP01.c:421:6:ESP01_AttachDebugStr	16	static
../Core/Src/ESP01.c:425:5:ESP01_IsHDRRST	4	static
../Core/Src/ESP01.c:433:13:ESP01ATDecode	24	static
../Core/Src/ESP01.c:739:13:ESP01DOConnection	8	static
../Core/Src/ESP01.c:1029:13:ESP01SENDData	16	static
../Core/Src/ESP01.c:1075:13:ESP01StrToBufTX	24	static
../Core/Src/ESP01.c:1089:13:ESP01ByteToBufTX	16	static
../Core/Src/ESP01.c:1095:5:ESP01_IsSending	4	static
../Core/Src/ESP01.c:1099:6:ESP01_USB_DbgStr	16	static
../Core/Src/ESP01.c:1103:13:ESP01_NotifyStateChange	16	static
../Core/Src/ESP01.c:1110:13:ESP01_InternalStateChange	16	static
