../Core/Src/ssd1306.c:68:6:SSD1306_RegisterPlatform	16	static
../Core/Src/ssd1306.c:72:6:SSD1306_Platform_Init	8	static
../Core/Src/ssd1306.c:76:6:SSD1306_Platform_DelayMs	16	static
../Core/Src/ssd1306.c:80:6:SSD1306_Platform_WriteCommand	16	static
../Core/Src/ssd1306.c:84:6:SSD1306_Platform_WriteData	16	static
../Core/Src/ssd1306.c:88:9:SSD1306_Platform_IsBusy	8	static
../Core/Src/ssd1306.c:92:6:SSD1306_Platform_WriteDataAsync	16	static
../Core/Src/ssd1306.c:97:6:SSD1306_ScrollRight	16	static
../Core/Src/ssd1306.c:110:6:SSD1306_ScrollLeft	16	static
../Core/Src/ssd1306.c:123:6:SSD1306_Scrolldiagright	16	static
../Core/Src/ssd1306.c:139:6:SSD1306_Scrolldiagleft	16	static
../Core/Src/ssd1306.c:155:6:SSD1306_Stopscroll	8	static
../Core/Src/ssd1306.c:162:6:SSD1306_InvertDisplay	16	static
../Core/Src/ssd1306.c:171:6:SSD1306_DrawBitmap	32	static
../Core/Src/ssd1306.c:194:9:SSD1306_Init	8	static
../Core/Src/ssd1306.c:246:6:SSD1306_UpdateScreen_Blocking	16	static
../Core/Src/ssd1306.c:259:6:SSD1306_UpdateScreen	16	static
../Core/Src/ssd1306.c:341:6:SSD1306_ToggleInvert	16	static
../Core/Src/ssd1306.c:353:6:SSD1306_Fill	16	static
../Core/Src/ssd1306.c:358:6:SSD1306_DrawPixel	16	static
../Core/Src/ssd1306.c:380:6:SSD1306_GotoXY	16	static
../Core/Src/ssd1306.c:386:6:SSD1306_Putc	32	static
../Core/Src/ssd1306.c:417:6:SSD1306_Puts	24	static
../Core/Src/ssd1306.c:435:6:SSD1306_DrawLine	40	static
../Core/Src/ssd1306.c:519:6:SSD1306_DrawRectangle	32	static
../Core/Src/ssd1306.c:544:6:SSD1306_DrawFilledRectangle	40	static
../Core/Src/ssd1306.c:571:6:SSD1306_DrawTriangle	32	static
../Core/Src/ssd1306.c:579:6:SSD1306_DrawFilledTriangle	64	static
../Core/Src/ssd1306.c:635:6:SSD1306_DrawCircle	40	static
../Core/Src/ssd1306.c:669:6:SSD1306_DrawFilledCircle	48	static
../Core/Src/ssd1306.c:700:6:SSD1306_Clear	8	static
../Core/Src/ssd1306.c:705:6:SSD1306_ON	8	static
../Core/Src/ssd1306.c:710:6:SSD1306_OFF	8	static
../Core/Src/ssd1306.c:719:6:SSD1306_RequestUpdate	4	static
../Core/Src/ssd1306.c:732:9:SSD1306_IsUpdateDone	4	static
../Core/Src/ssd1306.c:738:6:reportError	16	static
../Core/Src/ssd1306.c:745:9:SSD1306_GetLastError	4	static
../Core/Src/ssd1306.c:749:6:SSD1306_ClearError	4	static
../Core/Src/ssd1306.c:756:6:SSD1306_ResetUpdateState	4	static
../Core/Src/ssd1306.c:762:6:SSD1306_DrawDigit5x7	32	static
../Core/Src/ssd1306.c:776:6:SSD1306_DrawChar5x7	32	static
