../Core/Src/UNER.c:89:6:UNER_Init	24	static
../Core/Src/UNER.c:110:6:UNER_PushByte	16	static
../Core/Src/UNER.c:115:6:UNER_Task	16	static
../Core/Src/UNER.c:190:6:UNER_Send	32	static
../Core/Src/UNER.c:218:9:putHeaderOnTx	16	static
../Core/Src/UNER.c:240:9:putByteOnTx	16	static
../Core/Src/UNER.c:248:9:putStrOntx	16	static
../Core/Src/UNER.c:259:9:getByteFromRx	24	static
../Core/Src/UNER.c:269:6:decodeCommand	48	static
../Core/Src/UNER.c:933:6:UNER_SendAlive	8	static
../Core/Src/UNER.c:956:6:UNER_SendAllSensors	8	static
../Core/Src/UNER.c:1025:9:UNER_ShouldSendAllSensors	4	static
../Core/Src/UNER.c:1029:6:UNER_RegisterADCBuffer	16	static
../Core/Src/UNER.c:1034:6:UNER_RegisterMotorSpeed	16	static
../Core/Src/UNER.c:1039:6:UNER_RegisterProportionalControl	24	static
../Core/Src/UNER.c:1046:6:UNER_RegisterAngle	16	static
../Core/Src/UNER.c:1052:6:UNER_RegisterSteering	16	static
../Core/Src/UNER.c:1056:6:UNER_RegisterRobotState	16	static
../Core/Src/UNER.c:1060:6:UNER_RegisterFlags	24	static
../Core/Src/UNER.c:1067:6:UNER_RegisterLineControl	24	static
../Core/Src/UNER.c:1075:6:UNER_RegisterManualControl	24	static
../Core/Src/UNER.c:1081:6:UNER_RegisterRotationCmd	16	static
../Core/Src/UNER.c:1086:6:UNER_RegisterOdometry	24	static
../Core/Src/UNER.c:1092:6:UNER_RegisterSetpointTrim	16	static
../Core/Src/UNER.c:1097:6:UNER_SendData	272	static
../Core/Src/UNER.c:1120:6:UNER_SendWifiLogData	24	static
../Core/Src/UNER.c:1140:6:UNER_SendWifiOdomData	24	static
../Core/Src/UNER.c:1159:9:UNER_GetLastManualCmd	4	static
