../Core/Src/UNER.c:82:6:UNER_Init	24	static
../Core/Src/UNER.c:103:6:UNER_PushByte	16	static
../Core/Src/UNER.c:108:6:UNER_Task	16	static
../Core/Src/UNER.c:181:6:UNER_Send	32	static
../Core/Src/UNER.c:209:9:putHeaderOnTx	16	static
../Core/Src/UNER.c:231:9:putByteOnTx	16	static
../Core/Src/UNER.c:239:9:putStrOntx	16	static
../Core/Src/UNER.c:250:9:getByteFromRx	24	static
../Core/Src/UNER.c:260:6:decodeCommand	48	static
../Core/Src/UNER.c:810:6:UNER_SendAlive	8	static
../Core/Src/UNER.c:833:6:UNER_SendAllSensors	8	static
../Core/Src/UNER.c:904:9:UNER_ShouldSendAllSensors	4	static
../Core/Src/UNER.c:908:6:UNER_SendSerial	280	static
../Core/Src/UNER.c:925:6:UNER_RegisterADCBuffer	16	static
../Core/Src/UNER.c:930:6:UNER_RegisterMotorSpeed	16	static
../Core/Src/UNER.c:935:6:UNER_RegisterProportionalControl	24	static
../Core/Src/UNER.c:942:6:UNER_RegisterAngle	16	static
../Core/Src/UNER.c:948:6:UNER_RegisterSteering	16	static
../Core/Src/UNER.c:952:6:UNER_RegisterRobotState	16	static
../Core/Src/UNER.c:956:6:UNER_RegisterFlags	24	static
../Core/Src/UNER.c:963:6:UNER_RegisterLineControl	24	static
../Core/Src/UNER.c:971:6:UNER_RegisterManualControl	24	static
../Core/Src/UNER.c:977:6:UNER_RegisterSetpointTrim	16	static
../Core/Src/UNER.c:982:6:UNER_SendData	16	static
../Core/Src/UNER.c:1000:6:UNER_SendWifiLogData	24	static
../Core/Src/UNER.c:1024:6:UNER_SendLogData	24	static
../Core/Src/UNER.c:1047:9:UNER_GetLastManualCmd	4	static
