Archive member included to satisfy reference by file (symbol)

C:/ST/STM32CubeIDE_1.18.1/STM32CubeIDE/plugins/com.st.stm32cube.ide.mcu.externaltools.gnu-tools-for-stm32.13.3.rel1.win32_1.0.0.202411081344/tools/bin/../lib/gcc/arm-none-eabi/13.3.1/../../../../arm-none-eabi/lib/thumb/v7e-m+fp/hard\libc_nano.a(libc_a-atoi.o)
                              ./Core/Src/ESP01.o (atoi)
C:/ST/STM32CubeIDE_1.18.1/STM32CubeIDE/plugins/com.st.stm32cube.ide.mcu.externaltools.gnu-tools-for-stm32.13.3.rel1.win32_1.0.0.202411081344/tools/bin/../lib/gcc/arm-none-eabi/13.3.1/../../../../arm-none-eabi/lib/thumb/v7e-m+fp/hard\libc_nano.a(libc_a-exit.o)
                              C:/ST/STM32CubeIDE_1.18.1/STM32CubeIDE/plugins/com.st.stm32cube.ide.mcu.externaltools.gnu-tools-for-stm32.13.3.rel1.win32_1.0.0.202411081344/tools/bin/../lib/gcc/arm-none-eabi/13.3.1/../../../../arm-none-eabi/lib/thumb/v7e-m+fp/hard/crt0.o (exit)
C:/ST/STM32CubeIDE_1.18.1/STM32CubeIDE/plugins/com.st.stm32cube.ide.mcu.externaltools.gnu-tools-for-stm32.13.3.rel1.win32_1.0.0.202411081344/tools/bin/../lib/gcc/arm-none-eabi/13.3.1/../../../../arm-none-eabi/lib/thumb/v7e-m+fp/hard\libc_nano.a(libc_a-itoa.o)
                              ./Core/Src/ESP01.o (itoa)
C:/ST/STM32CubeIDE_1.18.1/STM32CubeIDE/plugins/com.st.stm32cube.ide.mcu.externaltools.gnu-tools-for-stm32.13.3.rel1.win32_1.0.0.202411081344/tools/bin/../lib/gcc/arm-none-eabi/13.3.1/../../../../arm-none-eabi/lib/thumb/v7e-m+fp/hard\libc_nano.a(libc_a-strtol.o)
                              C:/ST/STM32CubeIDE_1.18.1/STM32CubeIDE/plugins/com.st.stm32cube.ide.mcu.externaltools.gnu-tools-for-stm32.13.3.rel1.win32_1.0.0.202411081344/tools/bin/../lib/gcc/arm-none-eabi/13.3.1/../../../../arm-none-eabi/lib/thumb/v7e-m+fp/hard\libc_nano.a(libc_a-atoi.o) (_strtol_r)
C:/ST/STM32CubeIDE_1.18.1/STM32CubeIDE/plugins/com.st.stm32cube.ide.mcu.externaltools.gnu-tools-for-stm32.13.3.rel1.win32_1.0.0.202411081344/tools/bin/../lib/gcc/arm-none-eabi/13.3.1/../../../../arm-none-eabi/lib/thumb/v7e-m+fp/hard\libc_nano.a(libc_a-utoa.o)
                              C:/ST/STM32CubeIDE_1.18.1/STM32CubeIDE/plugins/com.st.stm32cube.ide.mcu.externaltools.gnu-tools-for-stm32.13.3.rel1.win32_1.0.0.202411081344/tools/bin/../lib/gcc/arm-none-eabi/13.3.1/../../../../arm-none-eabi/lib/thumb/v7e-m+fp/hard\libc_nano.a(libc_a-itoa.o) (__utoa)
C:/ST/STM32CubeIDE_1.18.1/STM32CubeIDE/plugins/com.st.stm32cube.ide.mcu.externaltools.gnu-tools-for-stm32.13.3.rel1.win32_1.0.0.202411081344/tools/bin/../lib/gcc/arm-none-eabi/13.3.1/../../../../arm-none-eabi/lib/thumb/v7e-m+fp/hard\libc_nano.a(libc_a-ctype_.o)
                              C:/ST/STM32CubeIDE_1.18.1/STM32CubeIDE/plugins/com.st.stm32cube.ide.mcu.externaltools.gnu-tools-for-stm32.13.3.rel1.win32_1.0.0.202411081344/tools/bin/../lib/gcc/arm-none-eabi/13.3.1/../../../../arm-none-eabi/lib/thumb/v7e-m+fp/hard\libc_nano.a(libc_a-strtol.o) (_ctype_)
C:/ST/STM32CubeIDE_1.18.1/STM32CubeIDE/plugins/com.st.stm32cube.ide.mcu.externaltools.gnu-tools-for-stm32.13.3.rel1.win32_1.0.0.202411081344/tools/bin/../lib/gcc/arm-none-eabi/13.3.1/../../../../arm-none-eabi/lib/thumb/v7e-m+fp/hard\libc_nano.a(libc_a-findfp.o)
                              C:/ST/STM32CubeIDE_1.18.1/STM32CubeIDE/plugins/com.st.stm32cube.ide.mcu.externaltools.gnu-tools-for-stm32.13.3.rel1.win32_1.0.0.202411081344/tools/bin/../lib/gcc/arm-none-eabi/13.3.1/../../../../arm-none-eabi/lib/thumb/v7e-m+fp/hard\libc_nano.a(libc_a-exit.o) (__stdio_exit_handler)
C:/ST/STM32CubeIDE_1.18.1/STM32CubeIDE/plugins/com.st.stm32cube.ide.mcu.externaltools.gnu-tools-for-stm32.13.3.rel1.win32_1.0.0.202411081344/tools/bin/../lib/gcc/arm-none-eabi/13.3.1/../../../../arm-none-eabi/lib/thumb/v7e-m+fp/hard\libc_nano.a(libc_a-fwalk.o)
                              C:/ST/STM32CubeIDE_1.18.1/STM32CubeIDE/plugins/com.st.stm32cube.ide.mcu.externaltools.gnu-tools-for-stm32.13.3.rel1.win32_1.0.0.202411081344/tools/bin/../lib/gcc/arm-none-eabi/13.3.1/../../../../arm-none-eabi/lib/thumb/v7e-m+fp/hard\libc_nano.a(libc_a-findfp.o) (_fwalk_sglue)
C:/ST/STM32CubeIDE_1.18.1/STM32CubeIDE/plugins/com.st.stm32cube.ide.mcu.externaltools.gnu-tools-for-stm32.13.3.rel1.win32_1.0.0.202411081344/tools/bin/../lib/gcc/arm-none-eabi/13.3.1/../../../../arm-none-eabi/lib/thumb/v7e-m+fp/hard\libc_nano.a(libc_a-snprintf.o)
                              ./Core/Src/main.o (snprintf)
C:/ST/STM32CubeIDE_1.18.1/STM32CubeIDE/plugins/com.st.stm32cube.ide.mcu.externaltools.gnu-tools-for-stm32.13.3.rel1.win32_1.0.0.202411081344/tools/bin/../lib/gcc/arm-none-eabi/13.3.1/../../../../arm-none-eabi/lib/thumb/v7e-m+fp/hard\libc_nano.a(libc_a-sprintf.o)
                              ./Core/Src/ESP01.o (sprintf)
C:/ST/STM32CubeIDE_1.18.1/STM32CubeIDE/plugins/com.st.stm32cube.ide.mcu.externaltools.gnu-tools-for-stm32.13.3.rel1.win32_1.0.0.202411081344/tools/bin/../lib/gcc/arm-none-eabi/13.3.1/../../../../arm-none-eabi/lib/thumb/v7e-m+fp/hard\libc_nano.a(libc_a-stdio.o)
[...]
Memory Configuration

Name             Origin             Length             Attributes
RAM              0x20000000         0x00020000         xrw
FLASH            0x08000000         0x00080000         xr
*default*        0x00000000         0xffffffff

Linker script and memory map

LOAD C:/ST/STM32CubeIDE_1.18.1/STM32CubeIDE/plugins/com.st.stm32cube.ide.mcu.externaltools.gnu-tools-for-stm32.13.3.rel1.win32_1.0.0.202411081344/tools/bin/../lib/gcc/arm-none-eabi/13.3.1/thumb/v7e-m+fp/hard/crti.o
LOAD C:/ST/STM32CubeIDE_1.18.1/STM32CubeIDE/plugins/com.st.stm32cube.ide.mcu.externaltools.gnu-tools-for-stm32.13.3.rel1.win32_1.0.0.202411081344/tools/bin/../lib/gcc/arm-none-eabi/13.3.1/thumb/v7e-m+fp/hard/crtbegin.o
LOAD C:/ST/STM32CubeIDE_1.18.1/STM32CubeIDE/plugins/com.st.stm32cube.ide.mcu.externaltools.gnu-tools-for-stm32.13.3.rel1.win32_1.0.0.202411081344/tools/bin/../lib/gcc/arm-none-eabi/13.3.1/../../../../arm-none-eabi/lib/thumb/v7e-m+fp/hard/crt0.o
LOAD ./Core/Src/ESP01.o
LOAD ./Core/Src/MPU6050.o
LOAD ./Core/Src/UNER.o
LOAD ./Core/Src/fonts.o
LOAD ./Core/Src/main.o
LOAD ./Core/Src/ssd1306.o
LOAD ./Core/Src/stm32f4xx_hal_msp.o
LOAD ./Core/Src/stm32f4xx_it.o
LOAD ./Core/Src/syscalls.o
LOAD ./Core/Src/sysmem.o
LOAD ./Core/Src/system_stm32f4xx.o
LOAD ./Core/Startup/startup_stm32f411ceux.o
LOAD ./Drivers/STM32F4xx_HAL_Driver/Src/stm32f4xx_hal.o
LOAD ./Drivers/STM32F4xx_HAL_Driver/Src/stm32f4xx_hal_adc.o
LOAD ./Drivers/STM32F4xx_HAL_Driver/Src/stm32f4xx_hal_adc_ex.o
LOAD ./Drivers/STM32F4xx_HAL_Driver/Src/stm32f4xx_hal_cortex.o
LOAD ./Drivers/STM32F4xx_HAL_Driver/Src/stm32f4xx_hal_dma.o
LOAD ./Drivers/STM32F4xx_HAL_Driver/Src/stm32f4xx_hal_dma_ex.o
LOAD ./Drivers/STM32F4xx_HAL_Driver/Src/stm32f4xx_hal_exti.o
LOAD ./Drivers/STM32F4xx_HAL_Driver/Src/stm32f4xx_hal_flash.o
LOAD ./Drivers/STM32F4xx_HAL_Driver/Src/stm32f4xx_hal_flash_ex.o
LOAD ./Drivers/STM32F4xx_HAL_Driver/Src/stm32f4xx_hal_flash_ramfunc.o
LOAD ./Drivers/STM32F4xx_HAL_Driver/Src/stm32f4xx_hal_gpio.o
LOAD ./Drivers/STM32F4xx_HAL_Driver/Src/stm32f4xx_hal_i2c.o
LOAD ./Drivers/STM32F4xx_HAL_Driver/Src/stm32f4xx_hal_i2c_ex.o
LOAD ./Drivers/STM32F4xx_HAL_Driver/Src/stm32f4xx_hal_pcd.o
LOAD ./Drivers/STM32F4xx_HAL_Driver/Src/stm32f4xx_hal_pcd_ex.o
LOAD ./Drivers/STM32F4xx_HAL_Driver/Src/stm32f4xx_hal_pwr.o
LOAD ./Drivers/STM32F4xx_HAL_Driver/Src/stm32f4xx_hal_pwr_ex.o
LOAD ./Drivers/STM32F4xx_HAL_Driver/Src/stm32f4xx_hal_rcc.o
LOAD ./Drivers/STM32F4xx_HAL_Driver/Src/stm32f4xx_hal_rcc_ex.o
LOAD ./Drivers/STM32F4xx_HAL_Driver/Src/stm32f4xx_hal_tim.o
LOAD ./Drivers/STM32F4xx_HAL_Driver/Src/stm32f4xx_hal_tim_ex.o
LOAD ./Drivers/STM32F4xx_HAL_Driver/Src/stm32f4xx_hal_uart.o
LOAD ./Drivers/STM32F4xx_HAL_Driver/Src/stm32f4xx_ll_adc.o
LOAD ./Drivers/STM32F4xx_HAL_Driver/Src/stm32f4xx_ll_usb.o
LOAD ./Middlewares/ST/STM32_USB_Device_Library/Class/CDC/Src/usbd_cdc.o
LOAD ./Middlewares/ST/STM32_USB_Device_Library/Core/Src/usbd_core.o
LOAD ./Middlewares/ST/STM32_USB_Device_Library/Core/Src/usbd_ctlreq.o
LOAD ./Middlewares/ST/STM32_USB_Device_Library/Core/Src/usbd_ioreq.o
LOAD ./USB_DEVICE/App/usb_device.o
LOAD ./USB_DEVICE/App/usbd_cdc_if.o
LOAD ./USB_DEVICE/App/usbd_desc.o
LOAD ./USB_DEVICE/Target/usbd_conf.o
START GROUP
LOAD C:/ST/STM32CubeIDE_1.18.1/STM32CubeIDE/plugins/com.st.stm32cube.ide.mcu.externaltools.gnu-tools-for-stm32.13.3.rel1.win32_1.0.0.202411081344/tools/bin/../lib/gcc/arm-none-eabi/13.3.1/../../../../arm-none-eabi/lib/thumb/v7e-m+fp/hard\libc_nano.a
LOAD C:/ST/STM32CubeIDE_1.18.1/STM32CubeIDE/plugins/com.st.stm32cube.ide.mcu.externaltools.gnu-tools-for-stm32.13.3.rel1.win32_1.0.0.202411081344/tools/bin/../lib/gcc/arm-none-eabi/13.3.1/../../../../arm-none-eabi/lib/thumb/v7e-m+fp/hard\libm.a
END GROUP
START GROUP
LOAD C:/ST/STM32CubeIDE_1.18.1/STM32CubeIDE/plugins/com.st.stm32cube.ide.mcu.externaltools.gnu-tools-for-stm32.13.3.rel1.win32_1.0.0.202411081344/tools/bin/../lib/gcc/arm-none-eabi/13.3.1/thumb/v7e-m+fp/hard\libgcc.a
LOAD C:/ST/STM32CubeIDE_1.18.1/STM32CubeIDE/plugins/com.st.stm32cube.ide.mcu.externaltools.gnu-tools-for-stm32.13.3.rel1.win32_1.0.0.202411081344/tools/bin/../lib/gcc/arm-none-eabi/13.3.1/../../../../arm-none-eabi/lib/thumb/v7e-m+fp/hard\libc_nano.a
END GROUP
START GROUP
LOAD C:/ST/STM32CubeIDE_1.18.1/STM32CubeIDE/plugins/com.st.stm32cube.ide.mcu.externaltools.gnu-tools-for-stm32.13.3.rel1.win32_1.0.0.202411081344/tools/bin/../lib/gcc/arm-none-eabi/13.3.1/thumb/v7e-m+fp/hard\libgcc.a
LOAD C:/ST/STM32CubeIDE_1.18.1/STM32CubeIDE/plugins/com.st.stm32cube.ide.mcu.externaltools.gnu-tools-for-stm32.13.3.rel1.win32_1.0.0.202411081344/tools/bin/../lib/gcc/arm-none-eabi/13.3.1/../../../../arm-none-eabi/lib/thumb/v7e-m+fp/hard\libc_nano.a
LOAD C:/ST/STM32CubeIDE_1.18.1/STM32CubeIDE/plugins/com.st.stm32cube.ide.mcu.externaltools.gnu-tools-for-stm32.13.3.rel1.win32_1.0.0.202411081344/tools/bin/../lib/gcc/arm-none-eabi/13.3.1/../../../../arm-none-eabi/lib/thumb/v7e-m+fp/hard\libnosys.a
END GROUP
START GROUP
LOAD C:/ST/STM32CubeIDE_1.18.1/STM32CubeIDE/plugins/com.st.stm32cube.ide.mcu.externaltools.gnu-tools-for-stm32.13.3.rel1.win32_1.0.0.202411081344/tools/bin/../lib/gcc/arm-none-eabi/13.3.1/thumb/v7e-m+fp/hard\libgcc.a
LOAD C:/ST/STM32CubeIDE_1.18.1/STM32CubeIDE/plugins/com.st.stm32cube.ide.mcu.externaltools.gnu-tools-for-stm32.13.3.rel1.win32_1.0.0.202411081344/tools/bin/../lib/gcc/arm-none-eabi/13.3.1/../../../../arm-none-eabi/lib/thumb/v7e-m+fp/hard\libc_nano.a
LOAD C:/ST/STM32CubeIDE_1.18.1/STM32CubeIDE/plugins/com.st.stm32cube.ide.mcu.externaltools.gnu-tools-for-stm32.13.3.rel1.win32_1.0.0.202411081344/tools/bin/../lib/gcc/arm-none-eabi/13.3.1/../../../../arm-none-eabi/lib/thumb/v7e-m+fp/hard\libnosys.a
END GROUP
LOAD C:/ST/STM32CubeIDE_1.18.1/STM32CubeIDE/plugins/com.st.stm32cube.ide.mcu.externaltools.gnu-tools-for-stm32.13.3.rel1.win32_1.0.0.202411081344/tools/bin/../lib/gcc/arm-none-eabi/13.3.1/thumb/v7e-m+fp/hard/crtend.o
LOAD C:/ST/STM32CubeIDE_1.18.1/STM32CubeIDE/plugins/com.st.stm32cube.ide.mcu.externaltools.gnu-tools-for-stm32.13.3.rel1.win32_1.0.0.202411081344/tools/bin/../lib/gcc/arm-none-eabi/13.3.1/thumb/v7e-m+fp/hard/crtn.o
                0x20020000                        _estack = (ORIGIN (RAM) + LENGTH (RAM))
                0x00000200                        _Min_Heap_Size = 0x200
                0x00000400                        _Min_Stack_Size = 0x400

.isr_vector     0x08000000      0x198
                0x08000000                        . = ALIGN (0x4)
 *(.isr_vector)
 .isr_vector    0x08000000      0x198 ./Core/Startup/startup_stm32f411ceux.o
                0x08000000                g_pfnVectors
                0x08000198                        . = ALIGN (0x4)

.text           0x080001a0     0xc1e8
                0x080001a0                        . = ALIGN (0x4)
 *(.text)
 .text          0x080001a0       0x40 C:/ST/STM32CubeIDE_1.18.1/STM32CubeIDE/plugins/com.st.stm32cube.ide.mcu.externaltools.gnu-tools-for-stm32.13.3.rel1.win32_1.0.0.202411081344/tools/bin/../lib/gcc/arm-none-eabi/13.3.1/thumb/v7e-m+fp/hard/crtbegin.o
 .text          0x080001e0       0x14 C:/ST/STM32CubeIDE_1.18.1/STM32CubeIDE/plugins/com.st.stm32cube.ide.mcu.externaltools.gnu-tools-for-stm32.13.3.rel1.win32_1.0.0.202411081344/tools/bin/../lib/gcc/arm-none-eabi/13.3.1/../../../../arm-none-eabi/lib/thumb/v7e-m+fp/hard\libc_nano.a(libc_a-strcmp.o)
                0x080001e0                strcmp
 .text          0x080001f4       0x10 C:/ST/STM32CubeIDE_1.18.1/STM32CubeIDE/plugins/com.st.stm32cube.ide.mcu.externaltools.gnu-tools-for-stm32.13.3.rel1.win32_1.0.0.202411081344/tools/bin/../lib/gcc/arm-none-eabi/13.3.1/../../../../arm-none-eabi/lib/thumb/v7e-m+fp/hard\libc_nano.a(libc_a-strlen.o)
                0x080001f4                strlen
 *fill*         0x08000204        0xc 
 .text          0x08000210       0xa0 C:/ST/STM32CubeIDE_1.18.1/STM32CubeIDE/plugins/com.st.stm32cube.ide.mcu.externaltools.gnu-tools-for-stm32.13.3.rel1.win32_1.0.0.202411081344/tools/bin/../lib/gcc/arm-none-eabi/13.3.1/../../../../arm-none-eabi/lib/thumb/v7e-m+fp/hard\libc_nano.a(libc_a-memchr.o)
                0x08000210                memchr
 .text          0x080002b0      0x254 C:/ST/STM32CubeIDE_1.18.1/STM32CubeIDE/plugins/com.st.stm32cube.ide.mcu.externaltools.gnu-tools-for-stm32.13.3.rel1.win32_1.0.0.202411081344/tools/bin/../lib/gcc/arm-none-eabi/13.3.1/thumb/v7e-m+fp/hard\libgcc.a(_arm_muldf3.o)
                0x080002b0                __muldf3
                0x080002b0                __aeabi_dmul
 .text          0x08000504      0x378 C:/ST/STM32CubeIDE_1.18.1/STM32CubeIDE/plugins/com.st.stm32cube.ide.mcu.externaltools.gnu-tools-for-stm32.13.3.rel1.win32_1.0.0.202411081344/tools/bin/../lib/gcc/arm-none-eabi/13.3.1/thumb/v7e-m+fp/hard\libgcc.a(_arm_addsubdf3.o)
                0x08000504                __aeabi_drsub
                0x0800050c                __aeabi_dsub
                0x0800050c                __subdf3
                0x08000510                __aeabi_dadd
                0x08000510                __adddf3
                0x08000788                __floatunsidf
                0x08000788                __aeabi_ui2d
                0x080007a8                __floatsidf
                0x080007a8                __aeabi_i2d
                0x080007cc                __aeabi_f2d
                0x080007cc                __extendsfdf2
                0x08000810                __floatundidf
                0x08000810                __aeabi_ul2d
                0x08000820                __floatdidf
                0x08000820                __aeabi_l2d
 .text          0x0800087c       0xa0 C:/ST/STM32CubeIDE_1.18.1/STM32CubeIDE/plugins/com.st.stm32cube.ide.mcu.externaltools.gnu-tools-for-stm32.13.3.rel1.win32_1.0.0.202411081344/tools/bin/../lib/gcc/arm-none-eabi/13.3.1/thumb/v7e-m+fp/hard\libgcc.a(_arm_truncdfsf2.o)
                0x0800087c                __truncdfsf2
                0x0800087c                __aeabi_d2f
 .text          0x0800091c       0x30 C:/ST/STM32CubeIDE_1.18.1/STM32CubeIDE/plugins/com.st.stm32cube.ide.mcu.externaltools.gnu-tools-for-stm32.13.3.rel1.win32_1.0.0.202411081344/tools/bin/../lib/gcc/arm-none-eabi/13.3.1/thumb/v7e-m+fp/hard\libgcc.a(_aeabi_uldivmod.o)
                0x0800091c                __aeabi_uldivmod
 .text          0x0800094c      0x2f8 C:/ST/STM32CubeIDE_1.18.1/STM32CubeIDE/plugins/com.st.stm32cube.ide.mcu.externaltools.gnu-tools-for-stm32.13.3.rel1.win32_1.0.0.202411081344/tools/bin/../lib/gcc/arm-none-eabi/13.3.1/thumb/v7e-m+fp/hard\libgcc.a(_udivmoddi4.o)
                0x0800094c                __udivmoddi4
 .text          0x08000c44        0x4 C:/ST/STM32CubeIDE_1.18.1/STM32CubeIDE/plugins/com.st.stm32cube.ide.mcu.externaltools.gnu-tools-for-stm32.13.3.rel1.win32_1.0.0.202411081344/tools/bin/../lib/gcc/arm-none-eabi/13.3.1/thumb/v7e-m+fp/hard\libgcc.a(_dvmd_tls.o)
                0x08000c44                __aeabi_idiv0
                0x08000c44                __aeabi_ldiv0
 *(.text*)
 .text.ESP01StrToBufTX
                0x08000c48       0x34 ./Core/Src/ESP01.o
 .text.ESP01ByteToBufTX
                0x08000c7c       0x24 ./Core/Src/ESP01.o
 .text.ESP01_SetWIFI
                0x08000ca0       0x54 ./Core/Src/ESP01.o
                0x08000ca0                ESP01_SetWIFI
 .text.ESP01_StartUDP
                0x08000cf4       0xb8 ./Core/Src/ESP01.o
                0x08000cf4                ESP01_StartUDP
 .text.onESP01StateChange
                0x08000dac       0xf8 ./Core/Src/ESP01.o
                0x08000dac                onESP01StateChange
 .text.ESP01_StateUDPTCP
                0x08000ea4       0x24 ./Core/Src/ESP01.o
                0x08000ea4                ESP01_StateUDPTCP
 .text.ESP01_WriteRX
                0x08000ec8       0x2c ./Core/Src/ESP01.o
                0x08000ec8                ESP01_WriteRX
 .text.ESP01_Send
                0x08000ef4       0xfc ./Core/Src/ESP01.o
                0x08000ef4                ESP01_Send
 .text.ESP01_Init
                0x08000ff0       0x6c ./Core/Src/ESP01.o
                0x08000ff0                ESP01_Init
 .text.ESP01_Timeout10ms
                0x0800105c       0x38 ./Core/Src/ESP01.o
                0x0800105c                ESP01_Timeout10ms
 .text.ESP01_Task
                0x08001094      0xc44 ./Core/Src/ESP01.o
                0x08001094                ESP01_Task
 .text.ESP01_AttachChangeState
                0x08001cd8        0xc ./Core/Src/ESP01.o
                0x08001cd8                ESP01_AttachChangeState
 .text.ESP01_AttachDebugStr
                0x08001ce4        0xc ./Core/Src/ESP01.o
                0x08001ce4                ESP01_AttachDebugStr
 .text.ESP01_IsSending
                0x08001cf0       0x10 ./Core/Src/ESP01.o
                0x08001cf0                ESP01_IsSending
 .text.ESP01_USB_DbgStr
                0x08001d00        0x4 ./Core/Src/ESP01.o
                0x08001d00                ESP01_USB_DbgStr
 .text.MPU6050_RegisterPlatform
                0x08001d04        0xc ./Core/Src/MPU6050.o
                0x08001d04                MPU6050_RegisterPlatform
 .text.MPU6050_Init
                0x08001d10       0x7c ./Core/Src/MPU6050.o
                0x08001d10                MPU6050_Init
 .text.MPU6050_StartRead_DMA
                0x08001d8c       0x2c ./Core/Src/MPU6050.o
                0x08001d8c                MPU6050_StartRead_DMA
 .text.MPU6050_IsDataReady
                0x08001db8        0xc ./Core/Src/MPU6050.o
                0x08001db8                MPU6050_IsDataReady
 .text.MPU6050_ClearDataReady
                0x08001dc4        0xc ./Core/Src/MPU6050.o
                0x08001dc4                MPU6050_ClearDataReady
 .text.MPU6050_GetAccel
                0x08001dd0       0x2c ./Core/Src/MPU6050.o
                0x08001dd0                MPU6050_GetAccel
 .text.MPU6050_GetGyro
                0x08001dfc       0x2c ./Core/Src/MPU6050.o
                0x08001dfc                MPU6050_GetGyro
 .text.MPU6050_ProcessDMA
                0x08001e28      0x19c ./Core/Src/MPU6050.o
                0x08001e28                MPU6050_ProcessDMA
 .text.MPU6050_Calibrate
                0x08001fc4       0xf0 ./Core/Src/MPU6050.o
                0x08001fc4                MPU6050_Calibrate
 .text.UNER_Init
                0x080020b4       0x64 ./Core/Src/UNER.o
                0x080020b4                UNER_Init
 .text.UNER_PushByte
                0x08002118       0x20 ./Core/Src/UNER.o
                0x08002118                UNER_PushByte
 .text.putHeaderOnTx
                0x08002138       0x8a ./Core/Src/UNER.o
                0x08002138                putHeaderOnTx
 .text.putByteOnTx
                0x080021c2       0x20 ./Core/Src/UNER.o
                0x080021c2                putByteOnTx
 *fill*         0x080021e2        0x2 
 .text.putStrOntx
                0x080021e4       0x3c ./Core/Src/UNER.o
                0x080021e4                putStrOntx
 .text.getByteFromRx
                0x08002220       0x1a ./Core/Src/UNER.o
                0x08002220                getByteFromRx
 *fill*         0x0800223a        0x2 
 .text.UNER_ShouldSendAllSensors
                0x0800223c        0xc ./Core/Src/UNER.o
                0x0800223c                UNER_ShouldSendAllSensors
 .text.UNER_RegisterADCBuffer
                0x08002248        0xc ./Core/Src/UNER.o
                0x08002248                UNER_RegisterADCBuffer
 .text.UNER_RegisterMotorSpeed
                0x08002254       0x14 ./Core/Src/UNER.o
                0x08002254                UNER_RegisterMotorSpeed
 .text.UNER_RegisterProportionalControl
                0x08002268       0x14 ./Core/Src/UNER.o
                0x08002268                UNER_RegisterProportionalControl
 .text.UNER_RegisterAngle
                0x0800227c       0x14 ./Core/Src/UNER.o
                0x0800227c                UNER_RegisterAngle
 .text.UNER_SendData
                0x08002290       0x60 ./Core/Src/UNER.o
                0x08002290                UNER_SendData
 .text.decodeCommand
                0x080022f0      0x5ac ./Core/Src/UNER.o
                0x080022f0                decodeCommand
 .text.UNER_Task
                0x0800289c       0xd8 ./Core/Src/UNER.o
                0x0800289c                UNER_Task
 .text.UNER_SendAlive
                0x08002974       0x6c ./Core/Src/UNER.o
                0x08002974                UNER_SendAlive
 .text.UNER_SendAllSensors
                0x080029e0      0x1f0 ./Core/Src/UNER.o
                0x080029e0                UNER_SendAllSensors
 .text.USBRxData
                0x08002bd0        0x2 ./Core/Src/main.o
                0x08002bd0                USBRxData
 .text.my_ssd1306_init
                0x08002bd2        0x2 ./Core/Src/main.o
                0x08002bd2                my_ssd1306_init
 .text.my_ssd1306_is_busy
                0x08002bd4       0x10 ./Core/Src/main.o
                0x08002bd4                my_ssd1306_is_busy
 .text.my_ssd1306_delay_ms
                0x08002be4        0x6 ./Core/Src/main.o
                0x08002be4                my_ssd1306_delay_ms
 *fill*         0x08002bea        0x2 
 .text.mpu_writeReg
                0x08002bec       0x30 ./Core/Src/main.o
                0x08002bec                mpu_writeReg
 .text.mpu_readReg
                0x08002c1c       0x30 ./Core/Src/main.o
                0x08002c1c                mpu_readReg
 .text.mpu_readRegDMA
                0x08002c4c       0x38 ./Core/Src/main.o
                0x08002c4c                mpu_readRegDMA
 .text.uart_send_byte
                0x08002c84       0x24 ./Core/Src/main.o
 .text.esp01_chpd
                0x08002ca8       0x14 ./Core/Src/main.o
 .text.appOnESP01ChangeState
                0x08002cbc       0x1c ./Core/Src/main.o
                0x08002cbc                appOnESP01ChangeState
 .text.mpu_delayMs
                0x08002cd8        0x6 ./Core/Src/main.o
                0x08002cd8                mpu_delayMs
 *fill*         0x08002cde        0x2 
 .text.HAL_TIM_PeriodElapsedCallback
                0x08002ce0       0x38 ./Core/Src/main.o
                0x08002ce0                HAL_TIM_PeriodElapsedCallback
 .text.HAL_I2C_MemRxCpltCallback
                0x08002d18       0x1c ./Core/Src/main.o
                0x08002d18                HAL_I2C_MemRxCpltCallback
 .text.HAL_I2C_MasterTxCpltCallback
                0x08002d34       0x18 ./Core/Src/main.o
                0x08002d34                HAL_I2C_MasterTxCpltCallback
 .text.HAL_I2C_ErrorCallback
                0x08002d4c        0x4 ./Core/Src/main.o
                0x08002d4c                HAL_I2C_ErrorCallback
 .text.HAL_UART_RxCpltCallback
                0x08002d50       0x30 ./Core/Src/main.o
                0x08002d50                HAL_UART_RxCpltCallback
 .text.usb_service_tx
                0x08002d80       0x84 ./Core/Src/main.o
                0x08002d80                usb_service_tx
 .text.usb_enqueue_tx
                0x08002e04       0x4c ./Core/Src/main.o
                0x08002e04                usb_enqueue_tx
 .text.USB_DebugSend
                0x08002e50       0x22 ./Core/Src/main.o
                0x08002e50                USB_DebugSend
 .text.USB_DebugStr
                0x08002e72       0x14 ./Core/Src/main.o
                0x08002e72                USB_DebugStr
 *fill*         0x08002e86        0x2 
 .text.USB_DebugHex
                0x08002e88       0x28 ./Core/Src/main.o
                0x08002e88                USB_DebugHex
 .text.USB_DebugUInt
                0x08002eb0       0x4c ./Core/Src/main.o
                0x08002eb0                USB_DebugUInt
 .text.USB_Debug
                0x08002efc       0xa0 ./Core/Src/main.o
                0x08002efc                USB_Debug
 .text.my_ssd1306_errorCb
                0x08002f9c       0x30 ./Core/Src/main.o
                0x08002f9c                my_ssd1306_errorCb
 .text.my_ssd1306_write_cmd
                0x08002fcc       0x38 ./Core/Src/main.o
                0x08002fcc                my_ssd1306_write_cmd
 .text.my_ssd1306_write_data
                0x08003004       0x3a ./Core/Src/main.o
                0x08003004                my_ssd1306_write_data
 *fill*         0x0800303e        0x2 
 .text.my_ssd1306_write_data_async
                0x08003040       0x50 ./Core/Src/main.o
                0x08003040                my_ssd1306_write_data_async
 .text.mpu_errorCb
                0x08003090       0x24 ./Core/Src/main.o
                0x08003090                mpu_errorCb
 .text.PWM_init
                0x080030b4       0x4c ./Core/Src/main.o
                0x080030b4                PWM_init
 .text.MotorControl
                0x08003100       0x78 ./Core/Src/main.o
                0x08003100                MotorControl
 .text.UpdateADC_MovingAverage
                0x08003178       0x68 ./Core/Src/main.o
                0x08003178                UpdateADC_MovingAverage
 .text.updateDisplay
                0x080031e0      0x18c ./Core/Src/main.o
                0x080031e0                updateDisplay
 .text.SystemClock_Config
                0x0800336c       0xa0 ./Core/Src/main.o
                0x0800336c                SystemClock_Config
 *fill*         0x0800340c        0x4 
 .text.startup.main
                0x08003410      0x884 ./Core/Src/main.o
                0x08003410                main
 .text.Error_Handler
                0x08003c94        0x4 ./Core/Src/main.o
                0x08003c94                Error_Handler
 .text.SSD1306_RegisterPlatform
                0x08003c98        0xc ./Core/Src/ssd1306.o
                0x08003c98                SSD1306_RegisterPlatform
 .text.SSD1306_Platform_Init
                0x08003ca4       0x10 ./Core/Src/ssd1306.o
                0x08003ca4                SSD1306_Platform_Init
 .text.SSD1306_Platform_DelayMs
                0x08003cb4       0x10 ./Core/Src/ssd1306.o
                0x08003cb4                SSD1306_Platform_DelayMs
 .text.SSD1306_Platform_IsBusy
                0x08003cc4       0x10 ./Core/Src/ssd1306.o
                0x08003cc4                SSD1306_Platform_IsBusy
 .text.SSD1306_Platform_WriteDataAsync
                0x08003cd4       0x1c ./Core/Src/ssd1306.o
                0x08003cd4                SSD1306_Platform_WriteDataAsync
 .text.SSD1306_UpdateScreen_Blocking
                0x08003cf0       0x48 ./Core/Src/ssd1306.o
                0x08003cf0                SSD1306_UpdateScreen_Blocking
 .text.SSD1306_UpdateScreen
                0x08003d38       0xf8 ./Core/Src/ssd1306.o
                0x08003d38                SSD1306_UpdateScreen
 .text.SSD1306_Fill
                0x08003e30       0x18 ./Core/Src/ssd1306.o
                0x08003e30                SSD1306_Fill
 .text.SSD1306_Init
                0x08003e48      0x154 ./Core/Src/ssd1306.o
                0x08003e48                SSD1306_Init
 .text.SSD1306_DrawPixel
                0x08003f9c       0x48 ./Core/Src/ssd1306.o
                0x08003f9c                SSD1306_DrawPixel
 .text.SSD1306_DrawBitmap
                0x08003fe4       0x88 ./Core/Src/ssd1306.o
                0x08003fe4                SSD1306_DrawBitmap
 .text.SSD1306_GotoXY
                0x0800406c        0xc ./Core/Src/ssd1306.o
                0x0800406c                SSD1306_GotoXY
 .text.SSD1306_Putc
                0x08004078       0x9c ./Core/Src/ssd1306.o
                0x08004078                SSD1306_Putc
 .text.SSD1306_Puts
                0x08004114       0x20 ./Core/Src/ssd1306.o
                0x08004114                SSD1306_Puts
 .text.SSD1306_DrawLine
                0x08004134      0x134 ./Core/Src/ssd1306.o
                0x08004134                SSD1306_DrawLine
 .text.SSD1306_DrawFilledRectangle
                0x08004268       0x62 ./Core/Src/ssd1306.o
                0x08004268                SSD1306_DrawFilledRectangle
 *fill*         0x080042ca        0x2 
 .text.SSD1306_RequestUpdate
                0x080042cc       0x24 ./Core/Src/ssd1306.o
                0x080042cc                SSD1306_RequestUpdate
 .text.SSD1306_IsUpdateDone
                0x080042f0        0xc ./Core/Src/ssd1306.o
                0x080042f0                SSD1306_IsUpdateDone
 .text.SSD1306_ResetUpdateState
                0x080042fc       0x20 ./Core/Src/ssd1306.o
                0x080042fc                SSD1306_ResetUpdateState
 .text.SSD1306_DrawDigit5x7
                0x0800431c       0x68 ./Core/Src/ssd1306.o
                0x0800431c                SSD1306_DrawDigit5x7
 .text.HAL_MspInit
                0x08004384       0x38 ./Core/Src/stm32f4xx_hal_msp.o
                0x08004384                HAL_MspInit
 .text.HAL_ADC_MspInit
                0x080043bc       0xdc ./Core/Src/stm32f4xx_hal_msp.o
                0x080043bc                HAL_ADC_MspInit
 .text.HAL_I2C_MspInit
                0x08004498      0x100 ./Core/Src/stm32f4xx_hal_msp.o
                0x08004498                HAL_I2C_MspInit
 .text.HAL_TIM_Base_MspInit
                0x08004598       0xfc ./Core/Src/stm32f4xx_hal_msp.o
                0x08004598                HAL_TIM_Base_MspInit
 .text.HAL_TIM_PWM_MspInit
                0x08004694       0x44 ./Core/Src/stm32f4xx_hal_msp.o
                0x08004694                HAL_TIM_PWM_MspInit
 .text.HAL_TIM_MspPostInit
                0x080046d8       0x78 ./Core/Src/stm32f4xx_hal_msp.o
                0x080046d8                HAL_TIM_MspPostInit
 .text.HAL_UART_MspInit
                0x08004750       0x7c ./Core/Src/stm32f4xx_hal_msp.o
                0x08004750                HAL_UART_MspInit
 .text.NMI_Handler
                0x080047cc        0x2 ./Core/Src/stm32f4xx_it.o
                0x080047cc                NMI_Handler
 .text.HardFault_Handler
                0x080047ce        0x2 ./Core/Src/stm32f4xx_it.o
                0x080047ce                HardFault_Handler
 .text.MemManage_Handler
                0x080047d0        0x2 ./Core/Src/stm32f4xx_it.o
                0x080047d0                MemManage_Handler
 .text.BusFault_Handler
                0x080047d2        0x2 ./Core/Src/stm32f4xx_it.o
                0x080047d2                BusFault_Handler
 .text.UsageFault_Handler
                0x080047d4        0x2 ./Core/Src/stm32f4xx_it.o
                0x080047d4                UsageFault_Handler
 .text.SVC_Handler
                0x080047d6        0x2 ./Core/Src/stm32f4xx_it.o
                0x080047d6                SVC_Handler
 .text.DebugMon_Handler
                0x080047d8        0x2 ./Core/Src/stm32f4xx_it.o
                0x080047d8                DebugMon_Handler
 .text.PendSV_Handler
                0x080047da        0x2 ./Core/Src/stm32f4xx_it.o
                0x080047da                PendSV_Handler
 .text.SysTick_Handler
                0x080047dc        0x4 ./Core/Src/stm32f4xx_it.o
                0x080047dc                SysTick_Handler
 .text.DMA1_Stream0_IRQHandler
                0x080047e0        0xc ./Core/Src/stm32f4xx_it.o
                0x080047e0                DMA1_Stream0_IRQHandler
 .text.DMA1_Stream1_IRQHandler
                0x080047ec        0xc ./Core/Src/stm32f4xx_it.o
                0x080047ec                DMA1_Stream1_IRQHandler
 .text.ADC_IRQHandler
                0x080047f8        0xc ./Core/Src/stm32f4xx_it.o
                0x080047f8                ADC_IRQHandler
 .text.TIM1_BRK_TIM9_IRQHandler
                0x08004804        0xc ./Core/Src/stm32f4xx_it.o
                0x08004804                TIM1_BRK_TIM9_IRQHandler
 .text.TIM1_UP_TIM10_IRQHandler
                0x08004810        0x4 ./Core/Src/stm32f4xx_it.o
                0x08004810                TIM1_UP_TIM10_IRQHandler
 .text.TIM1_TRG_COM_TIM11_IRQHandler
                0x08004814        0x4 ./Core/Src/stm32f4xx_it.o
                0x08004814                TIM1_TRG_COM_TIM11_IRQHandler
 .text.TIM1_CC_IRQHandler
                0x08004818        0x4 ./Core/Src/stm32f4xx_it.o
                0x08004818                TIM1_CC_IRQHandler
 .text.TIM2_IRQHandler
                0x0800481c        0xc ./Core/Src/stm32f4xx_it.o
                0x0800481c                TIM2_IRQHandler
 .text.TIM3_IRQHandler
                0x08004828        0xc ./Core/Src/stm32f4xx_it.o
                0x08004828                TIM3_IRQHandler
 .text.TIM4_IRQHandler
                0x08004834        0xc ./Core/Src/stm32f4xx_it.o
                0x08004834                TIM4_IRQHandler
 .text.I2C1_EV_IRQHandler
                0x08004840        0xc ./Core/Src/stm32f4xx_it.o
                0x08004840                I2C1_EV_IRQHandler
 .text.I2C1_ER_IRQHandler
                0x0800484c        0xc ./Core/Src/stm32f4xx_it.o
                0x0800484c                I2C1_ER_IRQHandler
 .text.USART1_IRQHandler
                0x08004858        0xc ./Core/Src/stm32f4xx_it.o
                0x08004858                USART1_IRQHandler
 .text.TIM5_IRQHandler
                0x08004864        0xc ./Core/Src/stm32f4xx_it.o
                0x08004864                TIM5_IRQHandler
 .text.DMA2_Stream0_IRQHandler
                0x08004870        0xc ./Core/Src/stm32f4xx_it.o
                0x08004870                DMA2_Stream0_IRQHandler
 .text.OTG_FS_IRQHandler
                0x0800487c        0xc ./Core/Src/stm32f4xx_it.o
                0x0800487c                OTG_FS_IRQHandler
 .text._getpid  0x08004888        0x4 ./Core/Src/syscalls.o
                0x08004888                _getpid
 .text._kill    0x0800488c       0x10 ./Core/Src/syscalls.o
                0x0800488c                _kill
 .text._exit    0x0800489c        0xc ./Core/Src/syscalls.o
                0x0800489c                _exit
 .text._read    0x080048a8       0x1c ./Core/Src/syscalls.o
                0x080048a8                _read
 .text._write   0x080048c4       0x1c ./Core/Src/syscalls.o
                0x080048c4                _write
 .text._close   0x080048e0        0x6 ./Core/Src/syscalls.o
                0x080048e0                _close
 .text._fstat   0x080048e6        0xa ./Core/Src/syscalls.o
                0x080048e6                _fstat
 .text._isatty  0x080048f0        0x4 ./Core/Src/syscalls.o
                0x080048f0                _isatty
 .text._lseek   0x080048f4        0x4 ./Core/Src/syscalls.o
                0x080048f4                _lseek
 .text._sbrk    0x080048f8       0x40 ./Core/Src/sysmem.o
                0x080048f8                _sbrk
 .text.SystemInit
                0x08004938       0x14 ./Core/Src/system_stm32f4xx.o
                0x08004938                SystemInit
 .text.Reset_Handler
                0x0800494c       0x50 ./Core/Startup/startup_stm32f411ceux.o
                0x0800494c                Reset_Handler
 .text.Default_Handler
                0x0800499c        0x2 ./Core/Startup/startup_stm32f411ceux.o
                0x0800499c                RTC_Alarm_IRQHandler
                0x0800499c                EXTI2_IRQHandler
                0x0800499c                SPI4_IRQHandler
                0x0800499c                DMA2_Stream5_IRQHandler
                0x0800499c                DMA1_Stream5_IRQHandler
                0x0800499c                PVD_IRQHandler
                0x0800499c                SDIO_IRQHandler
                0x0800499c                TAMP_STAMP_IRQHandler
                0x0800499c                EXTI3_IRQHandler
                0x0800499c                I2C3_ER_IRQHandler
                0x0800499c                EXTI0_IRQHandler
                0x0800499c                I2C2_EV_IRQHandler
                0x0800499c                DMA1_Stream2_IRQHandler
                0x0800499c                FPU_IRQHandler
                0x0800499c                DMA2_Stream2_IRQHandler
                0x0800499c                SPI1_IRQHandler
                0x0800499c                DMA2_Stream3_IRQHandler
                0x0800499c                USART6_IRQHandler
                0x0800499c                DMA1_Stream6_IRQHandler
                0x0800499c                RCC_IRQHandler
                0x0800499c                Default_Handler
                0x0800499c                EXTI15_10_IRQHandler
                0x0800499c                DMA1_Stream7_IRQHandler
                0x0800499c                SPI5_IRQHandler
                0x0800499c                DMA2_Stream7_IRQHandler
                0x0800499c                I2C3_EV_IRQHandler
                0x0800499c                EXTI9_5_IRQHandler
                0x0800499c                RTC_WKUP_IRQHandler
                0x0800499c                SPI2_IRQHandler
                0x0800499c                EXTI4_IRQHandler
                0x0800499c                WWDG_IRQHandler
                0x0800499c                OTG_FS_WKUP_IRQHandler
                0x0800499c                EXTI1_IRQHandler
                0x0800499c                USART2_IRQHandler
                0x0800499c                I2C2_ER_IRQHandler
                0x0800499c                DMA2_Stream1_IRQHandler
                0x0800499c                FLASH_IRQHandler
                0x0800499c                DMA2_Stream4_IRQHandler
                0x0800499c                SPI3_IRQHandler
                0x0800499c                DMA1_Stream4_IRQHandler
                0x0800499c                DMA2_Stream6_IRQHandler
                0x0800499c                DMA1_Stream3_IRQHandler
 *fill*         0x0800499e        0x2 
 .text.HAL_InitTick
                0x080049a0       0x48 ./Drivers/STM32F4xx_HAL_Driver/Src/stm32f4xx_hal.o
                0x080049a0                HAL_InitTick
 .text.HAL_Init
                0x080049e8       0x34 ./Drivers/STM32F4xx_HAL_Driver/Src/stm32f4xx_hal.o
                0x080049e8                HAL_Init
 .text.HAL_IncTick
                0x08004a1c       0x18 ./Drivers/STM32F4xx_HAL_Driver/Src/stm32f4xx_hal.o
                0x08004a1c                HAL_IncTick
 .text.HAL_GetTick
                0x08004a34        0xc ./Drivers/STM32F4xx_HAL_Driver/Src/stm32f4xx_hal.o
                0x08004a34                HAL_GetTick
 .text.HAL_Delay
                0x08004a40       0x28 ./Drivers/STM32F4xx_HAL_Driver/Src/stm32f4xx_hal.o
                0x08004a40                HAL_Delay
 .text.HAL_ADC_Init
                0x08004a68      0x14c ./Drivers/STM32F4xx_HAL_Driver/Src/stm32f4xx_hal_adc.o
                0x08004a68                HAL_ADC_Init
 .text.HAL_ADC_Start_DMA
                0x08004bb4      0x120 ./Drivers/STM32F4xx_HAL_Driver/Src/stm32f4xx_hal_adc.o
                0x08004bb4                HAL_ADC_Start_DMA
 .text.HAL_ADC_ConvCpltCallback
                0x08004cd4        0x2 ./Drivers/STM32F4xx_HAL_Driver/Src/stm32f4xx_hal_adc.o
                0x08004cd4                HAL_ADC_ConvCpltCallback
 .text.HAL_ADC_ConvHalfCpltCallback
                0x08004cd6        0x2 ./Drivers/STM32F4xx_HAL_Driver/Src/stm32f4xx_hal_adc.o
                0x08004cd6                HAL_ADC_ConvHalfCpltCallback
 .text.ADC_DMAHalfConvCplt
                0x08004cd8        0xa ./Drivers/STM32F4xx_HAL_Driver/Src/stm32f4xx_hal_adc.o
 .text.HAL_ADC_LevelOutOfWindowCallback
                0x08004ce2        0x2 ./Drivers/STM32F4xx_HAL_Driver/Src/stm32f4xx_hal_adc.o
                0x08004ce2                HAL_ADC_LevelOutOfWindowCallback
 .text.HAL_ADC_ErrorCallback
                0x08004ce4        0x2 ./Drivers/STM32F4xx_HAL_Driver/Src/stm32f4xx_hal_adc.o
                0x08004ce4                HAL_ADC_ErrorCallback
 .text.HAL_ADC_IRQHandler
                0x08004ce6      0x11c ./Drivers/STM32F4xx_HAL_Driver/Src/stm32f4xx_hal_adc.o
                0x08004ce6                HAL_ADC_IRQHandler
 .text.ADC_DMAError
                0x08004e02       0x16 ./Drivers/STM32F4xx_HAL_Driver/Src/stm32f4xx_hal_adc.o
 .text.ADC_DMAConvCplt
                0x08004e18       0x6c ./Drivers/STM32F4xx_HAL_Driver/Src/stm32f4xx_hal_adc.o
 .text.HAL_ADC_ConfigChannel
                0x08004e84      0x138 ./Drivers/STM32F4xx_HAL_Driver/Src/stm32f4xx_hal_adc.o
                0x08004e84                HAL_ADC_ConfigChannel
 .text.HAL_ADCEx_InjectedConvCpltCallback
                0x08004fbc        0x2 ./Drivers/STM32F4xx_HAL_Driver/Src/stm32f4xx_hal_adc_ex.o
                0x08004fbc                HAL_ADCEx_InjectedConvCpltCallback
 *fill*         0x08004fbe        0x2 
 .text.HAL_NVIC_SetPriorityGrouping
                0x08004fc0       0x24 ./Drivers/STM32F4xx_HAL_Driver/Src/stm32f4xx_hal_cortex.o
                0x08004fc0                HAL_NVIC_SetPriorityGrouping
 .text.HAL_NVIC_SetPriority
                0x08004fe4       0x64 ./Drivers/STM32F4xx_HAL_Driver/Src/stm32f4xx_hal_cortex.o
                0x08004fe4                HAL_NVIC_SetPriority
 .text.HAL_NVIC_EnableIRQ
                0x08005048       0x1c ./Drivers/STM32F4xx_HAL_Driver/Src/stm32f4xx_hal_cortex.o
                0x08005048                HAL_NVIC_EnableIRQ
 .text.HAL_SYSTICK_Config
                0x08005064       0x28 ./Drivers/STM32F4xx_HAL_Driver/Src/stm32f4xx_hal_cortex.o
                0x08005064                HAL_SYSTICK_Config
 .text.DMA_CalcBaseAndBitshift
                0x0800508c       0x2c ./Drivers/STM32F4xx_HAL_Driver/Src/stm32f4xx_hal_dma.o
 .text.HAL_DMA_Init
                0x080050b8       0xfc ./Drivers/STM32F4xx_HAL_Driver/Src/stm32f4xx_hal_dma.o
                0x080050b8                HAL_DMA_Init
 .text.HAL_DMA_Start_IT
                0x080051b4       0x72 ./Drivers/STM32F4xx_HAL_Driver/Src/stm32f4xx_hal_dma.o
                0x080051b4                HAL_DMA_Start_IT
 .text.HAL_DMA_Abort
                0x08005226       0x7c ./Drivers/STM32F4xx_HAL_Driver/Src/stm32f4xx_hal_dma.o
                0x08005226                HAL_DMA_Abort
 .text.HAL_DMA_Abort_IT
                0x080052a2       0x24 ./Drivers/STM32F4xx_HAL_Driver/Src/stm32f4xx_hal_dma.o
                0x080052a2                HAL_DMA_Abort_IT
 *fill*         0x080052c6        0x2 
 .text.HAL_DMA_IRQHandler
                0x080052c8      0x17c ./Drivers/STM32F4xx_HAL_Driver/Src/stm32f4xx_hal_dma.o
                0x080052c8                HAL_DMA_IRQHandler
 .text.HAL_DMA_GetState
                0x08005444        0x6 ./Drivers/STM32F4xx_HAL_Driver/Src/stm32f4xx_hal_dma.o
                0x08005444                HAL_DMA_GetState
 .text.HAL_DMA_GetError
                0x0800544a        0x4 ./Drivers/STM32F4xx_HAL_Driver/Src/stm32f4xx_hal_dma.o
                0x0800544a                HAL_DMA_GetError
 *fill*         0x0800544e        0x2 
 .text.HAL_GPIO_Init
                0x08005450      0x18c ./Drivers/STM32F4xx_HAL_Driver/Src/stm32f4xx_hal_gpio.o
                0x08005450                HAL_GPIO_Init
 .text.HAL_GPIO_WritePin
                0x080055dc        0xa ./Drivers/STM32F4xx_HAL_Driver/Src/stm32f4xx_hal_gpio.o
                0x080055dc                HAL_GPIO_WritePin
 .text.HAL_GPIO_TogglePin
                0x080055e6       0x12 ./Drivers/STM32F4xx_HAL_Driver/Src/stm32f4xx_hal_gpio.o
                0x080055e6                HAL_GPIO_TogglePin
 .text.I2C_IsAcknowledgeFailed
                0x080055f8       0x34 ./Drivers/STM32F4xx_HAL_Driver/Src/stm32f4xx_hal_i2c.o
 .text.I2C_WaitOnFlagUntilTimeout
                0x0800562c       0x80 ./Drivers/STM32F4xx_HAL_Driver/Src/stm32f4xx_hal_i2c.o
 .text.I2C_WaitOnMasterAddressFlagUntilTimeout
                0x080056ac       0x84 ./Drivers/STM32F4xx_HAL_Driver/Src/stm32f4xx_hal_i2c.o
 .text.I2C_WaitOnTXEFlagUntilTimeout
                0x08005730       0x54 ./Drivers/STM32F4xx_HAL_Driver/Src/stm32f4xx_hal_i2c.o
 .text.I2C_RequestMemoryWrite
                0x08005784       0xb4 ./Drivers/STM32F4xx_HAL_Driver/Src/stm32f4xx_hal_i2c.o
 .text.I2C_RequestMemoryRead
                0x08005838      0x104 ./Drivers/STM32F4xx_HAL_Driver/Src/stm32f4xx_hal_i2c.o
 .text.I2C_WaitOnBTFFlagUntilTimeout
                0x0800593c       0x54 ./Drivers/STM32F4xx_HAL_Driver/Src/stm32f4xx_hal_i2c.o
 .text.I2C_WaitOnRXNEFlagUntilTimeout
                0x08005990       0x66 ./Drivers/STM32F4xx_HAL_Driver/Src/stm32f4xx_hal_i2c.o
 *fill*         0x080059f6        0x2 
 .text.HAL_I2C_Init
                0x080059f8      0x150 ./Drivers/STM32F4xx_HAL_Driver/Src/stm32f4xx_hal_i2c.o
                0x080059f8                HAL_I2C_Init
 .text.HAL_I2C_Master_Transmit
                0x08005b48      0x1b4 ./Drivers/STM32F4xx_HAL_Driver/Src/stm32f4xx_hal_i2c.o
                0x08005b48                HAL_I2C_Master_Transmit
 .text.HAL_I2C_Master_Transmit_DMA
                0x08005cfc      0x140 ./Drivers/STM32F4xx_HAL_Driver/Src/stm32f4xx_hal_i2c.o
                0x08005cfc                HAL_I2C_Master_Transmit_DMA
 .text.HAL_I2C_Mem_Write
                0x08005e3c      0x120 ./Drivers/STM32F4xx_HAL_Driver/Src/stm32f4xx_hal_i2c.o
                0x08005e3c                HAL_I2C_Mem_Write
 .text.HAL_I2C_Mem_Read
                0x08005f5c      0x220 ./Drivers/STM32F4xx_HAL_Driver/Src/stm32f4xx_hal_i2c.o
                0x08005f5c                HAL_I2C_Mem_Read
 .text.HAL_I2C_Mem_Read_DMA
                0x0800617c      0x1d8 ./Drivers/STM32F4xx_HAL_Driver/Src/stm32f4xx_hal_i2c.o
                0x0800617c                HAL_I2C_Mem_Read_DMA
 .text.HAL_I2C_MasterRxCpltCallback
                0x08006354        0x2 ./Drivers/STM32F4xx_HAL_Driver/Src/stm32f4xx_hal_i2c.o
                0x08006354                HAL_I2C_MasterRxCpltCallback
 .text.HAL_I2C_SlaveTxCpltCallback
                0x08006356        0x2 ./Drivers/STM32F4xx_HAL_Driver/Src/stm32f4xx_hal_i2c.o
                0x08006356                HAL_I2C_SlaveTxCpltCallback
 .text.HAL_I2C_SlaveRxCpltCallback
                0x08006358        0x2 ./Drivers/STM32F4xx_HAL_Driver/Src/stm32f4xx_hal_i2c.o
                0x08006358                HAL_I2C_SlaveRxCpltCallback
 .text.HAL_I2C_AddrCallback
                0x0800635a        0x2 ./Drivers/STM32F4xx_HAL_Driver/Src/stm32f4xx_hal_i2c.o
                0x0800635a                HAL_I2C_AddrCallback
 .text.HAL_I2C_ListenCpltCallback
                0x0800635c        0x2 ./Drivers/STM32F4xx_HAL_Driver/Src/stm32f4xx_hal_i2c.o
                0x0800635c                HAL_I2C_ListenCpltCallback
 .text.HAL_I2C_MemTxCpltCallback
                0x0800635e        0x2 ./Drivers/STM32F4xx_HAL_Driver/Src/stm32f4xx_hal_i2c.o
                0x0800635e                HAL_I2C_MemTxCpltCallback
 .text.I2C_MemoryTransmit_TXE_BTF
                0x08006360       0xb0 ./Drivers/STM32F4xx_HAL_Driver/Src/stm32f4xx_hal_i2c.o
 .text.I2C_DMAError
                0x08006410       0x44 ./Drivers/STM32F4xx_HAL_Driver/Src/stm32f4xx_hal_i2c.o
 .text.I2C_DMAXferCplt
                0x08006454      0x114 ./Drivers/STM32F4xx_HAL_Driver/Src/stm32f4xx_hal_i2c.o
 .text.HAL_I2C_AbortCpltCallback
                0x08006568        0x2 ./Drivers/STM32F4xx_HAL_Driver/Src/stm32f4xx_hal_i2c.o
                0x08006568                HAL_I2C_AbortCpltCallback
 *fill*         0x0800656a        0x2 
 .text.I2C_DMAAbort
                0x0800656c       0xc0 ./Drivers/STM32F4xx_HAL_Driver/Src/stm32f4xx_hal_i2c.o
 .text.I2C_ITError
                0x0800662c      0x150 ./Drivers/STM32F4xx_HAL_Driver/Src/stm32f4xx_hal_i2c.o
 .text.HAL_I2C_EV_IRQHandler
                0x0800677c      0x8a0 ./Drivers/STM32F4xx_HAL_Driver/Src/stm32f4xx_hal_i2c.o
                0x0800677c                HAL_I2C_EV_IRQHandler
 .text.HAL_I2C_ER_IRQHandler
                0x0800701c      0x138 ./Drivers/STM32F4xx_HAL_Driver/Src/stm32f4xx_hal_i2c.o
                0x0800701c                HAL_I2C_ER_IRQHandler
 .text.HAL_PCD_Init
                0x08007154       0xde ./Drivers/STM32F4xx_HAL_Driver/Src/stm32f4xx_hal_pcd.o
                0x08007154                HAL_PCD_Init
 .text.HAL_PCD_Start
                0x08007232       0x3e ./Drivers/STM32F4xx_HAL_Driver/Src/stm32f4xx_hal_pcd.o
                0x08007232                HAL_PCD_Start
 .text.HAL_PCD_SetAddress
                0x08007270       0x26 ./Drivers/STM32F4xx_HAL_Driver/Src/stm32f4xx_hal_pcd.o
                0x08007270                HAL_PCD_SetAddress
 .text.HAL_PCD_EP_Open
                0x08007296       0x72 ./Drivers/STM32F4xx_HAL_Driver/Src/stm32f4xx_hal_pcd.o
                0x08007296                HAL_PCD_EP_Open
 .text.HAL_PCD_EP_Close
                0x08007308       0x5c ./Drivers/STM32F4xx_HAL_Driver/Src/stm32f4xx_hal_pcd.o
                0x08007308                HAL_PCD_EP_Close
 .text.HAL_PCD_EP_Receive
                0x08007364       0x3c ./Drivers/STM32F4xx_HAL_Driver/Src/stm32f4xx_hal_pcd.o
                0x08007364                HAL_PCD_EP_Receive
 .text.HAL_PCD_EP_GetRxCount
                0x080073a0       0x10 ./Drivers/STM32F4xx_HAL_Driver/Src/stm32f4xx_hal_pcd.o
                0x080073a0                HAL_PCD_EP_GetRxCount
 .text.HAL_PCD_EP_Transmit
                0x080073b0       0x36 ./Drivers/STM32F4xx_HAL_Driver/Src/stm32f4xx_hal_pcd.o
                0x080073b0                HAL_PCD_EP_Transmit
 .text.HAL_PCD_EP_SetStall
                0x080073e6       0x6e ./Drivers/STM32F4xx_HAL_Driver/Src/stm32f4xx_hal_pcd.o
                0x080073e6                HAL_PCD_EP_SetStall
 .text.HAL_PCD_EP_ClrStall
                0x08007454       0x6a ./Drivers/STM32F4xx_HAL_Driver/Src/stm32f4xx_hal_pcd.o
                0x08007454                HAL_PCD_EP_ClrStall
 .text.HAL_PCD_EP_Abort
                0x080074be       0x20 ./Drivers/STM32F4xx_HAL_Driver/Src/stm32f4xx_hal_pcd.o
                0x080074be                HAL_PCD_EP_Abort
 *fill*         0x080074de        0x2 
 .text.HAL_PCD_IRQHandler
                0x080074e0      0x690 ./Drivers/STM32F4xx_HAL_Driver/Src/stm32f4xx_hal_pcd.o
                0x080074e0                HAL_PCD_IRQHandler
 .text.HAL_PCDEx_SetTxFiFo
                0x08007b70       0x3e ./Drivers/STM32F4xx_HAL_Driver/Src/stm32f4xx_hal_pcd_ex.o
                0x08007b70                HAL_PCDEx_SetTxFiFo
 .text.HAL_PCDEx_SetRxFiFo
                0x08007bae        0x8 ./Drivers/STM32F4xx_HAL_Driver/Src/stm32f4xx_hal_pcd_ex.o
                0x08007bae                HAL_PCDEx_SetRxFiFo
 .text.HAL_PCDEx_LPM_Callback
                0x08007bb6        0x2 ./Drivers/STM32F4xx_HAL_Driver/Src/stm32f4xx_hal_pcd_ex.o
                0x08007bb6                HAL_PCDEx_LPM_Callback
 .text.HAL_RCC_OscConfig
                0x08007bb8      0x35c ./Drivers/STM32F4xx_HAL_Driver/Src/stm32f4xx_hal_rcc.o
                0x08007bb8                HAL_RCC_OscConfig
 .text.HAL_RCC_GetSysClockFreq
                0x08007f14       0x5c ./Drivers/STM32F4xx_HAL_Driver/Src/stm32f4xx_hal_rcc.o
                0x08007f14                HAL_RCC_GetSysClockFreq
 .text.HAL_RCC_ClockConfig
                0x08007f70      0x134 ./Drivers/STM32F4xx_HAL_Driver/Src/stm32f4xx_hal_rcc.o
                0x08007f70                HAL_RCC_ClockConfig
 .text.HAL_RCC_GetHCLKFreq
                0x080080a4        0xc ./Drivers/STM32F4xx_HAL_Driver/Src/stm32f4xx_hal_rcc.o
                0x080080a4                HAL_RCC_GetHCLKFreq
 .text.HAL_RCC_GetPCLK1Freq
                0x080080b0       0x20 ./Drivers/STM32F4xx_HAL_Driver/Src/stm32f4xx_hal_rcc.o
                0x080080b0                HAL_RCC_GetPCLK1Freq
 .text.HAL_RCC_GetPCLK2Freq
                0x080080d0       0x20 ./Drivers/STM32F4xx_HAL_Driver/Src/stm32f4xx_hal_rcc.o
                0x080080d0                HAL_RCC_GetPCLK2Freq
 .text.TIM_OC1_SetConfig
                0x080080f0       0x50 ./Drivers/STM32F4xx_HAL_Driver/Src/stm32f4xx_hal_tim.o
 .text.TIM_OC3_SetConfig
                0x08008140       0x54 ./Drivers/STM32F4xx_HAL_Driver/Src/stm32f4xx_hal_tim.o
 .text.TIM_OC4_SetConfig
                0x08008194       0x44 ./Drivers/STM32F4xx_HAL_Driver/Src/stm32f4xx_hal_tim.o
 .text.HAL_TIM_Base_Start
                0x080081d8       0x5c ./Drivers/STM32F4xx_HAL_Driver/Src/stm32f4xx_hal_tim.o
                0x080081d8                HAL_TIM_Base_Start
 .text.HAL_TIM_Base_Start_IT
                0x08008234       0x64 ./Drivers/STM32F4xx_HAL_Driver/Src/stm32f4xx_hal_tim.o
                0x08008234                HAL_TIM_Base_Start_IT
 .text.HAL_TIM_OC_DelayElapsedCallback
                0x08008298        0x2 ./Drivers/STM32F4xx_HAL_Driver/Src/stm32f4xx_hal_tim.o
                0x08008298                HAL_TIM_OC_DelayElapsedCallback
 .text.HAL_TIM_IC_CaptureCallback
                0x0800829a        0x2 ./Drivers/STM32F4xx_HAL_Driver/Src/stm32f4xx_hal_tim.o
                0x0800829a                HAL_TIM_IC_CaptureCallback
 .text.HAL_TIM_PWM_PulseFinishedCallback
                0x0800829c        0x2 ./Drivers/STM32F4xx_HAL_Driver/Src/stm32f4xx_hal_tim.o
                0x0800829c                HAL_TIM_PWM_PulseFinishedCallback
 .text.HAL_TIM_TriggerCallback
                0x0800829e        0x2 ./Drivers/STM32F4xx_HAL_Driver/Src/stm32f4xx_hal_tim.o
                0x0800829e                HAL_TIM_TriggerCallback
 .text.HAL_TIM_IRQHandler
                0x080082a0      0x128 ./Drivers/STM32F4xx_HAL_Driver/Src/stm32f4xx_hal_tim.o
                0x080082a0                HAL_TIM_IRQHandler
 .text.TIM_Base_SetConfig
                0x080083c8       0x80 ./Drivers/STM32F4xx_HAL_Driver/Src/stm32f4xx_hal_tim.o
                0x080083c8                TIM_Base_SetConfig
 .text.HAL_TIM_Base_Init
                0x08008448       0x58 ./Drivers/STM32F4xx_HAL_Driver/Src/stm32f4xx_hal_tim.o
                0x08008448                HAL_TIM_Base_Init
 .text.HAL_TIM_PWM_Init
                0x080084a0       0x58 ./Drivers/STM32F4xx_HAL_Driver/Src/stm32f4xx_hal_tim.o
                0x080084a0                HAL_TIM_PWM_Init
 .text.TIM_OC2_SetConfig
                0x080084f8       0x58 ./Drivers/STM32F4xx_HAL_Driver/Src/stm32f4xx_hal_tim.o
                0x080084f8                TIM_OC2_SetConfig
 .text.HAL_TIM_PWM_ConfigChannel
                0x08008550       0xb0 ./Drivers/STM32F4xx_HAL_Driver/Src/stm32f4xx_hal_tim.o
                0x08008550                HAL_TIM_PWM_ConfigChannel
 .text.TIM_ETR_SetConfig
                0x08008600       0x14 ./Drivers/STM32F4xx_HAL_Driver/Src/stm32f4xx_hal_tim.o
                0x08008600                TIM_ETR_SetConfig
 .text.HAL_TIM_ConfigClockSource
                0x08008614      0x132 ./Drivers/STM32F4xx_HAL_Driver/Src/stm32f4xx_hal_tim.o
                0x08008614                HAL_TIM_ConfigClockSource
 .text.TIM_CCxChannelCmd
                0x08008746       0x1c ./Drivers/STM32F4xx_HAL_Driver/Src/stm32f4xx_hal_tim.o
                0x08008746                TIM_CCxChannelCmd
 *fill*         0x08008762        0x2 
 .text.HAL_TIM_OC_Start
                0x08008764       0xac ./Drivers/STM32F4xx_HAL_Driver/Src/stm32f4xx_hal_tim.o
                0x08008764                HAL_TIM_OC_Start
 .text.HAL_TIM_PWM_Start
                0x08008810        0x4 ./Drivers/STM32F4xx_HAL_Driver/Src/stm32f4xx_hal_tim.o
                0x08008810                HAL_TIM_PWM_Start
 .text.HAL_TIMEx_MasterConfigSynchronization
                0x08008814       0x6c ./Drivers/STM32F4xx_HAL_Driver/Src/stm32f4xx_hal_tim_ex.o
                0x08008814                HAL_TIMEx_MasterConfigSynchronization
 .text.HAL_TIMEx_CommutCallback
                0x08008880        0x2 ./Drivers/STM32F4xx_HAL_Driver/Src/stm32f4xx_hal_tim_ex.o
                0x08008880                HAL_TIMEx_CommutCallback
 .text.HAL_TIMEx_BreakCallback
                0x08008882        0x2 ./Drivers/STM32F4xx_HAL_Driver/Src/stm32f4xx_hal_tim_ex.o
                0x08008882                HAL_TIMEx_BreakCallback
 .text.UART_EndRxTransfer
                0x08008884       0x5c ./Drivers/STM32F4xx_HAL_Driver/Src/stm32f4xx_hal_uart.o
 .text.UART_SetConfig
                0x080088e0       0xbc ./Drivers/STM32F4xx_HAL_Driver/Src/stm32f4xx_hal_uart.o
 .text.UART_WaitOnFlagUntilTimeout.constprop.0
                0x0800899c       0x64 ./Drivers/STM32F4xx_HAL_Driver/Src/stm32f4xx_hal_uart.o
 .text.HAL_UART_Init
                0x08008a00       0x5e ./Drivers/STM32F4xx_HAL_Driver/Src/stm32f4xx_hal_uart.o
                0x08008a00                HAL_UART_Init
 .text.HAL_UART_Transmit
                0x08008a5e       0x9c ./Drivers/STM32F4xx_HAL_Driver/Src/stm32f4xx_hal_uart.o
                0x08008a5e                HAL_UART_Transmit
 .text.HAL_UART_TxCpltCallback
                0x08008afa        0x2 ./Drivers/STM32F4xx_HAL_Driver/Src/stm32f4xx_hal_uart.o
                0x08008afa                HAL_UART_TxCpltCallback
 .text.HAL_UART_ErrorCallback
                0x08008afc        0x2 ./Drivers/STM32F4xx_HAL_Driver/Src/stm32f4xx_hal_uart.o
                0x08008afc                HAL_UART_ErrorCallback
 .text.UART_DMAAbortOnError
                0x08008afe        0xe ./Drivers/STM32F4xx_HAL_Driver/Src/stm32f4xx_hal_uart.o
 .text.HAL_UARTEx_RxEventCallback
                0x08008b0c        0x2 ./Drivers/STM32F4xx_HAL_Driver/Src/stm32f4xx_hal_uart.o
                0x08008b0c                HAL_UARTEx_RxEventCallback
 .text.UART_Receive_IT.isra.0
                0x08008b0e       0xb6 ./Drivers/STM32F4xx_HAL_Driver/Src/stm32f4xx_hal_uart.o
 .text.HAL_UART_IRQHandler
                0x08008bc4      0x2a0 ./Drivers/STM32F4xx_HAL_Driver/Src/stm32f4xx_hal_uart.o
                0x08008bc4                HAL_UART_IRQHandler
 .text.UART_Start_Receive_IT
                0x08008e64       0x32 ./Drivers/STM32F4xx_HAL_Driver/Src/stm32f4xx_hal_uart.o
                0x08008e64                UART_Start_Receive_IT
 .text.HAL_UART_Receive_IT
                0x08008e96       0x22 ./Drivers/STM32F4xx_HAL_Driver/Src/stm32f4xx_hal_uart.o
                0x08008e96                HAL_UART_Receive_IT
 .text.USB_CoreReset
                0x08008eb8       0x50 ./Drivers/STM32F4xx_HAL_Driver/Src/stm32f4xx_ll_usb.o
 .text.USB_CoreInit
                0x08008f08       0x88 ./Drivers/STM32F4xx_HAL_Driver/Src/stm32f4xx_ll_usb.o
                0x08008f08                USB_CoreInit
 .text.USB_SetTurnaroundTime
                0x08008f90       0xe0 ./Drivers/STM32F4xx_HAL_Driver/Src/stm32f4xx_ll_usb.o
                0x08008f90                USB_SetTurnaroundTime
 .text.USB_EnableGlobalInt
                0x08009070        0xc ./Drivers/STM32F4xx_HAL_Driver/Src/stm32f4xx_ll_usb.o
                0x08009070                USB_EnableGlobalInt
 .text.USB_DisableGlobalInt
                0x0800907c        0xc ./Drivers/STM32F4xx_HAL_Driver/Src/stm32f4xx_ll_usb.o
                0x0800907c                USB_DisableGlobalInt
 .text.USB_SetCurrentMode
                0x08009088       0x60 ./Drivers/STM32F4xx_HAL_Driver/Src/stm32f4xx_ll_usb.o
                0x08009088                USB_SetCurrentMode
 .text.USB_FlushTxFifo
                0x080090e8       0x46 ./Drivers/STM32F4xx_HAL_Driver/Src/stm32f4xx_ll_usb.o
                0x080090e8                USB_FlushTxFifo
 .text.USB_FlushRxFifo
                0x0800912e       0x42 ./Drivers/STM32F4xx_HAL_Driver/Src/stm32f4xx_ll_usb.o
                0x0800912e                USB_FlushRxFifo
 .text.USB_SetDevSpeed
                0x08009170        0xe ./Drivers/STM32F4xx_HAL_Driver/Src/stm32f4xx_ll_usb.o
                0x08009170                USB_SetDevSpeed
 *fill*         0x0800917e        0x2 
 .text.USB_DevInit
                0x08009180      0x174 ./Drivers/STM32F4xx_HAL_Driver/Src/stm32f4xx_ll_usb.o
                0x08009180                USB_DevInit
 .text.USB_GetDevSpeed
                0x080092f4       0x16 ./Drivers/STM32F4xx_HAL_Driver/Src/stm32f4xx_ll_usb.o
                0x080092f4                USB_GetDevSpeed
 .text.USB_ActivateEndpoint
                0x0800930a       0x7e ./Drivers/STM32F4xx_HAL_Driver/Src/stm32f4xx_ll_usb.o
                0x0800930a                USB_ActivateEndpoint
 .text.USB_DeactivateEndpoint
                0x08009388       0xac ./Drivers/STM32F4xx_HAL_Driver/Src/stm32f4xx_ll_usb.o
                0x08009388                USB_DeactivateEndpoint
 .text.USB_EPStopXfer
                0x08009434       0x84 ./Drivers/STM32F4xx_HAL_Driver/Src/stm32f4xx_ll_usb.o
                0x08009434                USB_EPStopXfer
 .text.USB_WritePacket
                0x080094b8       0x26 ./Drivers/STM32F4xx_HAL_Driver/Src/stm32f4xx_ll_usb.o
                0x080094b8                USB_WritePacket
 *fill*         0x080094de        0x2 
 .text.USB_EPStartXfer
                0x080094e0      0x204 ./Drivers/STM32F4xx_HAL_Driver/Src/stm32f4xx_ll_usb.o
                0x080094e0                USB_EPStartXfer
 .text.USB_ReadPacket
                0x080096e4       0x40 ./Drivers/STM32F4xx_HAL_Driver/Src/stm32f4xx_ll_usb.o
                0x080096e4                USB_ReadPacket
 .text.USB_EPSetStall
                0x08009724       0x56 ./Drivers/STM32F4xx_HAL_Driver/Src/stm32f4xx_ll_usb.o
                0x08009724                USB_EPSetStall
 .text.USB_EPClearStall
                0x0800977a       0x52 ./Drivers/STM32F4xx_HAL_Driver/Src/stm32f4xx_ll_usb.o
                0x0800977a                USB_EPClearStall
 .text.USB_SetDevAddress
                0x080097cc       0x20 ./Drivers/STM32F4xx_HAL_Driver/Src/stm32f4xx_ll_usb.o
                0x080097cc                USB_SetDevAddress
 .text.USB_DevConnect
                0x080097ec       0x1c ./Drivers/STM32F4xx_HAL_Driver/Src/stm32f4xx_ll_usb.o
                0x080097ec                USB_DevConnect
 .text.USB_DevDisconnect
                0x08009808       0x1c ./Drivers/STM32F4xx_HAL_Driver/Src/stm32f4xx_ll_usb.o
                0x08009808                USB_DevDisconnect
 .text.USB_ReadInterrupts
                0x08009824        0x8 ./Drivers/STM32F4xx_HAL_Driver/Src/stm32f4xx_ll_usb.o
                0x08009824                USB_ReadInterrupts
 .text.USB_ReadDevAllOutEpInterrupt
                0x0800982c       0x10 ./Drivers/STM32F4xx_HAL_Driver/Src/stm32f4xx_ll_usb.o
                0x0800982c                USB_ReadDevAllOutEpInterrupt
 .text.USB_ReadDevAllInEpInterrupt
                0x0800983c       0x10 ./Drivers/STM32F4xx_HAL_Driver/Src/stm32f4xx_ll_usb.o
                0x0800983c                USB_ReadDevAllInEpInterrupt
 .text.USB_ReadDevOutEPInterrupt
                0x0800984c       0x12 ./Drivers/STM32F4xx_HAL_Driver/Src/stm32f4xx_ll_usb.o
                0x0800984c                USB_ReadDevOutEPInterrupt
 .text.USB_ReadDevInEPInterrupt
                0x0800985e       0x22 ./Drivers/STM32F4xx_HAL_Driver/Src/stm32f4xx_ll_usb.o
                0x0800985e                USB_ReadDevInEPInterrupt
 .text.USB_GetMode
                0x08009880        0x8 ./Drivers/STM32F4xx_HAL_Driver/Src/stm32f4xx_ll_usb.o
                0x08009880                USB_GetMode
 .text.USB_ActivateSetup
                0x08009888       0x1c ./Drivers/STM32F4xx_HAL_Driver/Src/stm32f4xx_ll_usb.o
                0x08009888                USB_ActivateSetup
 .text.USB_EP0_OutStart
                0x080098a4       0x4c ./Drivers/STM32F4xx_HAL_Driver/Src/stm32f4xx_ll_usb.o
                0x080098a4                USB_EP0_OutStart
 .text.USBD_CDC_EP0_RxReady
                0x080098f0       0x38 ./Middlewares/ST/STM32_USB_Device_Library/Class/CDC/Src/usbd_cdc.o
 .text.USBD_CDC_GetDeviceQualifierDescriptor
                0x08009928        0xc ./Middlewares/ST/STM32_USB_Device_Library/Class/CDC/Src/usbd_cdc.o
                0x08009928                USBD_CDC_GetDeviceQualifierDescriptor
 .text.USBD_CDC_GetFSCfgDesc
                0x08009934       0x48 ./Middlewares/ST/STM32_USB_Device_Library/Class/CDC/Src/usbd_cdc.o
 .text.USBD_CDC_GetOtherSpeedCfgDesc
                0x0800997c        0x4 ./Middlewares/ST/STM32_USB_Device_Library/Class/CDC/Src/usbd_cdc.o
 .text.USBD_CDC_GetHSCfgDesc
                0x08009980       0x48 ./Middlewares/ST/STM32_USB_Device_Library/Class/CDC/Src/usbd_cdc.o
 .text.USBD_CDC_DataOut
                0x080099c8       0x38 ./Middlewares/ST/STM32_USB_Device_Library/Class/CDC/Src/usbd_cdc.o
 .text.USBD_CDC_DataIn
                0x08009a00       0x64 ./Middlewares/ST/STM32_USB_Device_Library/Class/CDC/Src/usbd_cdc.o
 .text.USBD_CDC_Setup
                0x08009a64       0xf0 ./Middlewares/ST/STM32_USB_Device_Library/Class/CDC/Src/usbd_cdc.o
 .text.USBD_CDC_DeInit
                0x08009b54       0x60 ./Middlewares/ST/STM32_USB_Device_Library/Class/CDC/Src/usbd_cdc.o
 .text.USBD_CDC_Init
                0x08009bb4       0xc8 ./Middlewares/ST/STM32_USB_Device_Library/Class/CDC/Src/usbd_cdc.o
 .text.USBD_CDC_RegisterInterface
                0x08009c7c       0x16 ./Middlewares/ST/STM32_USB_Device_Library/Class/CDC/Src/usbd_cdc.o
                0x08009c7c                USBD_CDC_RegisterInterface
 .text.USBD_CDC_SetTxBuffer
                0x08009c92       0x1c ./Middlewares/ST/STM32_USB_Device_Library/Class/CDC/Src/usbd_cdc.o
                0x08009c92                USBD_CDC_SetTxBuffer
 .text.USBD_CDC_SetRxBuffer
                0x08009cae       0x18 ./Middlewares/ST/STM32_USB_Device_Library/Class/CDC/Src/usbd_cdc.o
                0x08009cae                USBD_CDC_SetRxBuffer
 .text.USBD_CDC_TransmitPacket
                0x08009cc6       0x36 ./Middlewares/ST/STM32_USB_Device_Library/Class/CDC/Src/usbd_cdc.o
                0x08009cc6                USBD_CDC_TransmitPacket
 .text.USBD_CDC_ReceivePacket
                0x08009cfc       0x2c ./Middlewares/ST/STM32_USB_Device_Library/Class/CDC/Src/usbd_cdc.o
                0x08009cfc                USBD_CDC_ReceivePacket
 .text.USBD_Init
                0x08009d28       0x26 ./Middlewares/ST/STM32_USB_Device_Library/Core/Src/usbd_core.o
                0x08009d28                USBD_Init
 .text.USBD_RegisterClass
                0x08009d4e       0x32 ./Middlewares/ST/STM32_USB_Device_Library/Core/Src/usbd_core.o
                0x08009d4e                USBD_RegisterClass
 .text.USBD_Start
                0x08009d80        0x4 ./Middlewares/ST/STM32_USB_Device_Library/Core/Src/usbd_core.o
                0x08009d80                USBD_Start
 .text.USBD_SetClassConfig
                0x08009d84        0xe ./Middlewares/ST/STM32_USB_Device_Library/Core/Src/usbd_core.o
                0x08009d84                USBD_SetClassConfig
 .text.USBD_ClrClassConfig
                0x08009d92       0x12 ./Middlewares/ST/STM32_USB_Device_Library/Core/Src/usbd_core.o
                0x08009d92                USBD_ClrClassConfig
 .text.USBD_LL_SetupStage
                0x08009da4       0x60 ./Middlewares/ST/STM32_USB_Device_Library/Core/Src/usbd_core.o
                0x08009da4                USBD_LL_SetupStage
 .text.USBD_LL_DataOutStage
                0x08009e04       0x74 ./Middlewares/ST/STM32_USB_Device_Library/Core/Src/usbd_core.o
                0x08009e04                USBD_LL_DataOutStage
 .text.USBD_LL_DataInStage
                0x08009e78       0xa8 ./Middlewares/ST/STM32_USB_Device_Library/Core/Src/usbd_core.o
                0x08009e78                USBD_LL_DataInStage
 .text.USBD_LL_Reset
                0x08009f20       0x60 ./Middlewares/ST/STM32_USB_Device_Library/Core/Src/usbd_core.o
                0x08009f20                USBD_LL_Reset
 .text.USBD_LL_SetSpeed
                0x08009f80        0x6 ./Middlewares/ST/STM32_USB_Device_Library/Core/Src/usbd_core.o
                0x08009f80                USBD_LL_SetSpeed
 .text.USBD_LL_Suspend
                0x08009f86       0x1c ./Middlewares/ST/STM32_USB_Device_Library/Core/Src/usbd_core.o
                0x08009f86                USBD_LL_Suspend
 .text.USBD_LL_Resume
                0x08009fa2       0x16 ./Middlewares/ST/STM32_USB_Device_Library/Core/Src/usbd_core.o
                0x08009fa2                USBD_LL_Resume
 .text.USBD_LL_SOF
                0x08009fb8       0x1a ./Middlewares/ST/STM32_USB_Device_Library/Core/Src/usbd_core.o
                0x08009fb8                USBD_LL_SOF
 .text.USBD_LL_IsoINIncomplete
                0x08009fd2       0x26 ./Middlewares/ST/STM32_USB_Device_Library/Core/Src/usbd_core.o
                0x08009fd2                USBD_LL_IsoINIncomplete
 .text.USBD_LL_IsoOUTIncomplete
                0x08009ff8       0x26 ./Middlewares/ST/STM32_USB_Device_Library/Core/Src/usbd_core.o
                0x08009ff8                USBD_LL_IsoOUTIncomplete
 .text.USBD_LL_DevConnected
                0x0800a01e        0x4 ./Middlewares/ST/STM32_USB_Device_Library/Core/Src/usbd_core.o
                0x0800a01e                USBD_LL_DevConnected
 .text.USBD_LL_DevDisconnected
                0x0800a022       0x20 ./Middlewares/ST/STM32_USB_Device_Library/Core/Src/usbd_core.o
                0x0800a022                USBD_LL_DevDisconnected
 .text.USBD_CoreFindIF
                0x0800a042        0x4 ./Middlewares/ST/STM32_USB_Device_Library/Core/Src/usbd_core.o
                0x0800a042                USBD_CoreFindIF
 .text.USBD_CoreFindEP
                0x0800a046        0x4 ./Middlewares/ST/STM32_USB_Device_Library/Core/Src/usbd_core.o
                0x0800a046                USBD_CoreFindEP
 .text.USBD_GetEpDesc
                0x0800a04a       0x24 ./Middlewares/ST/STM32_USB_Device_Library/Core/Src/usbd_core.o
                0x0800a04a                USBD_GetEpDesc
 .text.USBD_CtlError.constprop.0
                0x0800a06e       0x16 ./Middlewares/ST/STM32_USB_Device_Library/Core/Src/usbd_ctlreq.o
 .text.USBD_StdDevReq
                0x0800a084      0x2c8 ./Middlewares/ST/STM32_USB_Device_Library/Core/Src/usbd_ctlreq.o
                0x0800a084                USBD_StdDevReq
 .text.USBD_StdItfReq
                0x0800a34c       0x5e ./Middlewares/ST/STM32_USB_Device_Library/Core/Src/usbd_ctlreq.o
                0x0800a34c                USBD_StdItfReq
 .text.USBD_StdEPReq
                0x0800a3aa      0x148 ./Middlewares/ST/STM32_USB_Device_Library/Core/Src/usbd_ctlreq.o
                0x0800a3aa                USBD_StdEPReq
 .text.USBD_ParseSetupRequest
                0x0800a4f2       0x16 ./Middlewares/ST/STM32_USB_Device_Library/Core/Src/usbd_ctlreq.o
                0x0800a4f2                USBD_ParseSetupRequest
 .text.USBD_CtlError
                0x0800a508       0x16 ./Middlewares/ST/STM32_USB_Device_Library/Core/Src/usbd_ctlreq.o
                0x0800a508                USBD_CtlError
 .text.USBD_GetString
                0x0800a51e       0x38 ./Middlewares/ST/STM32_USB_Device_Library/Core/Src/usbd_ctlreq.o
                0x0800a51e                USBD_GetString
 .text.USBD_CtlSendData
                0x0800a556       0x1c ./Middlewares/ST/STM32_USB_Device_Library/Core/Src/usbd_ioreq.o
                0x0800a556                USBD_CtlSendData
 .text.USBD_CtlContinueSendData
                0x0800a572       0x10 ./Middlewares/ST/STM32_USB_Device_Library/Core/Src/usbd_ioreq.o
                0x0800a572                USBD_CtlContinueSendData
 .text.USBD_CtlPrepareRx
                0x0800a582       0x22 ./Middlewares/ST/STM32_USB_Device_Library/Core/Src/usbd_ioreq.o
                0x0800a582                USBD_CtlPrepareRx
 .text.USBD_CtlContinueRx
                0x0800a5a4       0x10 ./Middlewares/ST/STM32_USB_Device_Library/Core/Src/usbd_ioreq.o
                0x0800a5a4                USBD_CtlContinueRx
 .text.USBD_CtlSendStatus
                0x0800a5b4       0x16 ./Middlewares/ST/STM32_USB_Device_Library/Core/Src/usbd_ioreq.o
                0x0800a5b4                USBD_CtlSendStatus
 .text.USBD_CtlReceiveStatus
                0x0800a5ca       0x16 ./Middlewares/ST/STM32_USB_Device_Library/Core/Src/usbd_ioreq.o
                0x0800a5ca                USBD_CtlReceiveStatus
 .text.MX_USB_DEVICE_Init
                0x0800a5e0       0x50 ./USB_DEVICE/App/usb_device.o
                0x0800a5e0                MX_USB_DEVICE_Init
 .text.CDC_DeInit_FS
                0x0800a630        0x4 ./USB_DEVICE/App/usbd_cdc_if.o
 .text.CDC_Control_FS
                0x0800a634       0x48 ./USB_DEVICE/App/usbd_cdc_if.o
 .text.CDC_TransmitCplt_FS
                0x0800a67c        0x4 ./USB_DEVICE/App/usbd_cdc_if.o
 .text.CDC_Receive_FS
                0x0800a680       0x28 ./USB_DEVICE/App/usbd_cdc_if.o
 .text.CDC_Init_FS
                0x0800a6a8       0x2c ./USB_DEVICE/App/usbd_cdc_if.o
 .text.CDC_Transmit_FS
                0x0800a6d4       0x2c ./USB_DEVICE/App/usbd_cdc_if.o
                0x0800a6d4                CDC_Transmit_FS
 .text.CDC_Attach_Rx
                0x0800a700        0xc ./USB_DEVICE/App/usbd_cdc_if.o
                0x0800a700                CDC_Attach_Rx
 .text.USBD_FS_DeviceDescriptor
                0x0800a70c        0xc ./USB_DEVICE/App/usbd_desc.o
                0x0800a70c                USBD_FS_DeviceDescriptor
 .text.USBD_FS_LangIDStrDescriptor
                0x0800a718        0xc ./USB_DEVICE/App/usbd_desc.o
                0x0800a718                USBD_FS_LangIDStrDescriptor
 .text.IntToUnicode
                0x0800a724       0x2a ./USB_DEVICE/App/usbd_desc.o
 *fill*         0x0800a74e        0x2 
 .text.USBD_FS_SerialStrDescriptor
                0x0800a750       0x3c ./USB_DEVICE/App/usbd_desc.o
                0x0800a750                USBD_FS_SerialStrDescriptor
 .text.USBD_FS_ManufacturerStrDescriptor
                0x0800a78c       0x1c ./USB_DEVICE/App/usbd_desc.o
                0x0800a78c                USBD_FS_ManufacturerStrDescriptor
 .text.USBD_FS_ProductStrDescriptor
                0x0800a7a8       0x1c ./USB_DEVICE/App/usbd_desc.o
                0x0800a7a8                USBD_FS_ProductStrDescriptor
 .text.USBD_FS_ConfigStrDescriptor
                0x0800a7c4       0x1c ./USB_DEVICE/App/usbd_desc.o
                0x0800a7c4                USBD_FS_ConfigStrDescriptor
 .text.USBD_FS_InterfaceStrDescriptor
                0x0800a7e0       0x1c ./USB_DEVICE/App/usbd_desc.o
                0x0800a7e0                USBD_FS_InterfaceStrDescriptor
 .text.HAL_PCD_MspInit
                0x0800a7fc       0x84 ./USB_DEVICE/Target/usbd_conf.o
                0x0800a7fc                HAL_PCD_MspInit
 .text.HAL_PCD_SetupStageCallback
                0x0800a880        0xc ./USB_DEVICE/Target/usbd_conf.o
                0x0800a880                HAL_PCD_SetupStageCallback
 .text.HAL_PCD_DataOutStageCallback
                0x0800a88c       0x12 ./USB_DEVICE/Target/usbd_conf.o
                0x0800a88c                HAL_PCD_DataOutStageCallback
 .text.HAL_PCD_DataInStageCallback
                0x0800a89e       0x10 ./USB_DEVICE/Target/usbd_conf.o
                0x0800a89e                HAL_PCD_DataInStageCallback
 .text.HAL_PCD_SOFCallback
                0x0800a8ae        0x8 ./USB_DEVICE/Target/usbd_conf.o
                0x0800a8ae                HAL_PCD_SOFCallback
 .text.HAL_PCD_ResetCallback
                0x0800a8b6       0x24 ./USB_DEVICE/Target/usbd_conf.o
                0x0800a8b6                HAL_PCD_ResetCallback
 *fill*         0x0800a8da        0x2 
 .text.HAL_PCD_SuspendCallback
                0x0800a8dc       0x30 ./USB_DEVICE/Target/usbd_conf.o
                0x0800a8dc                HAL_PCD_SuspendCallback
 .text.HAL_PCD_ResumeCallback
                0x0800a90c        0x8 ./USB_DEVICE/Target/usbd_conf.o
                0x0800a90c                HAL_PCD_ResumeCallback
 .text.HAL_PCD_ISOOUTIncompleteCallback
                0x0800a914        0x8 ./USB_DEVICE/Target/usbd_conf.o
                0x0800a914                HAL_PCD_ISOOUTIncompleteCallback
 .text.HAL_PCD_ISOINIncompleteCallback
                0x0800a91c        0x8 ./USB_DEVICE/Target/usbd_conf.o
                0x0800a91c                HAL_PCD_ISOINIncompleteCallback
 .text.HAL_PCD_ConnectCallback
                0x0800a924        0x8 ./USB_DEVICE/Target/usbd_conf.o
                0x0800a924                HAL_PCD_ConnectCallback
 .text.HAL_PCD_DisconnectCallback
                0x0800a92c        0x8 ./USB_DEVICE/Target/usbd_conf.o
                0x0800a92c                HAL_PCD_DisconnectCallback
 .text.USBD_LL_Init
                0x0800a934       0x5c ./USB_DEVICE/Target/usbd_conf.o
                0x0800a934                USBD_LL_Init
 .text.USBD_LL_IsStallEP
                0x0800a990       0x24 ./USB_DEVICE/Target/usbd_conf.o
                0x0800a990                USBD_LL_IsStallEP
 .text.USBD_LL_GetRxDataSize
                0x0800a9b4        0x8 ./USB_DEVICE/Target/usbd_conf.o
                0x0800a9b4                USBD_LL_GetRxDataSize
 .text.USBD_static_malloc
                0x0800a9bc        0x8 ./USB_DEVICE/Target/usbd_conf.o
                0x0800a9bc                USBD_static_malloc
 .text.USBD_static_free
                0x0800a9c4        0x2 ./USB_DEVICE/Target/usbd_conf.o
                0x0800a9c4                USBD_static_free
 .text.USBD_Get_USB_Status
                0x0800a9c6        0xc ./USB_DEVICE/Target/usbd_conf.o
                0x0800a9c6                USBD_Get_USB_Status
 .text.USBD_LL_Start
                0x0800a9d2       0x12 ./USB_DEVICE/Target/usbd_conf.o
                0x0800a9d2                USBD_LL_Start
 .text.USBD_LL_OpenEP
                0x0800a9e4       0x18 ./USB_DEVICE/Target/usbd_conf.o
                0x0800a9e4                USBD_LL_OpenEP
 .text.USBD_LL_CloseEP
                0x0800a9fc       0x12 ./USB_DEVICE/Target/usbd_conf.o
                0x0800a9fc                USBD_LL_CloseEP
 .text.USBD_LL_StallEP
                0x0800aa0e       0x12 ./USB_DEVICE/Target/usbd_conf.o
                0x0800aa0e                USBD_LL_StallEP
 .text.USBD_LL_ClearStallEP
                0x0800aa20       0x12 ./USB_DEVICE/Target/usbd_conf.o
                0x0800aa20                USBD_LL_ClearStallEP
 .text.USBD_LL_SetUSBAddress
                0x0800aa32       0x12 ./USB_DEVICE/Target/usbd_conf.o
                0x0800aa32                USBD_LL_SetUSBAddress
 .text.USBD_LL_Transmit
                0x0800aa44       0x12 ./USB_DEVICE/Target/usbd_conf.o
                0x0800aa44                USBD_LL_Transmit
 .text.USBD_LL_PrepareReceive
                0x0800aa56       0x12 ./USB_DEVICE/Target/usbd_conf.o
                0x0800aa56                USBD_LL_PrepareReceive
 .text.atoi     0x0800aa68        0x8 C:/ST/STM32CubeIDE_1.18.1/STM32CubeIDE/plugins/com.st.stm32cube.ide.mcu.externaltools.gnu-tools-for-stm32.13.3.rel1.win32_1.0.0.202411081344/tools/bin/../lib/gcc/arm-none-eabi/13.3.1/../../../../arm-none-eabi/lib/thumb/v7e-m+fp/hard\libc_nano.a(libc_a-atoi.o)
                0x0800aa68                atoi
 .text.__itoa   0x0800aa70       0x30 C:/ST/STM32CubeIDE_1.18.1/STM32CubeIDE/plugins/com.st.stm32cube.ide.mcu.externaltools.gnu-tools-for-stm32.13.3.rel1.win32_1.0.0.202411081344/tools/bin/../lib/gcc/arm-none-eabi/13.3.1/../../../../arm-none-eabi/lib/thumb/v7e-m+fp/hard\libc_nano.a(libc_a-itoa.o)
                0x0800aa70                __itoa
 .text.itoa     0x0800aaa0        0x4 C:/ST/STM32CubeIDE_1.18.1/STM32CubeIDE/plugins/com.st.stm32cube.ide.mcu.externaltools.gnu-tools-for-stm32.13.3.rel1.win32_1.0.0.202411081344/tools/bin/../lib/gcc/arm-none-eabi/13.3.1/../../../../arm-none-eabi/lib/thumb/v7e-m+fp/hard\libc_nano.a(libc_a-itoa.o)
                0x0800aaa0                itoa
 .text._strtol_l.isra.0
                0x0800aaa4       0xf4 C:/ST/STM32CubeIDE_1.18.1/STM32CubeIDE/plugins/com.st.stm32cube.ide.mcu.externaltools.gnu-tools-for-stm32.13.3.rel1.win32_1.0.0.202411081344/tools/bin/../lib/gcc/arm-none-eabi/13.3.1/../../../../arm-none-eabi/lib/thumb/v7e-m+fp/hard\libc_nano.a(libc_a-strtol.o)
 .text.strtol   0x0800ab98       0x14 C:/ST/STM32CubeIDE_1.18.1/STM32CubeIDE/plugins/com.st.stm32cube.ide.mcu.externaltools.gnu-tools-for-stm32.13.3.rel1.win32_1.0.0.202411081344/tools/bin/../lib/gcc/arm-none-eabi/13.3.1/../../../../arm-none-eabi/lib/thumb/v7e-m+fp/hard\libc_nano.a(libc_a-strtol.o)
                0x0800ab98                strtol
 .text.__utoa   0x0800abac       0x84 C:/ST/STM32CubeIDE_1.18.1/STM32CubeIDE/plugins/com.st.stm32cube.ide.mcu.externaltools.gnu-tools-for-stm32.13.3.rel1.win32_1.0.0.202411081344/tools/bin/../lib/gcc/arm-none-eabi/13.3.1/../../../../arm-none-eabi/lib/thumb/v7e-m+fp/hard\libc_nano.a(libc_a-utoa.o)
                0x0800abac                __utoa
 .text.std      0x0800ac30       0x6c C:/ST/STM32CubeIDE_1.18.1/STM32CubeIDE/plugins/com.st.stm32cube.ide.mcu.externaltools.gnu-tools-for-stm32.13.3.rel1.win32_1.0.0.202411081344/tools/bin/../lib/gcc/arm-none-eabi/13.3.1/../../../../arm-none-eabi/lib/thumb/v7e-m+fp/hard\libc_nano.a(libc_a-findfp.o)
 .text.stdio_exit_handler
                0x0800ac9c       0x18 C:/ST/STM32CubeIDE_1.18.1/STM32CubeIDE/plugins/com.st.stm32cube.ide.mcu.externaltools.gnu-tools-for-stm32.13.3.rel1.win32_1.0.0.202411081344/tools/bin/../lib/gcc/arm-none-eabi/13.3.1/../../../../arm-none-eabi/lib/thumb/v7e-m+fp/hard\libc_nano.a(libc_a-findfp.o)
 .text.cleanup_stdio
                0x0800acb4       0x40 C:/ST/STM32CubeIDE_1.18.1/STM32CubeIDE/plugins/com.st.stm32cube.ide.mcu.externaltools.gnu-tools-for-stm32.13.3.rel1.win32_1.0.0.202411081344/tools/bin/../lib/gcc/arm-none-eabi/13.3.1/../../../../arm-none-eabi/lib/thumb/v7e-m+fp/hard\libc_nano.a(libc_a-findfp.o)
 .text.global_stdio_init.part.0
                0x0800acf4       0x3c C:/ST/STM32CubeIDE_1.18.1/STM32CubeIDE/plugins/com.st.stm32cube.ide.mcu.externaltools.gnu-tools-for-stm32.13.3.rel1.win32_1.0.0.202411081344/tools/bin/../lib/gcc/arm-none-eabi/13.3.1/../../../../arm-none-eabi/lib/thumb/v7e-m+fp/hard\libc_nano.a(libc_a-findfp.o)
 .text.__sfp_lock_acquire
                0x0800ad30        0xc C:/ST/STM32CubeIDE_1.18.1/STM32CubeIDE/plugins/com.st.stm32cube.ide.mcu.externaltools.gnu-tools-for-stm32.13.3.rel1.win32_1.0.0.202411081344/tools/bin/../lib/gcc/arm-none-eabi/13.3.1/../../../../arm-none-eabi/lib/thumb/v7e-m+fp/hard\libc_nano.a(libc_a-findfp.o)
                0x0800ad30                __sfp_lock_acquire
 .text.__sfp_lock_release
                0x0800ad3c        0xc C:/ST/STM32CubeIDE_1.18.1/STM32CubeIDE/plugins/com.st.stm32cube.ide.mcu.externaltools.gnu-tools-for-stm32.13.3.rel1.win32_1.0.0.202411081344/tools/bin/../lib/gcc/arm-none-eabi/13.3.1/../../../../arm-none-eabi/lib/thumb/v7e-m+fp/hard\libc_nano.a(libc_a-findfp.o)
                0x0800ad3c                __sfp_lock_release
 .text.__sinit  0x0800ad48       0x30 C:/ST/STM32CubeIDE_1.18.1/STM32CubeIDE/plugins/com.st.stm32cube.ide.mcu.externaltools.gnu-tools-for-stm32.13.3.rel1.win32_1.0.0.202411081344/tools/bin/../lib/gcc/arm-none-eabi/13.3.1/../../../../arm-none-eabi/lib/thumb/v7e-m+fp/hard\libc_nano.a(libc_a-findfp.o)
                0x0800ad48                __sinit
 .text._fwalk_sglue
                0x0800ad78       0x3c C:/ST/STM32CubeIDE_1.18.1/STM32CubeIDE/plugins/com.st.stm32cube.ide.mcu.externaltools.gnu-tools-for-stm32.13.3.rel1.win32_1.0.0.202411081344/tools/bin/../lib/gcc/arm-none-eabi/13.3.1/../../../../arm-none-eabi/lib/thumb/v7e-m+fp/hard\libc_nano.a(libc_a-fwalk.o)
                0x0800ad78                _fwalk_sglue
 .text.snprintf
                0x0800adb4       0x6c C:/ST/STM32CubeIDE_1.18.1/STM32CubeIDE/plugins/com.st.stm32cube.ide.mcu.externaltools.gnu-tools-for-stm32.13.3.rel1.win32_1.0.0.202411081344/tools/bin/../lib/gcc/arm-none-eabi/13.3.1/../../../../arm-none-eabi/lib/thumb/v7e-m+fp/hard\libc_nano.a(libc_a-snprintf.o)
                0x0800adb4                sniprintf
                0x0800adb4                snprintf
 .text.sprintf  0x0800ae20       0x44 C:/ST/STM32CubeIDE_1.18.1/STM32CubeIDE/plugins/com.st.stm32cube.ide.mcu.externaltools.gnu-tools-for-stm32.13.3.rel1.win32_1.0.0.202411081344/tools/bin/../lib/gcc/arm-none-eabi/13.3.1/../../../../arm-none-eabi/lib/thumb/v7e-m+fp/hard\libc_nano.a(libc_a-sprintf.o)
                0x0800ae20                siprintf
                0x0800ae20                sprintf
 .text.__sread  0x0800ae64       0x22 C:/ST/STM32CubeIDE_1.18.1/STM32CubeIDE/plugins/com.st.stm32cube.ide.mcu.externaltools.gnu-tools-for-stm32.13.3.rel1.win32_1.0.0.202411081344/tools/bin/../lib/gcc/arm-none-eabi/13.3.1/../../../../arm-none-eabi/lib/thumb/v7e-m+fp/hard\libc_nano.a(libc_a-stdio.o)
                0x0800ae64                __sread
 .text.__swrite
                0x0800ae86       0x38 C:/ST/STM32CubeIDE_1.18.1/STM32CubeIDE/plugins/com.st.stm32cube.ide.mcu.externaltools.gnu-tools-for-stm32.13.3.rel1.win32_1.0.0.202411081344/tools/bin/../lib/gcc/arm-none-eabi/13.3.1/../../../../arm-none-eabi/lib/thumb/v7e-m+fp/hard\libc_nano.a(libc_a-stdio.o)
                0x0800ae86                __swrite
 .text.__sseek  0x0800aebe       0x24 C:/ST/STM32CubeIDE_1.18.1/STM32CubeIDE/plugins/com.st.stm32cube.ide.mcu.externaltools.gnu-tools-for-stm32.13.3.rel1.win32_1.0.0.202411081344/tools/bin/../lib/gcc/arm-none-eabi/13.3.1/../../../../arm-none-eabi/lib/thumb/v7e-m+fp/hard\libc_nano.a(libc_a-stdio.o)
                0x0800aebe                __sseek
 .text.__sclose
                0x0800aee2        0x8 C:/ST/STM32CubeIDE_1.18.1/STM32CubeIDE/plugins/com.st.stm32cube.ide.mcu.externaltools.gnu-tools-for-stm32.13.3.rel1.win32_1.0.0.202411081344/tools/bin/../lib/gcc/arm-none-eabi/13.3.1/../../../../arm-none-eabi/lib/thumb/v7e-m+fp/hard\libc_nano.a(libc_a-stdio.o)
                0x0800aee2                __sclose
 .text.memset   0x0800aeea       0x10 C:/ST/STM32CubeIDE_1.18.1/STM32CubeIDE/plugins/com.st.stm32cube.ide.mcu.externaltools.gnu-tools-for-stm32.13.3.rel1.win32_1.0.0.202411081344/tools/bin/../lib/gcc/arm-none-eabi/13.3.1/../../../../arm-none-eabi/lib/thumb/v7e-m+fp/hard\libc_nano.a(libc_a-memset.o)
                0x0800aeea                memset
 .text.strncpy  0x0800aefa       0x26 C:/ST/STM32CubeIDE_1.18.1/STM32CubeIDE/plugins/com.st.stm32cube.ide.mcu.externaltools.gnu-tools-for-stm32.13.3.rel1.win32_1.0.0.202411081344/tools/bin/../lib/gcc/arm-none-eabi/13.3.1/../../../../arm-none-eabi/lib/thumb/v7e-m+fp/hard\libc_nano.a(libc_a-strncpy.o)
                0x0800aefa                strncpy
 .text.strtok   0x0800af20       0x68 C:/ST/STM32CubeIDE_1.18.1/STM32CubeIDE/plugins/com.st.stm32cube.ide.mcu.externaltools.gnu-tools-for-stm32.13.3.rel1.win32_1.0.0.202411081344/tools/bin/../lib/gcc/arm-none-eabi/13.3.1/../../../../arm-none-eabi/lib/thumb/v7e-m+fp/hard\libc_nano.a(libc_a-strtok.o)
                0x0800af20                strtok
 .text.__strtok_r
                0x0800af88       0x50 C:/ST/STM32CubeIDE_1.18.1/STM32CubeIDE/plugins/com.st.stm32cube.ide.mcu.externaltools.gnu-tools-for-stm32.13.3.rel1.win32_1.0.0.202411081344/tools/bin/../lib/gcc/arm-none-eabi/13.3.1/../../../../arm-none-eabi/lib/thumb/v7e-m+fp/hard\libc_nano.a(libc_a-strtok_r.o)
                0x0800af88                __strtok_r
 .text._close_r
                0x0800afd8       0x20 C:/ST/STM32CubeIDE_1.18.1/STM32CubeIDE/plugins/com.st.stm32cube.ide.mcu.externaltools.gnu-tools-for-stm32.13.3.rel1.win32_1.0.0.202411081344/tools/bin/../lib/gcc/arm-none-eabi/13.3.1/../../../../arm-none-eabi/lib/thumb/v7e-m+fp/hard\libc_nano.a(libc_a-closer.o)
                0x0800afd8                _close_r
 .text._lseek_r
                0x0800aff8       0x24 C:/ST/STM32CubeIDE_1.18.1/STM32CubeIDE/plugins/com.st.stm32cube.ide.mcu.externaltools.gnu-tools-for-stm32.13.3.rel1.win32_1.0.0.202411081344/tools/bin/../lib/gcc/arm-none-eabi/13.3.1/../../../../arm-none-eabi/lib/thumb/v7e-m+fp/hard\libc_nano.a(libc_a-lseekr.o)
                0x0800aff8                _lseek_r
 .text._read_r  0x0800b01c       0x24 C:/ST/STM32CubeIDE_1.18.1/STM32CubeIDE/plugins/com.st.stm32cube.ide.mcu.externaltools.gnu-tools-for-stm32.13.3.rel1.win32_1.0.0.202411081344/tools/bin/../lib/gcc/arm-none-eabi/13.3.1/../../../../arm-none-eabi/lib/thumb/v7e-m+fp/hard\libc_nano.a(libc_a-readr.o)
                0x0800b01c                _read_r
 .text._write_r
                0x0800b040       0x24 C:/ST/STM32CubeIDE_1.18.1/STM32CubeIDE/plugins/com.st.stm32cube.ide.mcu.externaltools.gnu-tools-for-stm32.13.3.rel1.win32_1.0.0.202411081344/tools/bin/../lib/gcc/arm-none-eabi/13.3.1/../../../../arm-none-eabi/lib/thumb/v7e-m+fp/hard\libc_nano.a(libc_a-writer.o)
                0x0800b040                _write_r
 .text.__errno  0x0800b064        0xc C:/ST/STM32CubeIDE_1.18.1/STM32CubeIDE/plugins/com.st.stm32cube.ide.mcu.externaltools.gnu-tools-for-stm32.13.3.rel1.win32_1.0.0.202411081344/tools/bin/../lib/gcc/arm-none-eabi/13.3.1/../../../../arm-none-eabi/lib/thumb/v7e-m+fp/hard\libc_nano.a(libc_a-errno.o)
                0x0800b064                __errno
 .text.__libc_init_array
                0x0800b070       0x48 C:/ST/STM32CubeIDE_1.18.1/STM32CubeIDE/plugins/com.st.stm32cube.ide.mcu.externaltools.gnu-tools-for-stm32.13.3.rel1.win32_1.0.0.202411081344/tools/bin/../lib/gcc/arm-none-eabi/13.3.1/../../../../arm-none-eabi/lib/thumb/v7e-m+fp/hard\libc_nano.a(libc_a-init.o)
                0x0800b070                __libc_init_array
 .text.__retarget_lock_init_recursive
                0x0800b0b8        0x2 C:/ST/STM32CubeIDE_1.18.1/STM32CubeIDE/plugins/com.st.stm32cube.ide.mcu.externaltools.gnu-tools-for-stm32.13.3.rel1.win32_1.0.0.202411081344/tools/bin/../lib/gcc/arm-none-eabi/13.3.1/../../../../arm-none-eabi/lib/thumb/v7e-m+fp/hard\libc_nano.a(libc_a-lock.o)
                0x0800b0b8                __retarget_lock_init_recursive
 .text.__retarget_lock_acquire_recursive
                0x0800b0ba        0x2 C:/ST/STM32CubeIDE_1.18.1/STM32CubeIDE/plugins/com.st.stm32cube.ide.mcu.externaltools.gnu-tools-for-stm32.13.3.rel1.win32_1.0.0.202411081344/tools/bin/../lib/gcc/arm-none-eabi/13.3.1/../../../../arm-none-eabi/lib/thumb/v7e-m+fp/hard\libc_nano.a(libc_a-lock.o)
                0x0800b0ba                __retarget_lock_acquire_recursive
 .text.__retarget_lock_release_recursive
                0x0800b0bc        0x2 C:/ST/STM32CubeIDE_1.18.1/STM32CubeIDE/plugins/com.st.stm32cube.ide.mcu.externaltools.gnu-tools-for-stm32.13.3.rel1.win32_1.0.0.202411081344/tools/bin/../lib/gcc/arm-none-eabi/13.3.1/../../../../arm-none-eabi/lib/thumb/v7e-m+fp/hard\libc_nano.a(libc_a-lock.o)
                0x0800b0bc                __retarget_lock_release_recursive
 .text.strcpy   0x0800b0be       0x10 C:/ST/STM32CubeIDE_1.18.1/STM32CubeIDE/plugins/com.st.stm32cube.ide.mcu.externaltools.gnu-tools-for-stm32.13.3.rel1.win32_1.0.0.202411081344/tools/bin/../lib/gcc/arm-none-eabi/13.3.1/../../../../arm-none-eabi/lib/thumb/v7e-m+fp/hard\libc_nano.a(libc_a-strcpy.o)
                0x0800b0be                strcpy
 .text.memcpy   0x0800b0ce       0x1c C:/ST/STM32CubeIDE_1.18.1/STM32CubeIDE/plugins/com.st.stm32cube.ide.mcu.externaltools.gnu-tools-for-stm32.13.3.rel1.win32_1.0.0.202411081344/tools/bin/../lib/gcc/arm-none-eabi/13.3.1/../../../../arm-none-eabi/lib/thumb/v7e-m+fp/hard\libc_nano.a(libc_a-memcpy-stub.o)
                0x0800b0ce                memcpy
 *fill*         0x0800b0ea        0x2 
 .text.__assert_func
                0x0800b0ec       0x3c C:/ST/STM32CubeIDE_1.18.1/STM32CubeIDE/plugins/com.st.stm32cube.ide.mcu.externaltools.gnu-tools-for-stm32.13.3.rel1.win32_1.0.0.202411081344/tools/bin/../lib/gcc/arm-none-eabi/13.3.1/../../../../arm-none-eabi/lib/thumb/v7e-m+fp/hard\libc_nano.a(libc_a-assert.o)
                0x0800b0ec                __assert_func
 .text._free_r  0x0800b128       0x94 C:/ST/STM32CubeIDE_1.18.1/STM32CubeIDE/plugins/com.st.stm32cube.ide.mcu.externaltools.gnu-tools-for-stm32.13.3.rel1.win32_1.0.0.202411081344/tools/bin/../lib/gcc/arm-none-eabi/13.3.1/../../../../arm-none-eabi/lib/thumb/v7e-m+fp/hard\libc_nano.a(libc_a-freer.o)
                0x0800b128                _free_r
 .text.malloc   0x0800b1bc       0x10 C:/ST/STM32CubeIDE_1.18.1/STM32CubeIDE/plugins/com.st.stm32cube.ide.mcu.externaltools.gnu-tools-for-stm32.13.3.rel1.win32_1.0.0.202411081344/tools/bin/../lib/gcc/arm-none-eabi/13.3.1/../../../../arm-none-eabi/lib/thumb/v7e-m+fp/hard\libc_nano.a(libc_a-malloc.o)
                0x0800b1bc                malloc
 .text.sbrk_aligned
                0x0800b1cc       0x44 C:/ST/STM32CubeIDE_1.18.1/STM32CubeIDE/plugins/com.st.stm32cube.ide.mcu.externaltools.gnu-tools-for-stm32.13.3.rel1.win32_1.0.0.202411081344/tools/bin/../lib/gcc/arm-none-eabi/13.3.1/../../../../arm-none-eabi/lib/thumb/v7e-m+fp/hard\libc_nano.a(libc_a-mallocr.o)
 .text._malloc_r
                0x0800b210      0x100 C:/ST/STM32CubeIDE_1.18.1/STM32CubeIDE/plugins/com.st.stm32cube.ide.mcu.externaltools.gnu-tools-for-stm32.13.3.rel1.win32_1.0.0.202411081344/tools/bin/../lib/gcc/arm-none-eabi/13.3.1/../../../../arm-none-eabi/lib/thumb/v7e-m+fp/hard\libc_nano.a(libc_a-mallocr.o)
                0x0800b210                _malloc_r
 .text.__malloc_lock
                0x0800b310        0xc C:/ST/STM32CubeIDE_1.18.1/STM32CubeIDE/plugins/com.st.stm32cube.ide.mcu.externaltools.gnu-tools-for-stm32.13.3.rel1.win32_1.0.0.202411081344/tools/bin/../lib/gcc/arm-none-eabi/13.3.1/../../../../arm-none-eabi/lib/thumb/v7e-m+fp/hard\libc_nano.a(libc_a-mlock.o)
                0x0800b310                __malloc_lock
 .text.__malloc_unlock
                0x0800b31c        0xc C:/ST/STM32CubeIDE_1.18.1/STM32CubeIDE/plugins/com.st.stm32cube.ide.mcu.externaltools.gnu-tools-for-stm32.13.3.rel1.win32_1.0.0.202411081344/tools/bin/../lib/gcc/arm-none-eabi/13.3.1/../../../../arm-none-eabi/lib/thumb/v7e-m+fp/hard\libc_nano.a(libc_a-mlock.o)
                0x0800b31c                __malloc_unlock
 .text.__ssputs_r
                0x0800b328       0xb6 C:/ST/STM32CubeIDE_1.18.1/STM32CubeIDE/plugins/com.st.stm32cube.ide.mcu.externaltools.gnu-tools-for-stm32.13.3.rel1.win32_1.0.0.202411081344/tools/bin/../lib/gcc/arm-none-eabi/13.3.1/../../../../arm-none-eabi/lib/thumb/v7e-m+fp/hard\libc_nano.a(libc_a-nano-svfprintf.o)
                0x0800b328                __ssputs_r
 *fill*         0x0800b3de        0x2 
 .text._svfprintf_r
                0x0800b3e0      0x1f8 C:/ST/STM32CubeIDE_1.18.1/STM32CubeIDE/plugins/com.st.stm32cube.ide.mcu.externaltools.gnu-tools-for-stm32.13.3.rel1.win32_1.0.0.202411081344/tools/bin/../lib/gcc/arm-none-eabi/13.3.1/../../../../arm-none-eabi/lib/thumb/v7e-m+fp/hard\libc_nano.a(libc_a-nano-svfprintf.o)
                0x0800b3e0                _svfiprintf_r
                0x0800b3e0                _svfprintf_r
 .text._printf_common
                0x0800b5d8       0xda C:/ST/STM32CubeIDE_1.18.1/STM32CubeIDE/plugins/com.st.stm32cube.ide.mcu.externaltools.gnu-tools-for-stm32.13.3.rel1.win32_1.0.0.202411081344/tools/bin/../lib/gcc/arm-none-eabi/13.3.1/../../../../arm-none-eabi/lib/thumb/v7e-m+fp/hard\libc_nano.a(libc_a-nano-vfprintf_i.o)
                0x0800b5d8                _printf_common
 *fill*         0x0800b6b2        0x2 
 .text._printf_i
                0x0800b6b4      0x23c C:/ST/STM32CubeIDE_1.18.1/STM32CubeIDE/plugins/com.st.stm32cube.ide.mcu.externaltools.gnu-tools-for-stm32.13.3.rel1.win32_1.0.0.202411081344/tools/bin/../lib/gcc/arm-none-eabi/13.3.1/../../../../arm-none-eabi/lib/thumb/v7e-m+fp/hard\libc_nano.a(libc_a-nano-vfprintf_i.o)
                0x0800b6b4                _printf_i
 .text.__sflush_r
                0x0800b8f0      0x108 C:/ST/STM32CubeIDE_1.18.1/STM32CubeIDE/plugins/com.st.stm32cube.ide.mcu.externaltools.gnu-tools-for-stm32.13.3.rel1.win32_1.0.0.202411081344/tools/bin/../lib/gcc/arm-none-eabi/13.3.1/../../../../arm-none-eabi/lib/thumb/v7e-m+fp/hard\libc_nano.a(libc_a-fflush.o)
                0x0800b8f0                __sflush_r
 .text._fflush_r
                0x0800b9f8       0x50 C:/ST/STM32CubeIDE_1.18.1/STM32CubeIDE/plugins/com.st.stm32cube.ide.mcu.externaltools.gnu-tools-for-stm32.13.3.rel1.win32_1.0.0.202411081344/tools/bin/../lib/gcc/arm-none-eabi/13.3.1/../../../../arm-none-eabi/lib/thumb/v7e-m+fp/hard\libc_nano.a(libc_a-fflush.o)
                0x0800b9f8                _fflush_r
 .text.fprintf  0x0800ba48       0x24 C:/ST/STM32CubeIDE_1.18.1/STM32CubeIDE/plugins/com.st.stm32cube.ide.mcu.externaltools.gnu-tools-for-stm32.13.3.rel1.win32_1.0.0.202411081344/tools/bin/../lib/gcc/arm-none-eabi/13.3.1/../../../../arm-none-eabi/lib/thumb/v7e-m+fp/hard\libc_nano.a(libc_a-fprintf.o)
                0x0800ba48                fiprintf
                0x0800ba48                fprintf
 .text.memmove  0x0800ba6c       0x34 C:/ST/STM32CubeIDE_1.18.1/STM32CubeIDE/plugins/com.st.stm32cube.ide.mcu.externaltools.gnu-tools-for-stm32.13.3.rel1.win32_1.0.0.202411081344/tools/bin/../lib/gcc/arm-none-eabi/13.3.1/../../../../arm-none-eabi/lib/thumb/v7e-m+fp/hard\libc_nano.a(libc_a-memmove.o)
                0x0800ba6c                memmove
 .text._sbrk_r  0x0800baa0       0x20 C:/ST/STM32CubeIDE_1.18.1/STM32CubeIDE/plugins/com.st.stm32cube.ide.mcu.externaltools.gnu-tools-for-stm32.13.3.rel1.win32_1.0.0.202411081344/tools/bin/../lib/gcc/arm-none-eabi/13.3.1/../../../../arm-none-eabi/lib/thumb/v7e-m+fp/hard\libc_nano.a(libc_a-sbrkr.o)
                0x0800baa0                _sbrk_r
 .text.abort    0x0800bac0        0xe C:/ST/STM32CubeIDE_1.18.1/STM32CubeIDE/plugins/com.st.stm32cube.ide.mcu.externaltools.gnu-tools-for-stm32.13.3.rel1.win32_1.0.0.202411081344/tools/bin/../lib/gcc/arm-none-eabi/13.3.1/../../../../arm-none-eabi/lib/thumb/v7e-m+fp/hard\libc_nano.a(libc_a-abort.o)
                0x0800bac0                abort
 .text._realloc_r
                0x0800bace       0x5c C:/ST/STM32CubeIDE_1.18.1/STM32CubeIDE/plugins/com.st.stm32cube.ide.mcu.externaltools.gnu-tools-for-stm32.13.3.rel1.win32_1.0.0.202411081344/tools/bin/../lib/gcc/arm-none-eabi/13.3.1/../../../../arm-none-eabi/lib/thumb/v7e-m+fp/hard\libc_nano.a(libc_a-reallocr.o)
                0x0800bace                _realloc_r
 .text.__sfputc_r
                0x0800bb2a       0x2e C:/ST/STM32CubeIDE_1.18.1/STM32CubeIDE/plugins/com.st.stm32cube.ide.mcu.externaltools.gnu-tools-for-stm32.13.3.rel1.win32_1.0.0.202411081344/tools/bin/../lib/gcc/arm-none-eabi/13.3.1/../../../../arm-none-eabi/lib/thumb/v7e-m+fp/hard\libc_nano.a(libc_a-nano-vfprintf.o)
 .text.__sfputs_r
                0x0800bb58       0x24 C:/ST/STM32CubeIDE_1.18.1/STM32CubeIDE/plugins/com.st.stm32cube.ide.mcu.externaltools.gnu-tools-for-stm32.13.3.rel1.win32_1.0.0.202411081344/tools/bin/../lib/gcc/arm-none-eabi/13.3.1/../../../../arm-none-eabi/lib/thumb/v7e-m+fp/hard\libc_nano.a(libc_a-nano-vfprintf.o)
                0x0800bb58                __sfputs_r
 .text._vfprintf_r
                0x0800bb7c      0x230 C:/ST/STM32CubeIDE_1.18.1/STM32CubeIDE/plugins/com.st.stm32cube.ide.mcu.externaltools.gnu-tools-for-stm32.13.3.rel1.win32_1.0.0.202411081344/tools/bin/../lib/gcc/arm-none-eabi/13.3.1/../../../../arm-none-eabi/lib/thumb/v7e-m+fp/hard\libc_nano.a(libc_a-nano-vfprintf.o)
                0x0800bb7c                _vfprintf_r
                0x0800bb7c                _vfiprintf_r
 .text.__swbuf_r
                0x0800bdac       0x7c C:/ST/STM32CubeIDE_1.18.1/STM32CubeIDE/plugins/com.st.stm32cube.ide.mcu.externaltools.gnu-tools-for-stm32.13.3.rel1.win32_1.0.0.202411081344/tools/bin/../lib/gcc/arm-none-eabi/13.3.1/../../../../arm-none-eabi/lib/thumb/v7e-m+fp/hard\libc_nano.a(libc_a-wbuf.o)