Archive member included to satisfy reference by file (symbol)

C:/ST/STM32CubeIDE_1.18.1/STM32CubeIDE/plugins/com.st.stm32cube.ide.mcu.externaltools.gnu-tools-for-stm32.13.3.rel1.win32_1.0.0.202411081344/tools/bin/../lib/gcc/arm-none-eabi/13.3.1/../../../../arm-none-eabi/lib/thumb/v7e-m+fp/hard\libc_nano.a(libc_a-atoi.o)
                              ./Core/Src/ESP01.o (atoi)
C:/ST/STM32CubeIDE_1.18.1/STM32CubeIDE/plugins/com.st.stm32cube.ide.mcu.externaltools.gnu-tools-for-stm32.13.3.rel1.win32_1.0.0.202411081344/tools/bin/../lib/gcc/arm-none-eabi/13.3.1/../../../../arm-none-eabi/lib/thumb/v7e-m+fp/hard\libc_nano.a(libc_a-exit.o)
                              C:/ST/STM32CubeIDE_1.18.1/STM32CubeIDE/plugins/com.st.stm32cube.ide.mcu.externaltools.gnu-tools-for-stm32.13.3.rel1.win32_1.0.0.202411081344/tools/bin/../lib/gcc/arm-none-eabi/13.3.1/../../../../arm-none-eabi/lib/thumb/v7e-m+fp/hard/crt0.o (exit)
C:/ST/STM32CubeIDE_1.18.1/STM32CubeIDE/plugins/com.st.stm32cube.ide.mcu.externaltools.gnu-tools-for-stm32.13.3.rel1.win32_1.0.0.202411081344/tools/bin/../lib/gcc/arm-none-eabi/13.3.1/../../../../arm-none-eabi/lib/thumb/v7e-m+fp/hard\libc_nano.a(libc_a-itoa.o)
                              ./Core/Src/ESP01.o (itoa)
C:/ST/STM32CubeIDE_1.18.1/STM32CubeIDE/plugins/com.st.stm32cube.ide.mcu.externaltools.gnu-tools-for-stm32.13.3.rel1.win32_1.0.0.202411081344/tools/bin/../lib/gcc/arm-none-eabi/13.3.1/../../../../arm-none-eabi/lib/thumb/v7e-m+fp/hard\libc_nano.a(libc_a-strtol.o)
                              C:/ST/STM32CubeIDE_1.18.1/STM32CubeIDE/plugins/com.st.stm32cube.ide.mcu.externaltools.gnu-tools-for-stm32.13.3.rel1.win32_1.0.0.202411081344/tools/bin/../lib/gcc/arm-none-eabi/13.3.1/../../../../arm-none-eabi/lib/thumb/v7e-m+fp/hard\libc_nano.a(libc_a-atoi.o) (_strtol_r)
C:/ST/STM32CubeIDE_1.18.1/STM32CubeIDE/plugins/com.st.stm32cube.ide.mcu.externaltools.gnu-tools-for-stm32.13.3.rel1.win32_1.0.0.202411081344/tools/bin/../lib/gcc/arm-none-eabi/13.3.1/../../../../arm-none-eabi/lib/thumb/v7e-m+fp/hard\libc_nano.a(libc_a-utoa.o)
                              C:/ST/STM32CubeIDE_1.18.1/STM32CubeIDE/plugins/com.st.stm32cube.ide.mcu.externaltools.gnu-tools-for-stm32.13.3.rel1.win32_1.0.0.202411081344/tools/bin/../lib/gcc/arm-none-eabi/13.3.1/../../../../arm-none-eabi/lib/thumb/v7e-m+fp/hard\libc_nano.a(libc_a-itoa.o) (__utoa)
C:/ST/STM32CubeIDE_1.18.1/STM32CubeIDE/plugins/com.st.stm32cube.ide.mcu.externaltools.gnu-tools-for-stm32.13.3.rel1.win32_1.0.0.202411081344/tools/bin/../lib/gcc/arm-none-eabi/13.3.1/../../../../arm-none-eabi/lib/thumb/v7e-m+fp/hard\libc_nano.a(libc_a-ctype_.o)
                              C:/ST/STM32CubeIDE_1.18.1/STM32CubeIDE/plugins/com.st.stm32cube.ide.mcu.externaltools.gnu-tools-for-stm32.13.3.rel1.win32_1.0.0.202411081344/tools/bin/../lib/gcc/arm-none-eabi/13.3.1/../../../../arm-none-eabi/lib/thumb/v7e-m+fp/hard\libc_nano.a(libc_a-strtol.o) (_ctype_)
C:/ST/STM32CubeIDE_1.18.1/STM32CubeIDE/plugins/com.st.stm32cube.ide.mcu.externaltools.gnu-tools-for-stm32.13.3.rel1.win32_1.0.0.202411081344/tools/bin/../lib/gcc/arm-none-eabi/13.3.1/../../../../arm-none-eabi/lib/thumb/v7e-m+fp/hard\libc_nano.a(libc_a-findfp.o)
                              C:/ST/STM32CubeIDE_1.18.1/STM32CubeIDE/plugins/com.st.stm32cube.ide.mcu.externaltools.gnu-tools-for-stm32.13.3.rel1.win32_1.0.0.202411081344/tools/bin/../lib/gcc/arm-none-eabi/13.3.1/../../../../arm-none-eabi/lib/thumb/v7e-m+fp/hard\libc_nano.a(libc_a-exit.o) (__stdio_exit_handler)
C:/ST/STM32CubeIDE_1.18.1/STM32CubeIDE/plugins/com.st.stm32cube.ide.mcu.externaltools.gnu-tools-for-stm32.13.3.rel1.win32_1.0.0.202411081344/tools/bin/../lib/gcc/arm-none-eabi/13.3.1/../../../../arm-none-eabi/lib/thumb/v7e-m+fp/hard\libc_nano.a(libc_a-fwalk.o)
                              C:/ST/STM32CubeIDE_1.18.1/STM32CubeIDE/plugins/com.st.stm32cube.ide.mcu.externaltools.gnu-tools-for-stm32.13.3.rel1.win32_1.0.0.202411081344/tools/bin/../lib/gcc/arm-none-eabi/13.3.1/../../../../arm-none-eabi/lib/thumb/v7e-m+fp/hard\libc_nano.a(libc_a-findfp.o) (_fwalk_sglue)
C:/ST/STM32CubeIDE_1.18.1/STM32CubeIDE/plugins/com.st.stm32cube.ide.mcu.externaltools.gnu-tools-for-stm32.13.3.rel1.win32_1.0.0.202411081344/tools/bin/../lib/gcc/arm-none-eabi/13.3.1/../../../../arm-none-eabi/lib/thumb/v7e-m+fp/hard\libc_nano.a(libc_a-snprintf.o)
                              ./Core/Src/main.o (snprintf)
C:/ST/STM32CubeIDE_1.18.1/STM32CubeIDE/plugins/com.st.stm32cube.ide.mcu.externaltools.gnu-tools-for-stm32.13.3.rel1.win32_1.0.0.202411081344/tools/bin/../lib/gcc/arm-none-eabi/13.3.1/../../../../arm-none-eabi/lib/thumb/v7e-m+fp/hard\libc_nano.a(libc_a-sprintf.o)
                              ./Core/Src/ESP01.o (sprintf)
C:/ST/STM32CubeIDE_1.18.1/STM32CubeIDE/plugins/com.st.stm32cube.ide.mcu.externaltools.gnu-tools-for-stm32.13.3.rel1.win32_1.0.0.202411081344/tools/bin/../lib/gcc/arm-none-eabi/13.3.1/../../../../arm-none-eabi/lib/thumb/v7e-m+fp/hard\libc_nano.a(libc_a-stdio.o)
[...]
Memory Configuration

Name             Origin             Length             Attributes
RAM              0x20000000         0x00020000         xrw
FLASH            0x08000000         0x00080000         xr
*default*        0x00000000         0xffffffff

Linker script and memory map

LOAD C:/ST/STM32CubeIDE_1.18.1/STM32CubeIDE/plugins/com.st.stm32cube.ide.mcu.externaltools.gnu-tools-for-stm32.13.3.rel1.win32_1.0.0.202411081344/tools/bin/../lib/gcc/arm-none-eabi/13.3.1/thumb/v7e-m+fp/hard/crti.o
LOAD C:/ST/STM32CubeIDE_1.18.1/STM32CubeIDE/plugins/com.st.stm32cube.ide.mcu.externaltools.gnu-tools-for-stm32.13.3.rel1.win32_1.0.0.202411081344/tools/bin/../lib/gcc/arm-none-eabi/13.3.1/thumb/v7e-m+fp/hard/crtbegin.o
LOAD C:/ST/STM32CubeIDE_1.18.1/STM32CubeIDE/plugins/com.st.stm32cube.ide.mcu.externaltools.gnu-tools-for-stm32.13.3.rel1.win32_1.0.0.202411081344/tools/bin/../lib/gcc/arm-none-eabi/13.3.1/../../../../arm-none-eabi/lib/thumb/v7e-m+fp/hard/crt0.o
LOAD ./Core/Src/ESP01.o
LOAD ./Core/Src/MPU6050.o
LOAD ./Core/Src/UNER.o
LOAD ./Core/Src/fonts.o
LOAD ./Core/Src/main.o
LOAD ./Core/Src/ssd1306.o
LOAD ./Core/Src/stm32f4xx_hal_msp.o
LOAD ./Core/Src/stm32f4xx_it.o
LOAD ./Core/Src/syscalls.o
LOAD ./Core/Src/sysmem.o
LOAD ./Core/Src/system_stm32f4xx.o
LOAD ./Core/Startup/startup_stm32f411ceux.o
LOAD ./Drivers/STM32F4xx_HAL_Driver/Src/stm32f4xx_hal.o
LOAD ./Drivers/STM32F4xx_HAL_Driver/Src/stm32f4xx_hal_adc.o
LOAD ./Drivers/STM32F4xx_HAL_Driver/Src/stm32f4xx_hal_adc_ex.o
LOAD ./Drivers/STM32F4xx_HAL_Driver/Src/stm32f4xx_hal_cortex.o
LOAD ./Drivers/STM32F4xx_HAL_Driver/Src/stm32f4xx_hal_dma.o
LOAD ./Drivers/STM32F4xx_HAL_Driver/Src/stm32f4xx_hal_dma_ex.o
LOAD ./Drivers/STM32F4xx_HAL_Driver/Src/stm32f4xx_hal_exti.o
LOAD ./Drivers/STM32F4xx_HAL_Driver/Src/stm32f4xx_hal_flash.o
LOAD ./Drivers/STM32F4xx_HAL_Driver/Src/stm32f4xx_hal_flash_ex.o
LOAD ./Drivers/STM32F4xx_HAL_Driver/Src/stm32f4xx_hal_flash_ramfunc.o
LOAD ./Drivers/STM32F4xx_HAL_Driver/Src/stm32f4xx_hal_gpio.o
LOAD ./Drivers/STM32F4xx_HAL_Driver/Src/stm32f4xx_hal_i2c.o
LOAD ./Drivers/STM32F4xx_HAL_Driver/Src/stm32f4xx_hal_i2c_ex.o
LOAD ./Drivers/STM32F4xx_HAL_Driver/Src/stm32f4xx_hal_pcd.o
LOAD ./Drivers/STM32F4xx_HAL_Driver/Src/stm32f4xx_hal_pcd_ex.o
LOAD ./Drivers/STM32F4xx_HAL_Driver/Src/stm32f4xx_hal_pwr.o
LOAD ./Drivers/STM32F4xx_HAL_Driver/Src/stm32f4xx_hal_pwr_ex.o
LOAD ./Drivers/STM32F4xx_HAL_Driver/Src/stm32f4xx_hal_rcc.o
LOAD ./Drivers/STM32F4xx_HAL_Driver/Src/stm32f4xx_hal_rcc_ex.o
LOAD ./Drivers/STM32F4xx_HAL_Driver/Src/stm32f4xx_hal_tim.o
LOAD ./Drivers/STM32F4xx_HAL_Driver/Src/stm32f4xx_hal_tim_ex.o
LOAD ./Drivers/STM32F4xx_HAL_Driver/Src/stm32f4xx_hal_uart.o
LOAD ./Drivers/STM32F4xx_HAL_Driver/Src/stm32f4xx_ll_adc.o
LOAD ./Drivers/STM32F4xx_HAL_Driver/Src/stm32f4xx_ll_usb.o
LOAD ./Middlewares/ST/STM32_USB_Device_Library/Class/CDC/Src/usbd_cdc.o
LOAD ./Middlewares/ST/STM32_USB_Device_Library/Core/Src/usbd_core.o
LOAD ./Middlewares/ST/STM32_USB_Device_Library/Core/Src/usbd_ctlreq.o
LOAD ./Middlewares/ST/STM32_USB_Device_Library/Core/Src/usbd_ioreq.o
LOAD ./USB_DEVICE/App/usb_device.o
LOAD ./USB_DEVICE/App/usbd_cdc_if.o
LOAD ./USB_DEVICE/App/usbd_desc.o
LOAD ./USB_DEVICE/Target/usbd_conf.o
START GROUP
LOAD C:/ST/STM32CubeIDE_1.18.1/STM32CubeIDE/plugins/com.st.stm32cube.ide.mcu.externaltools.gnu-tools-for-stm32.13.3.rel1.win32_1.0.0.202411081344/tools/bin/../lib/gcc/arm-none-eabi/13.3.1/../../../../arm-none-eabi/lib/thumb/v7e-m+fp/hard\libc_nano.a
LOAD C:/ST/STM32CubeIDE_1.18.1/STM32CubeIDE/plugins/com.st.stm32cube.ide.mcu.externaltools.gnu-tools-for-stm32.13.3.rel1.win32_1.0.0.202411081344/tools/bin/../lib/gcc/arm-none-eabi/13.3.1/../../../../arm-none-eabi/lib/thumb/v7e-m+fp/hard\libm.a
END GROUP
START GROUP
LOAD C:/ST/STM32CubeIDE_1.18.1/STM32CubeIDE/plugins/com.st.stm32cube.ide.mcu.externaltools.gnu-tools-for-stm32.13.3.rel1.win32_1.0.0.202411081344/tools/bin/../lib/gcc/arm-none-eabi/13.3.1/thumb/v7e-m+fp/hard\libgcc.a
LOAD C:/ST/STM32CubeIDE_1.18.1/STM32CubeIDE/plugins/com.st.stm32cube.ide.mcu.externaltools.gnu-tools-for-stm32.13.3.rel1.win32_1.0.0.202411081344/tools/bin/../lib/gcc/arm-none-eabi/13.3.1/../../../../arm-none-eabi/lib/thumb/v7e-m+fp/hard\libc_nano.a
END GROUP
START GROUP
LOAD C:/ST/STM32CubeIDE_1.18.1/STM32CubeIDE/plugins/com.st.stm32cube.ide.mcu.externaltools.gnu-tools-for-stm32.13.3.rel1.win32_1.0.0.202411081344/tools/bin/../lib/gcc/arm-none-eabi/13.3.1/thumb/v7e-m+fp/hard\libgcc.a
LOAD C:/ST/STM32CubeIDE_1.18.1/STM32CubeIDE/plugins/com.st.stm32cube.ide.mcu.externaltools.gnu-tools-for-stm32.13.3.rel1.win32_1.0.0.202411081344/tools/bin/../lib/gcc/arm-none-eabi/13.3.1/../../../../arm-none-eabi/lib/thumb/v7e-m+fp/hard\libc_nano.a
LOAD C:/ST/STM32CubeIDE_1.18.1/STM32CubeIDE/plugins/com.st.stm32cube.ide.mcu.externaltools.gnu-tools-for-stm32.13.3.rel1.win32_1.0.0.202411081344/tools/bin/../lib/gcc/arm-none-eabi/13.3.1/../../../../arm-none-eabi/lib/thumb/v7e-m+fp/hard\libnosys.a
END GROUP
START GROUP
LOAD C:/ST/STM32CubeIDE_1.18.1/STM32CubeIDE/plugins/com.st.stm32cube.ide.mcu.externaltools.gnu-tools-for-stm32.13.3.rel1.win32_1.0.0.202411081344/tools/bin/../lib/gcc/arm-none-eabi/13.3.1/thumb/v7e-m+fp/hard\libgcc.a
LOAD C:/ST/STM32CubeIDE_1.18.1/STM32CubeIDE/plugins/com.st.stm32cube.ide.mcu.externaltools.gnu-tools-for-stm32.13.3.rel1.win32_1.0.0.202411081344/tools/bin/../lib/gcc/arm-none-eabi/13.3.1/../../../../arm-none-eabi/lib/thumb/v7e-m+fp/hard\libc_nano.a
LOAD C:/ST/STM32CubeIDE_1.18.1/STM32CubeIDE/plugins/com.st.stm32cube.ide.mcu.externaltools.gnu-tools-for-stm32.13.3.rel1.win32_1.0.0.202411081344/tools/bin/../lib/gcc/arm-none-eabi/13.3.1/../../../../arm-none-eabi/lib/thumb/v7e-m+fp/hard\libnosys.a
END GROUP
LOAD C:/ST/STM32CubeIDE_1.18.1/STM32CubeIDE/plugins/com.st.stm32cube.ide.mcu.externaltools.gnu-tools-for-stm32.13.3.rel1.win32_1.0.0.202411081344/tools/bin/../lib/gcc/arm-none-eabi/13.3.1/thumb/v7e-m+fp/hard/crtend.o
LOAD C:/ST/STM32CubeIDE_1.18.1/STM32CubeIDE/plugins/com.st.stm32cube.ide.mcu.externaltools.gnu-tools-for-stm32.13.3.rel1.win32_1.0.0.202411081344/tools/bin/../lib/gcc/arm-none-eabi/13.3.1/thumb/v7e-m+fp/hard/crtn.o
                0x20020000                        _estack = (ORIGIN (RAM) + LENGTH (RAM))
                0x00000200                        _Min_Heap_Size = 0x200
                0x00000400                        _Min_Stack_Size = 0x400

.isr_vector     0x08000000      0x198
                0x08000000                        . = ALIGN (0x4)
 *(.isr_vector)
 .isr_vector    0x08000000      0x198 ./Core/Startup/startup_stm32f411ceux.o
                0x08000000                g_pfnVectors
                0x08000198                        . = ALIGN (0x4)

.text           0x080001a0     0xb7c0
                0x080001a0                        . = ALIGN (0x4)
 *(.text)
 .text          0x080001a0       0x40 C:/ST/STM32CubeIDE_1.18.1/STM32CubeIDE/plugins/com.st.stm32cube.ide.mcu.externaltools.gnu-tools-for-stm32.13.3.rel1.win32_1.0.0.202411081344/tools/bin/../lib/gcc/arm-none-eabi/13.3.1/thumb/v7e-m+fp/hard/crtbegin.o
 .text          0x080001e0       0x14 C:/ST/STM32CubeIDE_1.18.1/STM32CubeIDE/plugins/com.st.stm32cube.ide.mcu.externaltools.gnu-tools-for-stm32.13.3.rel1.win32_1.0.0.202411081344/tools/bin/../lib/gcc/arm-none-eabi/13.3.1/../../../../arm-none-eabi/lib/thumb/v7e-m+fp/hard\libc_nano.a(libc_a-strcmp.o)
                0x080001e0                strcmp
 .text          0x080001f4       0x10 C:/ST/STM32CubeIDE_1.18.1/STM32CubeIDE/plugins/com.st.stm32cube.ide.mcu.externaltools.gnu-tools-for-stm32.13.3.rel1.win32_1.0.0.202411081344/tools/bin/../lib/gcc/arm-none-eabi/13.3.1/../../../../arm-none-eabi/lib/thumb/v7e-m+fp/hard\libc_nano.a(libc_a-strlen.o)
                0x080001f4                strlen
 *fill*         0x08000204        0xc 
 .text          0x08000210       0xa0 C:/ST/STM32CubeIDE_1.18.1/STM32CubeIDE/plugins/com.st.stm32cube.ide.mcu.externaltools.gnu-tools-for-stm32.13.3.rel1.win32_1.0.0.202411081344/tools/bin/../lib/gcc/arm-none-eabi/13.3.1/../../../../arm-none-eabi/lib/thumb/v7e-m+fp/hard\libc_nano.a(libc_a-memchr.o)
                0x08000210                memchr
 .text          0x080002b0       0x30 C:/ST/STM32CubeIDE_1.18.1/STM32CubeIDE/plugins/com.st.stm32cube.ide.mcu.externaltools.gnu-tools-for-stm32.13.3.rel1.win32_1.0.0.202411081344/tools/bin/../lib/gcc/arm-none-eabi/13.3.1/thumb/v7e-m+fp/hard\libgcc.a(_aeabi_uldivmod.o)
                0x080002b0                __aeabi_uldivmod
 .text          0x080002e0      0x2f8 C:/ST/STM32CubeIDE_1.18.1/STM32CubeIDE/plugins/com.st.stm32cube.ide.mcu.externaltools.gnu-tools-for-stm32.13.3.rel1.win32_1.0.0.202411081344/tools/bin/../lib/gcc/arm-none-eabi/13.3.1/thumb/v7e-m+fp/hard\libgcc.a(_udivmoddi4.o)
                0x080002e0                __udivmoddi4
 .text          0x080005d8        0x4 C:/ST/STM32CubeIDE_1.18.1/STM32CubeIDE/plugins/com.st.stm32cube.ide.mcu.externaltools.gnu-tools-for-stm32.13.3.rel1.win32_1.0.0.202411081344/tools/bin/../lib/gcc/arm-none-eabi/13.3.1/thumb/v7e-m+fp/hard\libgcc.a(_dvmd_tls.o)
                0x080005d8                __aeabi_idiv0
                0x080005d8                __aeabi_ldiv0
 *(.text*)
 .text.ESP01StrToBufTX
                0x080005dc       0x34 ./Core/Src/ESP01.o
 .text.ESP01ByteToBufTX
                0x08000610       0x24 ./Core/Src/ESP01.o
 .text.ESP01_SetWIFI
                0x08000634       0x54 ./Core/Src/ESP01.o
                0x08000634                ESP01_SetWIFI
 .text.ESP01_StartUDP
                0x08000688       0xb8 ./Core/Src/ESP01.o
                0x08000688                ESP01_StartUDP
 .text.onESP01StateChange
                0x08000740       0xf8 ./Core/Src/ESP01.o
                0x08000740                onESP01StateChange
 .text.ESP01_StateUDPTCP
                0x08000838       0x24 ./Core/Src/ESP01.o
                0x08000838                ESP01_StateUDPTCP
 .text.ESP01_WriteRX
                0x0800085c       0x2c ./Core/Src/ESP01.o
                0x0800085c                ESP01_WriteRX
 .text.ESP01_Send
                0x08000888       0xfc ./Core/Src/ESP01.o
                0x08000888                ESP01_Send
 .text.ESP01_Init
                0x08000984       0x6c ./Core/Src/ESP01.o
                0x08000984                ESP01_Init
 .text.ESP01_Timeout10ms
                0x080009f0       0x38 ./Core/Src/ESP01.o
                0x080009f0                ESP01_Timeout10ms
 .text.ESP01_Task
                0x08000a28      0xc58 ./Core/Src/ESP01.o
                0x08000a28                ESP01_Task
 .text.ESP01_AttachChangeState
                0x08001680        0xc ./Core/Src/ESP01.o
                0x08001680                ESP01_AttachChangeState
 .text.ESP01_AttachDebugStr
                0x0800168c        0xc ./Core/Src/ESP01.o
                0x0800168c                ESP01_AttachDebugStr
 .text.ESP01_IsSending
                0x08001698       0x10 ./Core/Src/ESP01.o
                0x08001698                ESP01_IsSending
 .text.ESP01_USB_DbgStr
                0x080016a8        0x4 ./Core/Src/ESP01.o
                0x080016a8                ESP01_USB_DbgStr
 .text.MPU6050_RegisterPlatform
                0x080016ac        0xc ./Core/Src/MPU6050.o
                0x080016ac                MPU6050_RegisterPlatform
 .text.MPU6050_Init
                0x080016b8       0x7c ./Core/Src/MPU6050.o
                0x080016b8                MPU6050_Init
 .text.MPU6050_StartRead_Accel_DMA
                0x08001734       0x24 ./Core/Src/MPU6050.o
                0x08001734                MPU6050_StartRead_Accel_DMA
 .text.MPU6050_StartRead_Gyro_DMA
                0x08001758       0x24 ./Core/Src/MPU6050.o
                0x08001758                MPU6050_StartRead_Gyro_DMA
 .text.MPU6050_IsAccelReady
                0x0800177c        0xc ./Core/Src/MPU6050.o
                0x0800177c                MPU6050_IsAccelReady
 .text.MPU6050_IsGyroReady
                0x08001788        0xc ./Core/Src/MPU6050.o
                0x08001788                MPU6050_IsGyroReady
 .text.MPU6050_ClearAccelReady
                0x08001794        0xc ./Core/Src/MPU6050.o
                0x08001794                MPU6050_ClearAccelReady
 .text.MPU6050_ClearGyroReady
                0x080017a0        0xc ./Core/Src/MPU6050.o
                0x080017a0                MPU6050_ClearGyroReady
 .text.MPU6050_GetAccel
                0x080017ac       0x2c ./Core/Src/MPU6050.o
                0x080017ac                MPU6050_GetAccel
 .text.MPU6050_GetGyro
                0x080017d8       0x2c ./Core/Src/MPU6050.o
                0x080017d8                MPU6050_GetGyro
 .text.MPU6050_ProcessDMA
                0x08001804      0x184 ./Core/Src/MPU6050.o
                0x08001804                MPU6050_ProcessDMA
 .text.MPU6050_Calibrate
                0x08001988       0xf0 ./Core/Src/MPU6050.o
                0x08001988                MPU6050_Calibrate
 .text.UNER_Init
                0x08001a78       0x64 ./Core/Src/UNER.o
                0x08001a78                UNER_Init
 .text.UNER_PushByte
                0x08001adc       0x20 ./Core/Src/UNER.o
                0x08001adc                UNER_PushByte
 .text.putHeaderOnTx
                0x08001afc       0x8a ./Core/Src/UNER.o
                0x08001afc                putHeaderOnTx
 .text.putByteOnTx
                0x08001b86       0x20 ./Core/Src/UNER.o
                0x08001b86                putByteOnTx
 *fill*         0x08001ba6        0x2 
 .text.putStrOntx
                0x08001ba8       0x3c ./Core/Src/UNER.o
                0x08001ba8                putStrOntx
 .text.getByteFromRx
                0x08001be4       0x1a ./Core/Src/UNER.o
                0x08001be4                getByteFromRx
 *fill*         0x08001bfe        0x2 
 .text.UNER_ShouldSendAllSensors
                0x08001c00        0xc ./Core/Src/UNER.o
                0x08001c00                UNER_ShouldSendAllSensors
 .text.UNER_RegisterADCBuffer
                0x08001c0c        0xc ./Core/Src/UNER.o
                0x08001c0c                UNER_RegisterADCBuffer
 .text.UNER_RegisterMotorSpeed
                0x08001c18       0x14 ./Core/Src/UNER.o
                0x08001c18                UNER_RegisterMotorSpeed
 .text.UNER_RegisterAngle
                0x08001c2c       0x14 ./Core/Src/UNER.o
                0x08001c2c                UNER_RegisterAngle
 .text.UNER_SendData
                0x08001c40       0x60 ./Core/Src/UNER.o
                0x08001c40                UNER_SendData
 .text.decodeCommand
                0x08001ca0      0x4ac ./Core/Src/UNER.o
                0x08001ca0                decodeCommand
 .text.UNER_Task
                0x0800214c       0xd8 ./Core/Src/UNER.o
                0x0800214c                UNER_Task
 .text.UNER_SendAlive
                0x08002224       0x6c ./Core/Src/UNER.o
                0x08002224                UNER_SendAlive
 .text.UNER_SendAllSensors
                0x08002290      0x1d4 ./Core/Src/UNER.o
                0x08002290                UNER_SendAllSensors
 .text.USBRxData
                0x08002464        0x2 ./Core/Src/main.o
                0x08002464                USBRxData
 .text.my_ssd1306_init
                0x08002466        0x2 ./Core/Src/main.o
                0x08002466                my_ssd1306_init
 .text.my_ssd1306_is_busy
                0x08002468       0x10 ./Core/Src/main.o
                0x08002468                my_ssd1306_is_busy
 .text.my_ssd1306_delay_ms
                0x08002478        0x6 ./Core/Src/main.o
                0x08002478                my_ssd1306_delay_ms
 *fill*         0x0800247e        0x2 
 .text.mpu_writeReg
                0x08002480       0x30 ./Core/Src/main.o
                0x08002480                mpu_writeReg
 .text.mpu_readReg
                0x080024b0       0x30 ./Core/Src/main.o
                0x080024b0                mpu_readReg
 .text.mpu_readRegDMA
                0x080024e0       0x38 ./Core/Src/main.o
                0x080024e0                mpu_readRegDMA
 .text.uart_send_byte
                0x08002518       0x24 ./Core/Src/main.o
 .text.esp01_chpd
                0x0800253c       0x14 ./Core/Src/main.o
 .text.appOnESP01ChangeState
                0x08002550       0x1c ./Core/Src/main.o
                0x08002550                appOnESP01ChangeState
 .text.mpu_delayMs
                0x0800256c        0x6 ./Core/Src/main.o
                0x0800256c                mpu_delayMs
 *fill*         0x08002572        0x2 
 .text.HAL_TIM_PeriodElapsedCallback
                0x08002574       0x28 ./Core/Src/main.o
                0x08002574                HAL_TIM_PeriodElapsedCallback
 .text.HAL_I2C_MemRxCpltCallback
                0x0800259c       0x1c ./Core/Src/main.o
                0x0800259c                HAL_I2C_MemRxCpltCallback
 .text.HAL_I2C_MasterTxCpltCallback
                0x080025b8       0x18 ./Core/Src/main.o
                0x080025b8                HAL_I2C_MasterTxCpltCallback
 .text.HAL_I2C_ErrorCallback
                0x080025d0        0x4 ./Core/Src/main.o
                0x080025d0                HAL_I2C_ErrorCallback
 .text.HAL_UART_RxCpltCallback
                0x080025d4       0x30 ./Core/Src/main.o
                0x080025d4                HAL_UART_RxCpltCallback
 .text.usb_service_tx
                0x08002604       0x84 ./Core/Src/main.o
                0x08002604                usb_service_tx
 .text.usb_enqueue_tx
                0x08002688       0x4c ./Core/Src/main.o
                0x08002688                usb_enqueue_tx
 .text.USB_DebugSend
                0x080026d4       0x22 ./Core/Src/main.o
                0x080026d4                USB_DebugSend
 .text.USB_DebugStr
                0x080026f6       0x14 ./Core/Src/main.o
                0x080026f6                USB_DebugStr
 *fill*         0x0800270a        0x2 
 .text.USB_DebugHex
                0x0800270c       0x28 ./Core/Src/main.o
                0x0800270c                USB_DebugHex
 .text.USB_DebugUInt
                0x08002734       0x4c ./Core/Src/main.o
                0x08002734                USB_DebugUInt
 .text.USB_Debug
                0x08002780       0xa0 ./Core/Src/main.o
                0x08002780                USB_Debug
 .text.my_ssd1306_errorCb
                0x08002820       0x30 ./Core/Src/main.o
                0x08002820                my_ssd1306_errorCb
 .text.my_ssd1306_write_cmd
                0x08002850       0x38 ./Core/Src/main.o
                0x08002850                my_ssd1306_write_cmd
 .text.my_ssd1306_write_data
                0x08002888       0x3a ./Core/Src/main.o
                0x08002888                my_ssd1306_write_data
 *fill*         0x080028c2        0x2 
 .text.my_ssd1306_write_data_async
                0x080028c4       0x50 ./Core/Src/main.o
                0x080028c4                my_ssd1306_write_data_async
 .text.mpu_errorCb
                0x08002914       0x24 ./Core/Src/main.o
                0x08002914                mpu_errorCb
 .text.PWM_init
                0x08002938       0x4c ./Core/Src/main.o
                0x08002938                PWM_init
 .text.MotorControl
                0x08002984       0x78 ./Core/Src/main.o
                0x08002984                MotorControl
 .text.isqrt_uint32
                0x080029fc       0x1a ./Core/Src/main.o
                0x080029fc                isqrt_uint32
 *fill*         0x08002a16        0x2 
 .text.cordic_atan2_deg
                0x08002a18       0x5c ./Core/Src/main.o
                0x08002a18                cordic_atan2_deg
 .text.calculate_tilt
                0x08002a74       0x2c ./Core/Src/main.o
                0x08002a74                calculate_tilt
 .text.UpdateADC_MovingAverage
                0x08002aa0       0x68 ./Core/Src/main.o
                0x08002aa0                UpdateADC_MovingAverage
 .text.updateDisplay
                0x08002b08      0x18c ./Core/Src/main.o
                0x08002b08                updateDisplay
 .text.SystemClock_Config
                0x08002c94       0xa0 ./Core/Src/main.o
                0x08002c94                SystemClock_Config
 .text.startup.main
                0x08002d34      0x86c ./Core/Src/main.o
                0x08002d34                main
 .text.Error_Handler
                0x080035a0        0x4 ./Core/Src/main.o
                0x080035a0                Error_Handler
 .text.SSD1306_RegisterPlatform
                0x080035a4        0xc ./Core/Src/ssd1306.o
                0x080035a4                SSD1306_RegisterPlatform
 .text.SSD1306_Platform_Init
                0x080035b0       0x10 ./Core/Src/ssd1306.o
                0x080035b0                SSD1306_Platform_Init
 .text.SSD1306_Platform_DelayMs
                0x080035c0       0x10 ./Core/Src/ssd1306.o
                0x080035c0                SSD1306_Platform_DelayMs
 .text.SSD1306_Platform_IsBusy
                0x080035d0       0x10 ./Core/Src/ssd1306.o
                0x080035d0                SSD1306_Platform_IsBusy
 .text.SSD1306_Platform_WriteDataAsync
                0x080035e0       0x1c ./Core/Src/ssd1306.o
                0x080035e0                SSD1306_Platform_WriteDataAsync
 .text.SSD1306_UpdateScreen_Blocking
                0x080035fc       0x48 ./Core/Src/ssd1306.o
                0x080035fc                SSD1306_UpdateScreen_Blocking
 .text.SSD1306_UpdateScreen
                0x08003644       0xf8 ./Core/Src/ssd1306.o
                0x08003644                SSD1306_UpdateScreen
 .text.SSD1306_Fill
                0x0800373c       0x18 ./Core/Src/ssd1306.o
                0x0800373c                SSD1306_Fill
 .text.SSD1306_Init
                0x08003754      0x154 ./Core/Src/ssd1306.o
                0x08003754                SSD1306_Init
 .text.SSD1306_DrawPixel
                0x080038a8       0x48 ./Core/Src/ssd1306.o
                0x080038a8                SSD1306_DrawPixel
 .text.SSD1306_DrawBitmap
                0x080038f0       0x88 ./Core/Src/ssd1306.o
                0x080038f0                SSD1306_DrawBitmap
 .text.SSD1306_GotoXY
                0x08003978        0xc ./Core/Src/ssd1306.o
                0x08003978                SSD1306_GotoXY
 .text.SSD1306_Putc
                0x08003984       0x9c ./Core/Src/ssd1306.o
                0x08003984                SSD1306_Putc
 .text.SSD1306_Puts
                0x08003a20       0x20 ./Core/Src/ssd1306.o
                0x08003a20                SSD1306_Puts
 .text.SSD1306_DrawLine
                0x08003a40      0x134 ./Core/Src/ssd1306.o
                0x08003a40                SSD1306_DrawLine
 .text.SSD1306_DrawFilledRectangle
                0x08003b74       0x62 ./Core/Src/ssd1306.o
                0x08003b74                SSD1306_DrawFilledRectangle
 *fill*         0x08003bd6        0x2 
 .text.SSD1306_RequestUpdate
                0x08003bd8       0x24 ./Core/Src/ssd1306.o
                0x08003bd8                SSD1306_RequestUpdate
 .text.SSD1306_IsUpdateDone
                0x08003bfc        0xc ./Core/Src/ssd1306.o
                0x08003bfc                SSD1306_IsUpdateDone
 .text.SSD1306_ResetUpdateState
                0x08003c08       0x20 ./Core/Src/ssd1306.o
                0x08003c08                SSD1306_ResetUpdateState
 .text.SSD1306_DrawDigit5x7
                0x08003c28       0x68 ./Core/Src/ssd1306.o
                0x08003c28                SSD1306_DrawDigit5x7
 .text.HAL_MspInit
                0x08003c90       0x38 ./Core/Src/stm32f4xx_hal_msp.o
                0x08003c90                HAL_MspInit
 .text.HAL_ADC_MspInit
                0x08003cc8       0xdc ./Core/Src/stm32f4xx_hal_msp.o
                0x08003cc8                HAL_ADC_MspInit
 .text.HAL_I2C_MspInit
                0x08003da4      0x100 ./Core/Src/stm32f4xx_hal_msp.o
                0x08003da4                HAL_I2C_MspInit
 .text.HAL_TIM_Base_MspInit
                0x08003ea4       0xd0 ./Core/Src/stm32f4xx_hal_msp.o
                0x08003ea4                HAL_TIM_Base_MspInit
 .text.HAL_TIM_PWM_MspInit
                0x08003f74       0x44 ./Core/Src/stm32f4xx_hal_msp.o
                0x08003f74                HAL_TIM_PWM_MspInit
 .text.HAL_TIM_MspPostInit
                0x08003fb8       0x78 ./Core/Src/stm32f4xx_hal_msp.o
                0x08003fb8                HAL_TIM_MspPostInit
 .text.HAL_UART_MspInit
                0x08004030       0x7c ./Core/Src/stm32f4xx_hal_msp.o
                0x08004030                HAL_UART_MspInit
 .text.NMI_Handler
                0x080040ac        0x2 ./Core/Src/stm32f4xx_it.o
                0x080040ac                NMI_Handler
 .text.HardFault_Handler
                0x080040ae        0x2 ./Core/Src/stm32f4xx_it.o
                0x080040ae                HardFault_Handler
 .text.MemManage_Handler
                0x080040b0        0x2 ./Core/Src/stm32f4xx_it.o
                0x080040b0                MemManage_Handler
 .text.BusFault_Handler
                0x080040b2        0x2 ./Core/Src/stm32f4xx_it.o
                0x080040b2                BusFault_Handler
 .text.UsageFault_Handler
                0x080040b4        0x2 ./Core/Src/stm32f4xx_it.o
                0x080040b4                UsageFault_Handler
 .text.SVC_Handler
                0x080040b6        0x2 ./Core/Src/stm32f4xx_it.o
                0x080040b6                SVC_Handler
 .text.DebugMon_Handler
                0x080040b8        0x2 ./Core/Src/stm32f4xx_it.o
                0x080040b8                DebugMon_Handler
 .text.PendSV_Handler
                0x080040ba        0x2 ./Core/Src/stm32f4xx_it.o
                0x080040ba                PendSV_Handler
 .text.SysTick_Handler
                0x080040bc        0x4 ./Core/Src/stm32f4xx_it.o
                0x080040bc                SysTick_Handler
 .text.DMA1_Stream0_IRQHandler
                0x080040c0        0xc ./Core/Src/stm32f4xx_it.o
                0x080040c0                DMA1_Stream0_IRQHandler
 .text.DMA1_Stream1_IRQHandler
                0x080040cc        0xc ./Core/Src/stm32f4xx_it.o
                0x080040cc                DMA1_Stream1_IRQHandler
 .text.ADC_IRQHandler
                0x080040d8        0xc ./Core/Src/stm32f4xx_it.o
                0x080040d8                ADC_IRQHandler
 .text.TIM1_BRK_TIM9_IRQHandler
                0x080040e4        0xc ./Core/Src/stm32f4xx_it.o
                0x080040e4                TIM1_BRK_TIM9_IRQHandler
 .text.TIM1_UP_TIM10_IRQHandler
                0x080040f0        0x4 ./Core/Src/stm32f4xx_it.o
                0x080040f0                TIM1_UP_TIM10_IRQHandler
 .text.TIM1_TRG_COM_TIM11_IRQHandler
                0x080040f4        0x4 ./Core/Src/stm32f4xx_it.o
                0x080040f4                TIM1_TRG_COM_TIM11_IRQHandler
 .text.TIM1_CC_IRQHandler
                0x080040f8        0x4 ./Core/Src/stm32f4xx_it.o
                0x080040f8                TIM1_CC_IRQHandler
 .text.TIM2_IRQHandler
                0x080040fc        0xc ./Core/Src/stm32f4xx_it.o
                0x080040fc                TIM2_IRQHandler
 .text.TIM3_IRQHandler
                0x08004108        0xc ./Core/Src/stm32f4xx_it.o
                0x08004108                TIM3_IRQHandler
 .text.TIM4_IRQHandler
                0x08004114        0xc ./Core/Src/stm32f4xx_it.o
                0x08004114                TIM4_IRQHandler
 .text.I2C1_EV_IRQHandler
                0x08004120        0xc ./Core/Src/stm32f4xx_it.o
                0x08004120                I2C1_EV_IRQHandler
 .text.I2C1_ER_IRQHandler
                0x0800412c        0xc ./Core/Src/stm32f4xx_it.o
                0x0800412c                I2C1_ER_IRQHandler
 .text.USART1_IRQHandler
                0x08004138        0xc ./Core/Src/stm32f4xx_it.o
                0x08004138                USART1_IRQHandler
 .text.DMA2_Stream0_IRQHandler
                0x08004144        0xc ./Core/Src/stm32f4xx_it.o
                0x08004144                DMA2_Stream0_IRQHandler
 .text.OTG_FS_IRQHandler
                0x08004150        0xc ./Core/Src/stm32f4xx_it.o
                0x08004150                OTG_FS_IRQHandler
 .text._getpid  0x0800415c        0x4 ./Core/Src/syscalls.o
                0x0800415c                _getpid
 .text._kill    0x08004160       0x10 ./Core/Src/syscalls.o
                0x08004160                _kill
 .text._exit    0x08004170        0xc ./Core/Src/syscalls.o
                0x08004170                _exit
 .text._read    0x0800417c       0x1c ./Core/Src/syscalls.o
                0x0800417c                _read
 .text._write   0x08004198       0x1c ./Core/Src/syscalls.o
                0x08004198                _write
 .text._close   0x080041b4        0x6 ./Core/Src/syscalls.o
                0x080041b4                _close
 .text._fstat   0x080041ba        0xa ./Core/Src/syscalls.o
                0x080041ba                _fstat
 .text._isatty  0x080041c4        0x4 ./Core/Src/syscalls.o
                0x080041c4                _isatty
 .text._lseek   0x080041c8        0x4 ./Core/Src/syscalls.o
                0x080041c8                _lseek
 .text._sbrk    0x080041cc       0x40 ./Core/Src/sysmem.o
                0x080041cc                _sbrk
 .text.SystemInit
                0x0800420c       0x14 ./Core/Src/system_stm32f4xx.o
                0x0800420c                SystemInit
 .text.Reset_Handler
                0x08004220       0x50 ./Core/Startup/startup_stm32f411ceux.o
                0x08004220                Reset_Handler
 .text.Default_Handler
                0x08004270        0x2 ./Core/Startup/startup_stm32f411ceux.o
                0x08004270                RTC_Alarm_IRQHandler
                0x08004270                EXTI2_IRQHandler
                0x08004270                SPI4_IRQHandler
                0x08004270                DMA2_Stream5_IRQHandler
                0x08004270                DMA1_Stream5_IRQHandler
                0x08004270                PVD_IRQHandler
                0x08004270                SDIO_IRQHandler
                0x08004270                TAMP_STAMP_IRQHandler
                0x08004270                EXTI3_IRQHandler
                0x08004270                I2C3_ER_IRQHandler
                0x08004270                EXTI0_IRQHandler
                0x08004270                I2C2_EV_IRQHandler
                0x08004270                DMA1_Stream2_IRQHandler
                0x08004270                FPU_IRQHandler
                0x08004270                DMA2_Stream2_IRQHandler
                0x08004270                SPI1_IRQHandler
                0x08004270                DMA2_Stream3_IRQHandler
                0x08004270                USART6_IRQHandler
                0x08004270                DMA1_Stream6_IRQHandler
                0x08004270                RCC_IRQHandler
                0x08004270                Default_Handler
                0x08004270                EXTI15_10_IRQHandler
                0x08004270                DMA1_Stream7_IRQHandler
                0x08004270                SPI5_IRQHandler
                0x08004270                TIM5_IRQHandler
                0x08004270                DMA2_Stream7_IRQHandler
                0x08004270                I2C3_EV_IRQHandler
                0x08004270                EXTI9_5_IRQHandler
                0x08004270                RTC_WKUP_IRQHandler
                0x08004270                SPI2_IRQHandler
                0x08004270                EXTI4_IRQHandler
                0x08004270                WWDG_IRQHandler
                0x08004270                OTG_FS_WKUP_IRQHandler
                0x08004270                EXTI1_IRQHandler
                0x08004270                USART2_IRQHandler
                0x08004270                I2C2_ER_IRQHandler
                0x08004270                DMA2_Stream1_IRQHandler
                0x08004270                FLASH_IRQHandler
                0x08004270                DMA2_Stream4_IRQHandler
                0x08004270                SPI3_IRQHandler
                0x08004270                DMA1_Stream4_IRQHandler
                0x08004270                DMA2_Stream6_IRQHandler
                0x08004270                DMA1_Stream3_IRQHandler
 *fill*         0x08004272        0x2 
 .text.HAL_InitTick
                0x08004274       0x48 ./Drivers/STM32F4xx_HAL_Driver/Src/stm32f4xx_hal.o
                0x08004274                HAL_InitTick
 .text.HAL_Init
                0x080042bc       0x34 ./Drivers/STM32F4xx_HAL_Driver/Src/stm32f4xx_hal.o
                0x080042bc                HAL_Init
 .text.HAL_IncTick
                0x080042f0       0x18 ./Drivers/STM32F4xx_HAL_Driver/Src/stm32f4xx_hal.o
                0x080042f0                HAL_IncTick
 .text.HAL_GetTick
                0x08004308        0xc ./Drivers/STM32F4xx_HAL_Driver/Src/stm32f4xx_hal.o
                0x08004308                HAL_GetTick
 .text.HAL_Delay
                0x08004314       0x28 ./Drivers/STM32F4xx_HAL_Driver/Src/stm32f4xx_hal.o
                0x08004314                HAL_Delay
 .text.HAL_ADC_Init
                0x0800433c      0x14c ./Drivers/STM32F4xx_HAL_Driver/Src/stm32f4xx_hal_adc.o
                0x0800433c                HAL_ADC_Init
 .text.HAL_ADC_Start_DMA
                0x08004488      0x120 ./Drivers/STM32F4xx_HAL_Driver/Src/stm32f4xx_hal_adc.o
                0x08004488                HAL_ADC_Start_DMA
 .text.HAL_ADC_ConvCpltCallback
                0x080045a8        0x2 ./Drivers/STM32F4xx_HAL_Driver/Src/stm32f4xx_hal_adc.o
                0x080045a8                HAL_ADC_ConvCpltCallback
 .text.HAL_ADC_ConvHalfCpltCallback
                0x080045aa        0x2 ./Drivers/STM32F4xx_HAL_Driver/Src/stm32f4xx_hal_adc.o
                0x080045aa                HAL_ADC_ConvHalfCpltCallback
 .text.ADC_DMAHalfConvCplt
                0x080045ac        0xa ./Drivers/STM32F4xx_HAL_Driver/Src/stm32f4xx_hal_adc.o
 .text.HAL_ADC_LevelOutOfWindowCallback
                0x080045b6        0x2 ./Drivers/STM32F4xx_HAL_Driver/Src/stm32f4xx_hal_adc.o
                0x080045b6                HAL_ADC_LevelOutOfWindowCallback
 .text.HAL_ADC_ErrorCallback
                0x080045b8        0x2 ./Drivers/STM32F4xx_HAL_Driver/Src/stm32f4xx_hal_adc.o
                0x080045b8                HAL_ADC_ErrorCallback
 .text.HAL_ADC_IRQHandler
                0x080045ba      0x11c ./Drivers/STM32F4xx_HAL_Driver/Src/stm32f4xx_hal_adc.o
                0x080045ba                HAL_ADC_IRQHandler
 .text.ADC_DMAError
                0x080046d6       0x16 ./Drivers/STM32F4xx_HAL_Driver/Src/stm32f4xx_hal_adc.o
 .text.ADC_DMAConvCplt
                0x080046ec       0x6c ./Drivers/STM32F4xx_HAL_Driver/Src/stm32f4xx_hal_adc.o
 .text.HAL_ADC_ConfigChannel
                0x08004758      0x138 ./Drivers/STM32F4xx_HAL_Driver/Src/stm32f4xx_hal_adc.o
                0x08004758                HAL_ADC_ConfigChannel
 .text.HAL_ADCEx_InjectedConvCpltCallback
                0x08004890        0x2 ./Drivers/STM32F4xx_HAL_Driver/Src/stm32f4xx_hal_adc_ex.o
                0x08004890                HAL_ADCEx_InjectedConvCpltCallback
 *fill*         0x08004892        0x2 
 .text.HAL_NVIC_SetPriorityGrouping
                0x08004894       0x24 ./Drivers/STM32F4xx_HAL_Driver/Src/stm32f4xx_hal_cortex.o
                0x08004894                HAL_NVIC_SetPriorityGrouping
 .text.HAL_NVIC_SetPriority
                0x080048b8       0x64 ./Drivers/STM32F4xx_HAL_Driver/Src/stm32f4xx_hal_cortex.o
                0x080048b8                HAL_NVIC_SetPriority
 .text.HAL_NVIC_EnableIRQ
                0x0800491c       0x1c ./Drivers/STM32F4xx_HAL_Driver/Src/stm32f4xx_hal_cortex.o
                0x0800491c                HAL_NVIC_EnableIRQ
 .text.HAL_SYSTICK_Config
                0x08004938       0x28 ./Drivers/STM32F4xx_HAL_Driver/Src/stm32f4xx_hal_cortex.o
                0x08004938                HAL_SYSTICK_Config
 .text.DMA_CalcBaseAndBitshift
                0x08004960       0x2c ./Drivers/STM32F4xx_HAL_Driver/Src/stm32f4xx_hal_dma.o
 .text.HAL_DMA_Init
                0x0800498c       0xfc ./Drivers/STM32F4xx_HAL_Driver/Src/stm32f4xx_hal_dma.o
                0x0800498c                HAL_DMA_Init
 .text.HAL_DMA_Start_IT
                0x08004a88       0x72 ./Drivers/STM32F4xx_HAL_Driver/Src/stm32f4xx_hal_dma.o
                0x08004a88                HAL_DMA_Start_IT
 .text.HAL_DMA_Abort
                0x08004afa       0x7c ./Drivers/STM32F4xx_HAL_Driver/Src/stm32f4xx_hal_dma.o
                0x08004afa                HAL_DMA_Abort
 .text.HAL_DMA_Abort_IT
                0x08004b76       0x24 ./Drivers/STM32F4xx_HAL_Driver/Src/stm32f4xx_hal_dma.o
                0x08004b76                HAL_DMA_Abort_IT
 *fill*         0x08004b9a        0x2 
 .text.HAL_DMA_IRQHandler
                0x08004b9c      0x17c ./Drivers/STM32F4xx_HAL_Driver/Src/stm32f4xx_hal_dma.o
                0x08004b9c                HAL_DMA_IRQHandler
 .text.HAL_DMA_GetState
                0x08004d18        0x6 ./Drivers/STM32F4xx_HAL_Driver/Src/stm32f4xx_hal_dma.o
                0x08004d18                HAL_DMA_GetState
 .text.HAL_DMA_GetError
                0x08004d1e        0x4 ./Drivers/STM32F4xx_HAL_Driver/Src/stm32f4xx_hal_dma.o
                0x08004d1e                HAL_DMA_GetError
 *fill*         0x08004d22        0x2 
 .text.HAL_GPIO_Init
                0x08004d24      0x18c ./Drivers/STM32F4xx_HAL_Driver/Src/stm32f4xx_hal_gpio.o
                0x08004d24                HAL_GPIO_Init
 .text.HAL_GPIO_WritePin
                0x08004eb0        0xa ./Drivers/STM32F4xx_HAL_Driver/Src/stm32f4xx_hal_gpio.o
                0x08004eb0                HAL_GPIO_WritePin
 .text.HAL_GPIO_TogglePin
                0x08004eba       0x12 ./Drivers/STM32F4xx_HAL_Driver/Src/stm32f4xx_hal_gpio.o
                0x08004eba                HAL_GPIO_TogglePin
 .text.I2C_IsAcknowledgeFailed
                0x08004ecc       0x34 ./Drivers/STM32F4xx_HAL_Driver/Src/stm32f4xx_hal_i2c.o
 .text.I2C_WaitOnFlagUntilTimeout
                0x08004f00       0x80 ./Drivers/STM32F4xx_HAL_Driver/Src/stm32f4xx_hal_i2c.o
 .text.I2C_WaitOnMasterAddressFlagUntilTimeout
                0x08004f80       0x84 ./Drivers/STM32F4xx_HAL_Driver/Src/stm32f4xx_hal_i2c.o
 .text.I2C_WaitOnTXEFlagUntilTimeout
                0x08005004       0x54 ./Drivers/STM32F4xx_HAL_Driver/Src/stm32f4xx_hal_i2c.o
 .text.I2C_RequestMemoryWrite
                0x08005058       0xb4 ./Drivers/STM32F4xx_HAL_Driver/Src/stm32f4xx_hal_i2c.o
 .text.I2C_RequestMemoryRead
                0x0800510c      0x104 ./Drivers/STM32F4xx_HAL_Driver/Src/stm32f4xx_hal_i2c.o
 .text.I2C_WaitOnBTFFlagUntilTimeout
                0x08005210       0x54 ./Drivers/STM32F4xx_HAL_Driver/Src/stm32f4xx_hal_i2c.o
 .text.I2C_WaitOnRXNEFlagUntilTimeout
                0x08005264       0x66 ./Drivers/STM32F4xx_HAL_Driver/Src/stm32f4xx_hal_i2c.o
 *fill*         0x080052ca        0x2 
 .text.HAL_I2C_Init
                0x080052cc      0x150 ./Drivers/STM32F4xx_HAL_Driver/Src/stm32f4xx_hal_i2c.o
                0x080052cc                HAL_I2C_Init
 .text.HAL_I2C_Master_Transmit
                0x0800541c      0x1b4 ./Drivers/STM32F4xx_HAL_Driver/Src/stm32f4xx_hal_i2c.o
                0x0800541c                HAL_I2C_Master_Transmit
 .text.HAL_I2C_Master_Transmit_DMA
                0x080055d0      0x140 ./Drivers/STM32F4xx_HAL_Driver/Src/stm32f4xx_hal_i2c.o
                0x080055d0                HAL_I2C_Master_Transmit_DMA
 .text.HAL_I2C_Mem_Write
                0x08005710      0x120 ./Drivers/STM32F4xx_HAL_Driver/Src/stm32f4xx_hal_i2c.o
                0x08005710                HAL_I2C_Mem_Write
 .text.HAL_I2C_Mem_Read
                0x08005830      0x220 ./Drivers/STM32F4xx_HAL_Driver/Src/stm32f4xx_hal_i2c.o
                0x08005830                HAL_I2C_Mem_Read
 .text.HAL_I2C_Mem_Read_DMA
                0x08005a50      0x1d8 ./Drivers/STM32F4xx_HAL_Driver/Src/stm32f4xx_hal_i2c.o
                0x08005a50                HAL_I2C_Mem_Read_DMA
 .text.HAL_I2C_MasterRxCpltCallback
                0x08005c28        0x2 ./Drivers/STM32F4xx_HAL_Driver/Src/stm32f4xx_hal_i2c.o
                0x08005c28                HAL_I2C_MasterRxCpltCallback
 .text.HAL_I2C_SlaveTxCpltCallback
                0x08005c2a        0x2 ./Drivers/STM32F4xx_HAL_Driver/Src/stm32f4xx_hal_i2c.o
                0x08005c2a                HAL_I2C_SlaveTxCpltCallback
 .text.HAL_I2C_SlaveRxCpltCallback
                0x08005c2c        0x2 ./Drivers/STM32F4xx_HAL_Driver/Src/stm32f4xx_hal_i2c.o
                0x08005c2c                HAL_I2C_SlaveRxCpltCallback
 .text.HAL_I2C_AddrCallback
                0x08005c2e        0x2 ./Drivers/STM32F4xx_HAL_Driver/Src/stm32f4xx_hal_i2c.o
                0x08005c2e                HAL_I2C_AddrCallback
 .text.HAL_I2C_ListenCpltCallback
                0x08005c30        0x2 ./Drivers/STM32F4xx_HAL_Driver/Src/stm32f4xx_hal_i2c.o
                0x08005c30                HAL_I2C_ListenCpltCallback
 .text.HAL_I2C_MemTxCpltCallback
                0x08005c32        0x2 ./Drivers/STM32F4xx_HAL_Driver/Src/stm32f4xx_hal_i2c.o
                0x08005c32                HAL_I2C_MemTxCpltCallback
 .text.I2C_MemoryTransmit_TXE_BTF
                0x08005c34       0xb0 ./Drivers/STM32F4xx_HAL_Driver/Src/stm32f4xx_hal_i2c.o
 .text.I2C_DMAError
                0x08005ce4       0x44 ./Drivers/STM32F4xx_HAL_Driver/Src/stm32f4xx_hal_i2c.o
 .text.I2C_DMAXferCplt
                0x08005d28      0x114 ./Drivers/STM32F4xx_HAL_Driver/Src/stm32f4xx_hal_i2c.o
 .text.HAL_I2C_AbortCpltCallback
                0x08005e3c        0x2 ./Drivers/STM32F4xx_HAL_Driver/Src/stm32f4xx_hal_i2c.o
                0x08005e3c                HAL_I2C_AbortCpltCallback
 *fill*         0x08005e3e        0x2 
 .text.I2C_DMAAbort
                0x08005e40       0xc0 ./Drivers/STM32F4xx_HAL_Driver/Src/stm32f4xx_hal_i2c.o
 .text.I2C_ITError
                0x08005f00      0x150 ./Drivers/STM32F4xx_HAL_Driver/Src/stm32f4xx_hal_i2c.o
 .text.HAL_I2C_EV_IRQHandler
                0x08006050      0x8a0 ./Drivers/STM32F4xx_HAL_Driver/Src/stm32f4xx_hal_i2c.o
                0x08006050                HAL_I2C_EV_IRQHandler
 .text.HAL_I2C_ER_IRQHandler
                0x080068f0      0x138 ./Drivers/STM32F4xx_HAL_Driver/Src/stm32f4xx_hal_i2c.o
                0x080068f0                HAL_I2C_ER_IRQHandler
 .text.HAL_PCD_Init
                0x08006a28       0xde ./Drivers/STM32F4xx_HAL_Driver/Src/stm32f4xx_hal_pcd.o
                0x08006a28                HAL_PCD_Init
 .text.HAL_PCD_Start
                0x08006b06       0x3e ./Drivers/STM32F4xx_HAL_Driver/Src/stm32f4xx_hal_pcd.o
                0x08006b06                HAL_PCD_Start
 .text.HAL_PCD_SetAddress
                0x08006b44       0x26 ./Drivers/STM32F4xx_HAL_Driver/Src/stm32f4xx_hal_pcd.o
                0x08006b44                HAL_PCD_SetAddress
 .text.HAL_PCD_EP_Open
                0x08006b6a       0x72 ./Drivers/STM32F4xx_HAL_Driver/Src/stm32f4xx_hal_pcd.o
                0x08006b6a                HAL_PCD_EP_Open
 .text.HAL_PCD_EP_Close
                0x08006bdc       0x5c ./Drivers/STM32F4xx_HAL_Driver/Src/stm32f4xx_hal_pcd.o
                0x08006bdc                HAL_PCD_EP_Close
 .text.HAL_PCD_EP_Receive
                0x08006c38       0x3c ./Drivers/STM32F4xx_HAL_Driver/Src/stm32f4xx_hal_pcd.o
                0x08006c38                HAL_PCD_EP_Receive
 .text.HAL_PCD_EP_GetRxCount
                0x08006c74       0x10 ./Drivers/STM32F4xx_HAL_Driver/Src/stm32f4xx_hal_pcd.o
                0x08006c74                HAL_PCD_EP_GetRxCount
 .text.HAL_PCD_EP_Transmit
                0x08006c84       0x36 ./Drivers/STM32F4xx_HAL_Driver/Src/stm32f4xx_hal_pcd.o
                0x08006c84                HAL_PCD_EP_Transmit
 .text.HAL_PCD_EP_SetStall
                0x08006cba       0x6e ./Drivers/STM32F4xx_HAL_Driver/Src/stm32f4xx_hal_pcd.o
                0x08006cba                HAL_PCD_EP_SetStall
 .text.HAL_PCD_EP_ClrStall
                0x08006d28       0x6a ./Drivers/STM32F4xx_HAL_Driver/Src/stm32f4xx_hal_pcd.o
                0x08006d28                HAL_PCD_EP_ClrStall
 .text.HAL_PCD_EP_Abort
                0x08006d92       0x20 ./Drivers/STM32F4xx_HAL_Driver/Src/stm32f4xx_hal_pcd.o
                0x08006d92                HAL_PCD_EP_Abort
 *fill*         0x08006db2        0x2 
 .text.HAL_PCD_IRQHandler
                0x08006db4      0x690 ./Drivers/STM32F4xx_HAL_Driver/Src/stm32f4xx_hal_pcd.o
                0x08006db4                HAL_PCD_IRQHandler
 .text.HAL_PCDEx_SetTxFiFo
                0x08007444       0x3e ./Drivers/STM32F4xx_HAL_Driver/Src/stm32f4xx_hal_pcd_ex.o
                0x08007444                HAL_PCDEx_SetTxFiFo
 .text.HAL_PCDEx_SetRxFiFo
                0x08007482        0x8 ./Drivers/STM32F4xx_HAL_Driver/Src/stm32f4xx_hal_pcd_ex.o
                0x08007482                HAL_PCDEx_SetRxFiFo
 .text.HAL_PCDEx_LPM_Callback
                0x0800748a        0x2 ./Drivers/STM32F4xx_HAL_Driver/Src/stm32f4xx_hal_pcd_ex.o
                0x0800748a                HAL_PCDEx_LPM_Callback
 .text.HAL_RCC_OscConfig
                0x0800748c      0x35c ./Drivers/STM32F4xx_HAL_Driver/Src/stm32f4xx_hal_rcc.o
                0x0800748c                HAL_RCC_OscConfig
 .text.HAL_RCC_GetSysClockFreq
                0x080077e8       0x5c ./Drivers/STM32F4xx_HAL_Driver/Src/stm32f4xx_hal_rcc.o
                0x080077e8                HAL_RCC_GetSysClockFreq
 .text.HAL_RCC_ClockConfig
                0x08007844      0x134 ./Drivers/STM32F4xx_HAL_Driver/Src/stm32f4xx_hal_rcc.o
                0x08007844                HAL_RCC_ClockConfig
 .text.HAL_RCC_GetHCLKFreq
                0x08007978        0xc ./Drivers/STM32F4xx_HAL_Driver/Src/stm32f4xx_hal_rcc.o
                0x08007978                HAL_RCC_GetHCLKFreq
 .text.HAL_RCC_GetPCLK1Freq
                0x08007984       0x20 ./Drivers/STM32F4xx_HAL_Driver/Src/stm32f4xx_hal_rcc.o
                0x08007984                HAL_RCC_GetPCLK1Freq
 .text.HAL_RCC_GetPCLK2Freq
                0x080079a4       0x20 ./Drivers/STM32F4xx_HAL_Driver/Src/stm32f4xx_hal_rcc.o
                0x080079a4                HAL_RCC_GetPCLK2Freq
 .text.TIM_OC1_SetConfig
                0x080079c4       0x50 ./Drivers/STM32F4xx_HAL_Driver/Src/stm32f4xx_hal_tim.o
 .text.TIM_OC3_SetConfig
                0x08007a14       0x54 ./Drivers/STM32F4xx_HAL_Driver/Src/stm32f4xx_hal_tim.o
 .text.TIM_OC4_SetConfig
                0x08007a68       0x44 ./Drivers/STM32F4xx_HAL_Driver/Src/stm32f4xx_hal_tim.o
 .text.HAL_TIM_Base_Start
                0x08007aac       0x5c ./Drivers/STM32F4xx_HAL_Driver/Src/stm32f4xx_hal_tim.o
                0x08007aac                HAL_TIM_Base_Start
 .text.HAL_TIM_Base_Start_IT
                0x08007b08       0x64 ./Drivers/STM32F4xx_HAL_Driver/Src/stm32f4xx_hal_tim.o
                0x08007b08                HAL_TIM_Base_Start_IT
 .text.HAL_TIM_OC_DelayElapsedCallback
                0x08007b6c        0x2 ./Drivers/STM32F4xx_HAL_Driver/Src/stm32f4xx_hal_tim.o
                0x08007b6c                HAL_TIM_OC_DelayElapsedCallback
 .text.HAL_TIM_IC_CaptureCallback
                0x08007b6e        0x2 ./Drivers/STM32F4xx_HAL_Driver/Src/stm32f4xx_hal_tim.o
                0x08007b6e                HAL_TIM_IC_CaptureCallback
 .text.HAL_TIM_PWM_PulseFinishedCallback
                0x08007b70        0x2 ./Drivers/STM32F4xx_HAL_Driver/Src/stm32f4xx_hal_tim.o
                0x08007b70                HAL_TIM_PWM_PulseFinishedCallback
 .text.HAL_TIM_TriggerCallback
                0x08007b72        0x2 ./Drivers/STM32F4xx_HAL_Driver/Src/stm32f4xx_hal_tim.o
                0x08007b72                HAL_TIM_TriggerCallback
 .text.HAL_TIM_IRQHandler
                0x08007b74      0x128 ./Drivers/STM32F4xx_HAL_Driver/Src/stm32f4xx_hal_tim.o
                0x08007b74                HAL_TIM_IRQHandler
 .text.TIM_Base_SetConfig
                0x08007c9c       0x80 ./Drivers/STM32F4xx_HAL_Driver/Src/stm32f4xx_hal_tim.o
                0x08007c9c                TIM_Base_SetConfig
 .text.HAL_TIM_Base_Init
                0x08007d1c       0x58 ./Drivers/STM32F4xx_HAL_Driver/Src/stm32f4xx_hal_tim.o
                0x08007d1c                HAL_TIM_Base_Init
 .text.HAL_TIM_PWM_Init
                0x08007d74       0x58 ./Drivers/STM32F4xx_HAL_Driver/Src/stm32f4xx_hal_tim.o
                0x08007d74                HAL_TIM_PWM_Init
 .text.TIM_OC2_SetConfig
                0x08007dcc       0x58 ./Drivers/STM32F4xx_HAL_Driver/Src/stm32f4xx_hal_tim.o
                0x08007dcc                TIM_OC2_SetConfig
 .text.HAL_TIM_PWM_ConfigChannel
                0x08007e24       0xb0 ./Drivers/STM32F4xx_HAL_Driver/Src/stm32f4xx_hal_tim.o
                0x08007e24                HAL_TIM_PWM_ConfigChannel
 .text.TIM_ETR_SetConfig
                0x08007ed4       0x14 ./Drivers/STM32F4xx_HAL_Driver/Src/stm32f4xx_hal_tim.o
                0x08007ed4                TIM_ETR_SetConfig
 .text.HAL_TIM_ConfigClockSource
                0x08007ee8      0x132 ./Drivers/STM32F4xx_HAL_Driver/Src/stm32f4xx_hal_tim.o
                0x08007ee8                HAL_TIM_ConfigClockSource
 .text.TIM_CCxChannelCmd
                0x0800801a       0x1c ./Drivers/STM32F4xx_HAL_Driver/Src/stm32f4xx_hal_tim.o
                0x0800801a                TIM_CCxChannelCmd
 *fill*         0x08008036        0x2 
 .text.HAL_TIM_OC_Start
                0x08008038       0xac ./Drivers/STM32F4xx_HAL_Driver/Src/stm32f4xx_hal_tim.o
                0x08008038                HAL_TIM_OC_Start
 .text.HAL_TIM_PWM_Start
                0x080080e4        0x4 ./Drivers/STM32F4xx_HAL_Driver/Src/stm32f4xx_hal_tim.o
                0x080080e4                HAL_TIM_PWM_Start
 .text.HAL_TIMEx_MasterConfigSynchronization
                0x080080e8       0x6c ./Drivers/STM32F4xx_HAL_Driver/Src/stm32f4xx_hal_tim_ex.o
                0x080080e8                HAL_TIMEx_MasterConfigSynchronization
 .text.HAL_TIMEx_CommutCallback
                0x08008154        0x2 ./Drivers/STM32F4xx_HAL_Driver/Src/stm32f4xx_hal_tim_ex.o
                0x08008154                HAL_TIMEx_CommutCallback
 .text.HAL_TIMEx_BreakCallback
                0x08008156        0x2 ./Drivers/STM32F4xx_HAL_Driver/Src/stm32f4xx_hal_tim_ex.o
                0x08008156                HAL_TIMEx_BreakCallback
 .text.UART_EndRxTransfer
                0x08008158       0x5c ./Drivers/STM32F4xx_HAL_Driver/Src/stm32f4xx_hal_uart.o
 .text.UART_SetConfig
                0x080081b4       0xbc ./Drivers/STM32F4xx_HAL_Driver/Src/stm32f4xx_hal_uart.o
 .text.UART_WaitOnFlagUntilTimeout.constprop.0
                0x08008270       0x64 ./Drivers/STM32F4xx_HAL_Driver/Src/stm32f4xx_hal_uart.o
 .text.HAL_UART_Init
                0x080082d4       0x5e ./Drivers/STM32F4xx_HAL_Driver/Src/stm32f4xx_hal_uart.o
                0x080082d4                HAL_UART_Init
 .text.HAL_UART_Transmit
                0x08008332       0x9c ./Drivers/STM32F4xx_HAL_Driver/Src/stm32f4xx_hal_uart.o
                0x08008332                HAL_UART_Transmit
 .text.HAL_UART_TxCpltCallback
                0x080083ce        0x2 ./Drivers/STM32F4xx_HAL_Driver/Src/stm32f4xx_hal_uart.o
                0x080083ce                HAL_UART_TxCpltCallback
 .text.HAL_UART_ErrorCallback
                0x080083d0        0x2 ./Drivers/STM32F4xx_HAL_Driver/Src/stm32f4xx_hal_uart.o
                0x080083d0                HAL_UART_ErrorCallback
 .text.UART_DMAAbortOnError
                0x080083d2        0xe ./Drivers/STM32F4xx_HAL_Driver/Src/stm32f4xx_hal_uart.o
 .text.HAL_UARTEx_RxEventCallback
                0x080083e0        0x2 ./Drivers/STM32F4xx_HAL_Driver/Src/stm32f4xx_hal_uart.o
                0x080083e0                HAL_UARTEx_RxEventCallback
 .text.UART_Receive_IT.isra.0
                0x080083e2       0xb6 ./Drivers/STM32F4xx_HAL_Driver/Src/stm32f4xx_hal_uart.o
 .text.HAL_UART_IRQHandler
                0x08008498      0x2a0 ./Drivers/STM32F4xx_HAL_Driver/Src/stm32f4xx_hal_uart.o
                0x08008498                HAL_UART_IRQHandler
 .text.UART_Start_Receive_IT
                0x08008738       0x32 ./Drivers/STM32F4xx_HAL_Driver/Src/stm32f4xx_hal_uart.o
                0x08008738                UART_Start_Receive_IT
 .text.HAL_UART_Receive_IT
                0x0800876a       0x22 ./Drivers/STM32F4xx_HAL_Driver/Src/stm32f4xx_hal_uart.o
                0x0800876a                HAL_UART_Receive_IT
 .text.USB_CoreReset
                0x0800878c       0x50 ./Drivers/STM32F4xx_HAL_Driver/Src/stm32f4xx_ll_usb.o
 .text.USB_CoreInit
                0x080087dc       0x88 ./Drivers/STM32F4xx_HAL_Driver/Src/stm32f4xx_ll_usb.o
                0x080087dc                USB_CoreInit
 .text.USB_SetTurnaroundTime
                0x08008864       0xe0 ./Drivers/STM32F4xx_HAL_Driver/Src/stm32f4xx_ll_usb.o
                0x08008864                USB_SetTurnaroundTime
 .text.USB_EnableGlobalInt
                0x08008944        0xc ./Drivers/STM32F4xx_HAL_Driver/Src/stm32f4xx_ll_usb.o
                0x08008944                USB_EnableGlobalInt
 .text.USB_DisableGlobalInt
                0x08008950        0xc ./Drivers/STM32F4xx_HAL_Driver/Src/stm32f4xx_ll_usb.o
                0x08008950                USB_DisableGlobalInt
 .text.USB_SetCurrentMode
                0x0800895c       0x60 ./Drivers/STM32F4xx_HAL_Driver/Src/stm32f4xx_ll_usb.o
                0x0800895c                USB_SetCurrentMode
 .text.USB_FlushTxFifo
                0x080089bc       0x46 ./Drivers/STM32F4xx_HAL_Driver/Src/stm32f4xx_ll_usb.o
                0x080089bc                USB_FlushTxFifo
 .text.USB_FlushRxFifo
                0x08008a02       0x42 ./Drivers/STM32F4xx_HAL_Driver/Src/stm32f4xx_ll_usb.o
                0x08008a02                USB_FlushRxFifo
 .text.USB_SetDevSpeed
                0x08008a44        0xe ./Drivers/STM32F4xx_HAL_Driver/Src/stm32f4xx_ll_usb.o
                0x08008a44                USB_SetDevSpeed
 *fill*         0x08008a52        0x2 
 .text.USB_DevInit
                0x08008a54      0x174 ./Drivers/STM32F4xx_HAL_Driver/Src/stm32f4xx_ll_usb.o
                0x08008a54                USB_DevInit
 .text.USB_GetDevSpeed
                0x08008bc8       0x16 ./Drivers/STM32F4xx_HAL_Driver/Src/stm32f4xx_ll_usb.o
                0x08008bc8                USB_GetDevSpeed
 .text.USB_ActivateEndpoint
                0x08008bde       0x7e ./Drivers/STM32F4xx_HAL_Driver/Src/stm32f4xx_ll_usb.o
                0x08008bde                USB_ActivateEndpoint
 .text.USB_DeactivateEndpoint
                0x08008c5c       0xac ./Drivers/STM32F4xx_HAL_Driver/Src/stm32f4xx_ll_usb.o
                0x08008c5c                USB_DeactivateEndpoint
 .text.USB_EPStopXfer
                0x08008d08       0x84 ./Drivers/STM32F4xx_HAL_Driver/Src/stm32f4xx_ll_usb.o
                0x08008d08                USB_EPStopXfer
 .text.USB_WritePacket
                0x08008d8c       0x26 ./Drivers/STM32F4xx_HAL_Driver/Src/stm32f4xx_ll_usb.o
                0x08008d8c                USB_WritePacket
 *fill*         0x08008db2        0x2 
 .text.USB_EPStartXfer
                0x08008db4      0x204 ./Drivers/STM32F4xx_HAL_Driver/Src/stm32f4xx_ll_usb.o
                0x08008db4                USB_EPStartXfer
 .text.USB_ReadPacket
                0x08008fb8       0x40 ./Drivers/STM32F4xx_HAL_Driver/Src/stm32f4xx_ll_usb.o
                0x08008fb8                USB_ReadPacket
 .text.USB_EPSetStall
                0x08008ff8       0x56 ./Drivers/STM32F4xx_HAL_Driver/Src/stm32f4xx_ll_usb.o
                0x08008ff8                USB_EPSetStall
 .text.USB_EPClearStall
                0x0800904e       0x52 ./Drivers/STM32F4xx_HAL_Driver/Src/stm32f4xx_ll_usb.o
                0x0800904e                USB_EPClearStall
 .text.USB_SetDevAddress
                0x080090a0       0x20 ./Drivers/STM32F4xx_HAL_Driver/Src/stm32f4xx_ll_usb.o
                0x080090a0                USB_SetDevAddress
 .text.USB_DevConnect
                0x080090c0       0x1c ./Drivers/STM32F4xx_HAL_Driver/Src/stm32f4xx_ll_usb.o
                0x080090c0                USB_DevConnect
 .text.USB_DevDisconnect
                0x080090dc       0x1c ./Drivers/STM32F4xx_HAL_Driver/Src/stm32f4xx_ll_usb.o
                0x080090dc                USB_DevDisconnect
 .text.USB_ReadInterrupts
                0x080090f8        0x8 ./Drivers/STM32F4xx_HAL_Driver/Src/stm32f4xx_ll_usb.o
                0x080090f8                USB_ReadInterrupts
 .text.USB_ReadDevAllOutEpInterrupt
                0x08009100       0x10 ./Drivers/STM32F4xx_HAL_Driver/Src/stm32f4xx_ll_usb.o
                0x08009100                USB_ReadDevAllOutEpInterrupt
 .text.USB_ReadDevAllInEpInterrupt
                0x08009110       0x10 ./Drivers/STM32F4xx_HAL_Driver/Src/stm32f4xx_ll_usb.o
                0x08009110                USB_ReadDevAllInEpInterrupt
 .text.USB_ReadDevOutEPInterrupt
                0x08009120       0x12 ./Drivers/STM32F4xx_HAL_Driver/Src/stm32f4xx_ll_usb.o
                0x08009120                USB_ReadDevOutEPInterrupt
 .text.USB_ReadDevInEPInterrupt
                0x08009132       0x22 ./Drivers/STM32F4xx_HAL_Driver/Src/stm32f4xx_ll_usb.o
                0x08009132                USB_ReadDevInEPInterrupt
 .text.USB_GetMode
                0x08009154        0x8 ./Drivers/STM32F4xx_HAL_Driver/Src/stm32f4xx_ll_usb.o
                0x08009154                USB_GetMode
 .text.USB_ActivateSetup
                0x0800915c       0x1c ./Drivers/STM32F4xx_HAL_Driver/Src/stm32f4xx_ll_usb.o
                0x0800915c                USB_ActivateSetup
 .text.USB_EP0_OutStart
                0x08009178       0x4c ./Drivers/STM32F4xx_HAL_Driver/Src/stm32f4xx_ll_usb.o
                0x08009178                USB_EP0_OutStart
 .text.USBD_CDC_EP0_RxReady
                0x080091c4       0x38 ./Middlewares/ST/STM32_USB_Device_Library/Class/CDC/Src/usbd_cdc.o
 .text.USBD_CDC_GetDeviceQualifierDescriptor
                0x080091fc        0xc ./Middlewares/ST/STM32_USB_Device_Library/Class/CDC/Src/usbd_cdc.o
                0x080091fc                USBD_CDC_GetDeviceQualifierDescriptor
 .text.USBD_CDC_GetFSCfgDesc
                0x08009208       0x48 ./Middlewares/ST/STM32_USB_Device_Library/Class/CDC/Src/usbd_cdc.o
 .text.USBD_CDC_GetOtherSpeedCfgDesc
                0x08009250        0x4 ./Middlewares/ST/STM32_USB_Device_Library/Class/CDC/Src/usbd_cdc.o
 .text.USBD_CDC_GetHSCfgDesc
                0x08009254       0x48 ./Middlewares/ST/STM32_USB_Device_Library/Class/CDC/Src/usbd_cdc.o
 .text.USBD_CDC_DataOut
                0x0800929c       0x38 ./Middlewares/ST/STM32_USB_Device_Library/Class/CDC/Src/usbd_cdc.o
 .text.USBD_CDC_DataIn
                0x080092d4       0x64 ./Middlewares/ST/STM32_USB_Device_Library/Class/CDC/Src/usbd_cdc.o
 .text.USBD_CDC_Setup
                0x08009338       0xf0 ./Middlewares/ST/STM32_USB_Device_Library/Class/CDC/Src/usbd_cdc.o
 .text.USBD_CDC_DeInit
                0x08009428       0x60 ./Middlewares/ST/STM32_USB_Device_Library/Class/CDC/Src/usbd_cdc.o
 .text.USBD_CDC_Init
                0x08009488       0xc8 ./Middlewares/ST/STM32_USB_Device_Library/Class/CDC/Src/usbd_cdc.o
 .text.USBD_CDC_RegisterInterface
                0x08009550       0x16 ./Middlewares/ST/STM32_USB_Device_Library/Class/CDC/Src/usbd_cdc.o
                0x08009550                USBD_CDC_RegisterInterface
 .text.USBD_CDC_SetTxBuffer
                0x08009566       0x1c ./Middlewares/ST/STM32_USB_Device_Library/Class/CDC/Src/usbd_cdc.o
                0x08009566                USBD_CDC_SetTxBuffer
 .text.USBD_CDC_SetRxBuffer
                0x08009582       0x18 ./Middlewares/ST/STM32_USB_Device_Library/Class/CDC/Src/usbd_cdc.o
                0x08009582                USBD_CDC_SetRxBuffer
 .text.USBD_CDC_TransmitPacket
                0x0800959a       0x36 ./Middlewares/ST/STM32_USB_Device_Library/Class/CDC/Src/usbd_cdc.o
                0x0800959a                USBD_CDC_TransmitPacket
 .text.USBD_CDC_ReceivePacket
                0x080095d0       0x2c ./Middlewares/ST/STM32_USB_Device_Library/Class/CDC/Src/usbd_cdc.o
                0x080095d0                USBD_CDC_ReceivePacket
 .text.USBD_Init
                0x080095fc       0x26 ./Middlewares/ST/STM32_USB_Device_Library/Core/Src/usbd_core.o
                0x080095fc                USBD_Init
 .text.USBD_RegisterClass
                0x08009622       0x32 ./Middlewares/ST/STM32_USB_Device_Library/Core/Src/usbd_core.o
                0x08009622                USBD_RegisterClass
 .text.USBD_Start
                0x08009654        0x4 ./Middlewares/ST/STM32_USB_Device_Library/Core/Src/usbd_core.o
                0x08009654                USBD_Start
 .text.USBD_SetClassConfig
                0x08009658        0xe ./Middlewares/ST/STM32_USB_Device_Library/Core/Src/usbd_core.o
                0x08009658                USBD_SetClassConfig
 .text.USBD_ClrClassConfig
                0x08009666       0x12 ./Middlewares/ST/STM32_USB_Device_Library/Core/Src/usbd_core.o
                0x08009666                USBD_ClrClassConfig
 .text.USBD_LL_SetupStage
                0x08009678       0x60 ./Middlewares/ST/STM32_USB_Device_Library/Core/Src/usbd_core.o
                0x08009678                USBD_LL_SetupStage
 .text.USBD_LL_DataOutStage
                0x080096d8       0x74 ./Middlewares/ST/STM32_USB_Device_Library/Core/Src/usbd_core.o
                0x080096d8                USBD_LL_DataOutStage
 .text.USBD_LL_DataInStage
                0x0800974c       0xa8 ./Middlewares/ST/STM32_USB_Device_Library/Core/Src/usbd_core.o
                0x0800974c                USBD_LL_DataInStage
 .text.USBD_LL_Reset
                0x080097f4       0x60 ./Middlewares/ST/STM32_USB_Device_Library/Core/Src/usbd_core.o
                0x080097f4                USBD_LL_Reset
 .text.USBD_LL_SetSpeed
                0x08009854        0x6 ./Middlewares/ST/STM32_USB_Device_Library/Core/Src/usbd_core.o
                0x08009854                USBD_LL_SetSpeed
 .text.USBD_LL_Suspend
                0x0800985a       0x1c ./Middlewares/ST/STM32_USB_Device_Library/Core/Src/usbd_core.o
                0x0800985a                USBD_LL_Suspend
 .text.USBD_LL_Resume
                0x08009876       0x16 ./Middlewares/ST/STM32_USB_Device_Library/Core/Src/usbd_core.o
                0x08009876                USBD_LL_Resume
 .text.USBD_LL_SOF
                0x0800988c       0x1a ./Middlewares/ST/STM32_USB_Device_Library/Core/Src/usbd_core.o
                0x0800988c                USBD_LL_SOF
 .text.USBD_LL_IsoINIncomplete
                0x080098a6       0x26 ./Middlewares/ST/STM32_USB_Device_Library/Core/Src/usbd_core.o
                0x080098a6                USBD_LL_IsoINIncomplete
 .text.USBD_LL_IsoOUTIncomplete
                0x080098cc       0x26 ./Middlewares/ST/STM32_USB_Device_Library/Core/Src/usbd_core.o
                0x080098cc                USBD_LL_IsoOUTIncomplete
 .text.USBD_LL_DevConnected
                0x080098f2        0x4 ./Middlewares/ST/STM32_USB_Device_Library/Core/Src/usbd_core.o
                0x080098f2                USBD_LL_DevConnected
 .text.USBD_LL_DevDisconnected
                0x080098f6       0x20 ./Middlewares/ST/STM32_USB_Device_Library/Core/Src/usbd_core.o
                0x080098f6                USBD_LL_DevDisconnected
 .text.USBD_CoreFindIF
                0x08009916        0x4 ./Middlewares/ST/STM32_USB_Device_Library/Core/Src/usbd_core.o
                0x08009916                USBD_CoreFindIF
 .text.USBD_CoreFindEP
                0x0800991a        0x4 ./Middlewares/ST/STM32_USB_Device_Library/Core/Src/usbd_core.o
                0x0800991a                USBD_CoreFindEP
 .text.USBD_GetEpDesc
                0x0800991e       0x24 ./Middlewares/ST/STM32_USB_Device_Library/Core/Src/usbd_core.o
                0x0800991e                USBD_GetEpDesc
 .text.USBD_CtlError.constprop.0
                0x08009942       0x16 ./Middlewares/ST/STM32_USB_Device_Library/Core/Src/usbd_ctlreq.o
 .text.USBD_StdDevReq
                0x08009958      0x2c8 ./Middlewares/ST/STM32_USB_Device_Library/Core/Src/usbd_ctlreq.o
                0x08009958                USBD_StdDevReq
 .text.USBD_StdItfReq
                0x08009c20       0x5e ./Middlewares/ST/STM32_USB_Device_Library/Core/Src/usbd_ctlreq.o
                0x08009c20                USBD_StdItfReq
 .text.USBD_StdEPReq
                0x08009c7e      0x148 ./Middlewares/ST/STM32_USB_Device_Library/Core/Src/usbd_ctlreq.o
                0x08009c7e                USBD_StdEPReq
 .text.USBD_ParseSetupRequest
                0x08009dc6       0x16 ./Middlewares/ST/STM32_USB_Device_Library/Core/Src/usbd_ctlreq.o
                0x08009dc6                USBD_ParseSetupRequest
 .text.USBD_CtlError
                0x08009ddc       0x16 ./Middlewares/ST/STM32_USB_Device_Library/Core/Src/usbd_ctlreq.o
                0x08009ddc                USBD_CtlError
 .text.USBD_GetString
                0x08009df2       0x38 ./Middlewares/ST/STM32_USB_Device_Library/Core/Src/usbd_ctlreq.o
                0x08009df2                USBD_GetString
 .text.USBD_CtlSendData
                0x08009e2a       0x1c ./Middlewares/ST/STM32_USB_Device_Library/Core/Src/usbd_ioreq.o
                0x08009e2a                USBD_CtlSendData
 .text.USBD_CtlContinueSendData
                0x08009e46       0x10 ./Middlewares/ST/STM32_USB_Device_Library/Core/Src/usbd_ioreq.o
                0x08009e46                USBD_CtlContinueSendData
 .text.USBD_CtlPrepareRx
                0x08009e56       0x22 ./Middlewares/ST/STM32_USB_Device_Library/Core/Src/usbd_ioreq.o
                0x08009e56                USBD_CtlPrepareRx
 .text.USBD_CtlContinueRx
                0x08009e78       0x10 ./Middlewares/ST/STM32_USB_Device_Library/Core/Src/usbd_ioreq.o
                0x08009e78                USBD_CtlContinueRx
 .text.USBD_CtlSendStatus
                0x08009e88       0x16 ./Middlewares/ST/STM32_USB_Device_Library/Core/Src/usbd_ioreq.o
                0x08009e88                USBD_CtlSendStatus
 .text.USBD_CtlReceiveStatus
                0x08009e9e       0x16 ./Middlewares/ST/STM32_USB_Device_Library/Core/Src/usbd_ioreq.o
                0x08009e9e                USBD_CtlReceiveStatus
 .text.MX_USB_DEVICE_Init
                0x08009eb4       0x50 ./USB_DEVICE/App/usb_device.o
                0x08009eb4                MX_USB_DEVICE_Init
 .text.CDC_DeInit_FS
                0x08009f04        0x4 ./USB_DEVICE/App/usbd_cdc_if.o
 .text.CDC_Control_FS
                0x08009f08       0x48 ./USB_DEVICE/App/usbd_cdc_if.o
 .text.CDC_TransmitCplt_FS
                0x08009f50        0x4 ./USB_DEVICE/App/usbd_cdc_if.o
 .text.CDC_Receive_FS
                0x08009f54       0x28 ./USB_DEVICE/App/usbd_cdc_if.o
 .text.CDC_Init_FS
                0x08009f7c       0x2c ./USB_DEVICE/App/usbd_cdc_if.o
 .text.CDC_Transmit_FS
                0x08009fa8       0x2c ./USB_DEVICE/App/usbd_cdc_if.o
                0x08009fa8                CDC_Transmit_FS
 .text.CDC_Attach_Rx
                0x08009fd4        0xc ./USB_DEVICE/App/usbd_cdc_if.o
                0x08009fd4                CDC_Attach_Rx
 .text.USBD_FS_DeviceDescriptor
                0x08009fe0        0xc ./USB_DEVICE/App/usbd_desc.o
                0x08009fe0                USBD_FS_DeviceDescriptor
 .text.USBD_FS_LangIDStrDescriptor
                0x08009fec        0xc ./USB_DEVICE/App/usbd_desc.o
                0x08009fec                USBD_FS_LangIDStrDescriptor
 .text.IntToUnicode
                0x08009ff8       0x2a ./USB_DEVICE/App/usbd_desc.o
 *fill*         0x0800a022        0x2 
 .text.USBD_FS_SerialStrDescriptor
                0x0800a024       0x3c ./USB_DEVICE/App/usbd_desc.o
                0x0800a024                USBD_FS_SerialStrDescriptor
 .text.USBD_FS_ManufacturerStrDescriptor
                0x0800a060       0x1c ./USB_DEVICE/App/usbd_desc.o
                0x0800a060                USBD_FS_ManufacturerStrDescriptor
 .text.USBD_FS_ProductStrDescriptor
                0x0800a07c       0x1c ./USB_DEVICE/App/usbd_desc.o
                0x0800a07c                USBD_FS_ProductStrDescriptor
 .text.USBD_FS_ConfigStrDescriptor
                0x0800a098       0x1c ./USB_DEVICE/App/usbd_desc.o
                0x0800a098                USBD_FS_ConfigStrDescriptor
 .text.USBD_FS_InterfaceStrDescriptor
                0x0800a0b4       0x1c ./USB_DEVICE/App/usbd_desc.o
                0x0800a0b4                USBD_FS_InterfaceStrDescriptor
 .text.HAL_PCD_MspInit
                0x0800a0d0       0x84 ./USB_DEVICE/Target/usbd_conf.o
                0x0800a0d0                HAL_PCD_MspInit
 .text.HAL_PCD_SetupStageCallback
                0x0800a154        0xc ./USB_DEVICE/Target/usbd_conf.o
                0x0800a154                HAL_PCD_SetupStageCallback
 .text.HAL_PCD_DataOutStageCallback
                0x0800a160       0x12 ./USB_DEVICE/Target/usbd_conf.o
                0x0800a160                HAL_PCD_DataOutStageCallback
 .text.HAL_PCD_DataInStageCallback
                0x0800a172       0x10 ./USB_DEVICE/Target/usbd_conf.o
                0x0800a172                HAL_PCD_DataInStageCallback
 .text.HAL_PCD_SOFCallback
                0x0800a182        0x8 ./USB_DEVICE/Target/usbd_conf.o
                0x0800a182                HAL_PCD_SOFCallback
 .text.HAL_PCD_ResetCallback
                0x0800a18a       0x24 ./USB_DEVICE/Target/usbd_conf.o
                0x0800a18a                HAL_PCD_ResetCallback
 *fill*         0x0800a1ae        0x2 
 .text.HAL_PCD_SuspendCallback
                0x0800a1b0       0x30 ./USB_DEVICE/Target/usbd_conf.o
                0x0800a1b0                HAL_PCD_SuspendCallback
 .text.HAL_PCD_ResumeCallback
                0x0800a1e0        0x8 ./USB_DEVICE/Target/usbd_conf.o
                0x0800a1e0                HAL_PCD_ResumeCallback
 .text.HAL_PCD_ISOOUTIncompleteCallback
                0x0800a1e8        0x8 ./USB_DEVICE/Target/usbd_conf.o
                0x0800a1e8                HAL_PCD_ISOOUTIncompleteCallback
 .text.HAL_PCD_ISOINIncompleteCallback
                0x0800a1f0        0x8 ./USB_DEVICE/Target/usbd_conf.o
                0x0800a1f0                HAL_PCD_ISOINIncompleteCallback
 .text.HAL_PCD_ConnectCallback
                0x0800a1f8        0x8 ./USB_DEVICE/Target/usbd_conf.o
                0x0800a1f8                HAL_PCD_ConnectCallback
 .text.HAL_PCD_DisconnectCallback
                0x0800a200        0x8 ./USB_DEVICE/Target/usbd_conf.o
                0x0800a200                HAL_PCD_DisconnectCallback
 .text.USBD_LL_Init
                0x0800a208       0x5c ./USB_DEVICE/Target/usbd_conf.o
                0x0800a208                USBD_LL_Init
 .text.USBD_LL_IsStallEP
                0x0800a264       0x24 ./USB_DEVICE/Target/usbd_conf.o
                0x0800a264                USBD_LL_IsStallEP
 .text.USBD_LL_GetRxDataSize
                0x0800a288        0x8 ./USB_DEVICE/Target/usbd_conf.o
                0x0800a288                USBD_LL_GetRxDataSize
 .text.USBD_static_malloc
                0x0800a290        0x8 ./USB_DEVICE/Target/usbd_conf.o
                0x0800a290                USBD_static_malloc
 .text.USBD_static_free
                0x0800a298        0x2 ./USB_DEVICE/Target/usbd_conf.o
                0x0800a298                USBD_static_free
 .text.USBD_Get_USB_Status
                0x0800a29a        0xc ./USB_DEVICE/Target/usbd_conf.o
                0x0800a29a                USBD_Get_USB_Status
 .text.USBD_LL_Start
                0x0800a2a6       0x12 ./USB_DEVICE/Target/usbd_conf.o
                0x0800a2a6                USBD_LL_Start
 .text.USBD_LL_OpenEP
                0x0800a2b8       0x18 ./USB_DEVICE/Target/usbd_conf.o
                0x0800a2b8                USBD_LL_OpenEP
 .text.USBD_LL_CloseEP
                0x0800a2d0       0x12 ./USB_DEVICE/Target/usbd_conf.o
                0x0800a2d0                USBD_LL_CloseEP
 .text.USBD_LL_StallEP
                0x0800a2e2       0x12 ./USB_DEVICE/Target/usbd_conf.o
                0x0800a2e2                USBD_LL_StallEP
 .text.USBD_LL_ClearStallEP
                0x0800a2f4       0x12 ./USB_DEVICE/Target/usbd_conf.o
                0x0800a2f4                USBD_LL_ClearStallEP
 .text.USBD_LL_SetUSBAddress
                0x0800a306       0x12 ./USB_DEVICE/Target/usbd_conf.o
                0x0800a306                USBD_LL_SetUSBAddress
 .text.USBD_LL_Transmit
                0x0800a318       0x12 ./USB_DEVICE/Target/usbd_conf.o
                0x0800a318                USBD_LL_Transmit
 .text.USBD_LL_PrepareReceive
                0x0800a32a       0x12 ./USB_DEVICE/Target/usbd_conf.o
                0x0800a32a                USBD_LL_PrepareReceive
 .text.atoi     0x0800a33c        0x8 C:/ST/STM32CubeIDE_1.18.1/STM32CubeIDE/plugins/com.st.stm32cube.ide.mcu.externaltools.gnu-tools-for-stm32.13.3.rel1.win32_1.0.0.202411081344/tools/bin/../lib/gcc/arm-none-eabi/13.3.1/../../../../arm-none-eabi/lib/thumb/v7e-m+fp/hard\libc_nano.a(libc_a-atoi.o)
                0x0800a33c                atoi
 .text.__itoa   0x0800a344       0x30 C:/ST/STM32CubeIDE_1.18.1/STM32CubeIDE/plugins/com.st.stm32cube.ide.mcu.externaltools.gnu-tools-for-stm32.13.3.rel1.win32_1.0.0.202411081344/tools/bin/../lib/gcc/arm-none-eabi/13.3.1/../../../../arm-none-eabi/lib/thumb/v7e-m+fp/hard\libc_nano.a(libc_a-itoa.o)
                0x0800a344                __itoa
 .text.itoa     0x0800a374        0x4 C:/ST/STM32CubeIDE_1.18.1/STM32CubeIDE/plugins/com.st.stm32cube.ide.mcu.externaltools.gnu-tools-for-stm32.13.3.rel1.win32_1.0.0.202411081344/tools/bin/../lib/gcc/arm-none-eabi/13.3.1/../../../../arm-none-eabi/lib/thumb/v7e-m+fp/hard\libc_nano.a(libc_a-itoa.o)
                0x0800a374                itoa
 .text._strtol_l.isra.0
                0x0800a378       0xf4 C:/ST/STM32CubeIDE_1.18.1/STM32CubeIDE/plugins/com.st.stm32cube.ide.mcu.externaltools.gnu-tools-for-stm32.13.3.rel1.win32_1.0.0.202411081344/tools/bin/../lib/gcc/arm-none-eabi/13.3.1/../../../../arm-none-eabi/lib/thumb/v7e-m+fp/hard\libc_nano.a(libc_a-strtol.o)
 .text.strtol   0x0800a46c       0x14 C:/ST/STM32CubeIDE_1.18.1/STM32CubeIDE/plugins/com.st.stm32cube.ide.mcu.externaltools.gnu-tools-for-stm32.13.3.rel1.win32_1.0.0.202411081344/tools/bin/../lib/gcc/arm-none-eabi/13.3.1/../../../../arm-none-eabi/lib/thumb/v7e-m+fp/hard\libc_nano.a(libc_a-strtol.o)
                0x0800a46c                strtol
 .text.__utoa   0x0800a480       0x84 C:/ST/STM32CubeIDE_1.18.1/STM32CubeIDE/plugins/com.st.stm32cube.ide.mcu.externaltools.gnu-tools-for-stm32.13.3.rel1.win32_1.0.0.202411081344/tools/bin/../lib/gcc/arm-none-eabi/13.3.1/../../../../arm-none-eabi/lib/thumb/v7e-m+fp/hard\libc_nano.a(libc_a-utoa.o)
                0x0800a480                __utoa
 .text.std      0x0800a504       0x6c C:/ST/STM32CubeIDE_1.18.1/STM32CubeIDE/plugins/com.st.stm32cube.ide.mcu.externaltools.gnu-tools-for-stm32.13.3.rel1.win32_1.0.0.202411081344/tools/bin/../lib/gcc/arm-none-eabi/13.3.1/../../../../arm-none-eabi/lib/thumb/v7e-m+fp/hard\libc_nano.a(libc_a-findfp.o)
 .text.stdio_exit_handler
                0x0800a570       0x18 C:/ST/STM32CubeIDE_1.18.1/STM32CubeIDE/plugins/com.st.stm32cube.ide.mcu.externaltools.gnu-tools-for-stm32.13.3.rel1.win32_1.0.0.202411081344/tools/bin/../lib/gcc/arm-none-eabi/13.3.1/../../../../arm-none-eabi/lib/thumb/v7e-m+fp/hard\libc_nano.a(libc_a-findfp.o)
 .text.cleanup_stdio
                0x0800a588       0x40 C:/ST/STM32CubeIDE_1.18.1/STM32CubeIDE/plugins/com.st.stm32cube.ide.mcu.externaltools.gnu-tools-for-stm32.13.3.rel1.win32_1.0.0.202411081344/tools/bin/../lib/gcc/arm-none-eabi/13.3.1/../../../../arm-none-eabi/lib/thumb/v7e-m+fp/hard\libc_nano.a(libc_a-findfp.o)
 .text.global_stdio_init.part.0
                0x0800a5c8       0x3c C:/ST/STM32CubeIDE_1.18.1/STM32CubeIDE/plugins/com.st.stm32cube.ide.mcu.externaltools.gnu-tools-for-stm32.13.3.rel1.win32_1.0.0.202411081344/tools/bin/../lib/gcc/arm-none-eabi/13.3.1/../../../../arm-none-eabi/lib/thumb/v7e-m+fp/hard\libc_nano.a(libc_a-findfp.o)
 .text.__sfp_lock_acquire
                0x0800a604        0xc C:/ST/STM32CubeIDE_1.18.1/STM32CubeIDE/plugins/com.st.stm32cube.ide.mcu.externaltools.gnu-tools-for-stm32.13.3.rel1.win32_1.0.0.202411081344/tools/bin/../lib/gcc/arm-none-eabi/13.3.1/../../../../arm-none-eabi/lib/thumb/v7e-m+fp/hard\libc_nano.a(libc_a-findfp.o)
                0x0800a604                __sfp_lock_acquire
 .text.__sfp_lock_release
                0x0800a610        0xc C:/ST/STM32CubeIDE_1.18.1/STM32CubeIDE/plugins/com.st.stm32cube.ide.mcu.externaltools.gnu-tools-for-stm32.13.3.rel1.win32_1.0.0.202411081344/tools/bin/../lib/gcc/arm-none-eabi/13.3.1/../../../../arm-none-eabi/lib/thumb/v7e-m+fp/hard\libc_nano.a(libc_a-findfp.o)
                0x0800a610                __sfp_lock_release
 .text.__sinit  0x0800a61c       0x30 C:/ST/STM32CubeIDE_1.18.1/STM32CubeIDE/plugins/com.st.stm32cube.ide.mcu.externaltools.gnu-tools-for-stm32.13.3.rel1.win32_1.0.0.202411081344/tools/bin/../lib/gcc/arm-none-eabi/13.3.1/../../../../arm-none-eabi/lib/thumb/v7e-m+fp/hard\libc_nano.a(libc_a-findfp.o)
                0x0800a61c                __sinit
 .text._fwalk_sglue
                0x0800a64c       0x3c C:/ST/STM32CubeIDE_1.18.1/STM32CubeIDE/plugins/com.st.stm32cube.ide.mcu.externaltools.gnu-tools-for-stm32.13.3.rel1.win32_1.0.0.202411081344/tools/bin/../lib/gcc/arm-none-eabi/13.3.1/../../../../arm-none-eabi/lib/thumb/v7e-m+fp/hard\libc_nano.a(libc_a-fwalk.o)
                0x0800a64c                _fwalk_sglue
 .text.snprintf
                0x0800a688       0x6c C:/ST/STM32CubeIDE_1.18.1/STM32CubeIDE/plugins/com.st.stm32cube.ide.mcu.externaltools.gnu-tools-for-stm32.13.3.rel1.win32_1.0.0.202411081344/tools/bin/../lib/gcc/arm-none-eabi/13.3.1/../../../../arm-none-eabi/lib/thumb/v7e-m+fp/hard\libc_nano.a(libc_a-snprintf.o)
                0x0800a688                sniprintf
                0x0800a688                snprintf
 .text.sprintf  0x0800a6f4       0x44 C:/ST/STM32CubeIDE_1.18.1/STM32CubeIDE/plugins/com.st.stm32cube.ide.mcu.externaltools.gnu-tools-for-stm32.13.3.rel1.win32_1.0.0.202411081344/tools/bin/../lib/gcc/arm-none-eabi/13.3.1/../../../../arm-none-eabi/lib/thumb/v7e-m+fp/hard\libc_nano.a(libc_a-sprintf.o)
                0x0800a6f4                siprintf
                0x0800a6f4                sprintf
 .text.__sread  0x0800a738       0x22 C:/ST/STM32CubeIDE_1.18.1/STM32CubeIDE/plugins/com.st.stm32cube.ide.mcu.externaltools.gnu-tools-for-stm32.13.3.rel1.win32_1.0.0.202411081344/tools/bin/../lib/gcc/arm-none-eabi/13.3.1/../../../../arm-none-eabi/lib/thumb/v7e-m+fp/hard\libc_nano.a(libc_a-stdio.o)
                0x0800a738                __sread
 .text.__swrite
                0x0800a75a       0x38 C:/ST/STM32CubeIDE_1.18.1/STM32CubeIDE/plugins/com.st.stm32cube.ide.mcu.externaltools.gnu-tools-for-stm32.13.3.rel1.win32_1.0.0.202411081344/tools/bin/../lib/gcc/arm-none-eabi/13.3.1/../../../../arm-none-eabi/lib/thumb/v7e-m+fp/hard\libc_nano.a(libc_a-stdio.o)
                0x0800a75a                __swrite
 .text.__sseek  0x0800a792       0x24 C:/ST/STM32CubeIDE_1.18.1/STM32CubeIDE/plugins/com.st.stm32cube.ide.mcu.externaltools.gnu-tools-for-stm32.13.3.rel1.win32_1.0.0.202411081344/tools/bin/../lib/gcc/arm-none-eabi/13.3.1/../../../../arm-none-eabi/lib/thumb/v7e-m+fp/hard\libc_nano.a(libc_a-stdio.o)
                0x0800a792                __sseek
 .text.__sclose
                0x0800a7b6        0x8 C:/ST/STM32CubeIDE_1.18.1/STM32CubeIDE/plugins/com.st.stm32cube.ide.mcu.externaltools.gnu-tools-for-stm32.13.3.rel1.win32_1.0.0.202411081344/tools/bin/../lib/gcc/arm-none-eabi/13.3.1/../../../../arm-none-eabi/lib/thumb/v7e-m+fp/hard\libc_nano.a(libc_a-stdio.o)
                0x0800a7b6                __sclose
 .text.memset   0x0800a7be       0x10 C:/ST/STM32CubeIDE_1.18.1/STM32CubeIDE/plugins/com.st.stm32cube.ide.mcu.externaltools.gnu-tools-for-stm32.13.3.rel1.win32_1.0.0.202411081344/tools/bin/../lib/gcc/arm-none-eabi/13.3.1/../../../../arm-none-eabi/lib/thumb/v7e-m+fp/hard\libc_nano.a(libc_a-memset.o)
                0x0800a7be                memset
 .text.strncpy  0x0800a7ce       0x26 C:/ST/STM32CubeIDE_1.18.1/STM32CubeIDE/plugins/com.st.stm32cube.ide.mcu.externaltools.gnu-tools-for-stm32.13.3.rel1.win32_1.0.0.202411081344/tools/bin/../lib/gcc/arm-none-eabi/13.3.1/../../../../arm-none-eabi/lib/thumb/v7e-m+fp/hard\libc_nano.a(libc_a-strncpy.o)
                0x0800a7ce                strncpy
 .text.strtok   0x0800a7f4       0x68 C:/ST/STM32CubeIDE_1.18.1/STM32CubeIDE/plugins/com.st.stm32cube.ide.mcu.externaltools.gnu-tools-for-stm32.13.3.rel1.win32_1.0.0.202411081344/tools/bin/../lib/gcc/arm-none-eabi/13.3.1/../../../../arm-none-eabi/lib/thumb/v7e-m+fp/hard\libc_nano.a(libc_a-strtok.o)
                0x0800a7f4                strtok
 .text.__strtok_r
                0x0800a85c       0x50 C:/ST/STM32CubeIDE_1.18.1/STM32CubeIDE/plugins/com.st.stm32cube.ide.mcu.externaltools.gnu-tools-for-stm32.13.3.rel1.win32_1.0.0.202411081344/tools/bin/../lib/gcc/arm-none-eabi/13.3.1/../../../../arm-none-eabi/lib/thumb/v7e-m+fp/hard\libc_nano.a(libc_a-strtok_r.o)
                0x0800a85c                __strtok_r
 .text._close_r
                0x0800a8ac       0x20 C:/ST/STM32CubeIDE_1.18.1/STM32CubeIDE/plugins/com.st.stm32cube.ide.mcu.externaltools.gnu-tools-for-stm32.13.3.rel1.win32_1.0.0.202411081344/tools/bin/../lib/gcc/arm-none-eabi/13.3.1/../../../../arm-none-eabi/lib/thumb/v7e-m+fp/hard\libc_nano.a(libc_a-closer.o)
                0x0800a8ac                _close_r
 .text._lseek_r
                0x0800a8cc       0x24 C:/ST/STM32CubeIDE_1.18.1/STM32CubeIDE/plugins/com.st.stm32cube.ide.mcu.externaltools.gnu-tools-for-stm32.13.3.rel1.win32_1.0.0.202411081344/tools/bin/../lib/gcc/arm-none-eabi/13.3.1/../../../../arm-none-eabi/lib/thumb/v7e-m+fp/hard\libc_nano.a(libc_a-lseekr.o)
                0x0800a8cc                _lseek_r
 .text._read_r  0x0800a8f0       0x24 C:/ST/STM32CubeIDE_1.18.1/STM32CubeIDE/plugins/com.st.stm32cube.ide.mcu.externaltools.gnu-tools-for-stm32.13.3.rel1.win32_1.0.0.202411081344/tools/bin/../lib/gcc/arm-none-eabi/13.3.1/../../../../arm-none-eabi/lib/thumb/v7e-m+fp/hard\libc_nano.a(libc_a-readr.o)
                0x0800a8f0                _read_r
 .text._write_r
                0x0800a914       0x24 C:/ST/STM32CubeIDE_1.18.1/STM32CubeIDE/plugins/com.st.stm32cube.ide.mcu.externaltools.gnu-tools-for-stm32.13.3.rel1.win32_1.0.0.202411081344/tools/bin/../lib/gcc/arm-none-eabi/13.3.1/../../../../arm-none-eabi/lib/thumb/v7e-m+fp/hard\libc_nano.a(libc_a-writer.o)
                0x0800a914                _write_r
 .text.__errno  0x0800a938        0xc C:/ST/STM32CubeIDE_1.18.1/STM32CubeIDE/plugins/com.st.stm32cube.ide.mcu.externaltools.gnu-tools-for-stm32.13.3.rel1.win32_1.0.0.202411081344/tools/bin/../lib/gcc/arm-none-eabi/13.3.1/../../../../arm-none-eabi/lib/thumb/v7e-m+fp/hard\libc_nano.a(libc_a-errno.o)
                0x0800a938                __errno
 .text.__libc_init_array
                0x0800a944       0x48 C:/ST/STM32CubeIDE_1.18.1/STM32CubeIDE/plugins/com.st.stm32cube.ide.mcu.externaltools.gnu-tools-for-stm32.13.3.rel1.win32_1.0.0.202411081344/tools/bin/../lib/gcc/arm-none-eabi/13.3.1/../../../../arm-none-eabi/lib/thumb/v7e-m+fp/hard\libc_nano.a(libc_a-init.o)
                0x0800a944                __libc_init_array
 .text.__retarget_lock_init_recursive
                0x0800a98c        0x2 C:/ST/STM32CubeIDE_1.18.1/STM32CubeIDE/plugins/com.st.stm32cube.ide.mcu.externaltools.gnu-tools-for-stm32.13.3.rel1.win32_1.0.0.202411081344/tools/bin/../lib/gcc/arm-none-eabi/13.3.1/../../../../arm-none-eabi/lib/thumb/v7e-m+fp/hard\libc_nano.a(libc_a-lock.o)
                0x0800a98c                __retarget_lock_init_recursive
 .text.__retarget_lock_acquire_recursive
                0x0800a98e        0x2 C:/ST/STM32CubeIDE_1.18.1/STM32CubeIDE/plugins/com.st.stm32cube.ide.mcu.externaltools.gnu-tools-for-stm32.13.3.rel1.win32_1.0.0.202411081344/tools/bin/../lib/gcc/arm-none-eabi/13.3.1/../../../../arm-none-eabi/lib/thumb/v7e-m+fp/hard\libc_nano.a(libc_a-lock.o)
                0x0800a98e                __retarget_lock_acquire_recursive
 .text.__retarget_lock_release_recursive
                0x0800a990        0x2 C:/ST/STM32CubeIDE_1.18.1/STM32CubeIDE/plugins/com.st.stm32cube.ide.mcu.externaltools.gnu-tools-for-stm32.13.3.rel1.win32_1.0.0.202411081344/tools/bin/../lib/gcc/arm-none-eabi/13.3.1/../../../../arm-none-eabi/lib/thumb/v7e-m+fp/hard\libc_nano.a(libc_a-lock.o)
                0x0800a990                __retarget_lock_release_recursive
 .text.strcpy   0x0800a992       0x10 C:/ST/STM32CubeIDE_1.18.1/STM32CubeIDE/plugins/com.st.stm32cube.ide.mcu.externaltools.gnu-tools-for-stm32.13.3.rel1.win32_1.0.0.202411081344/tools/bin/../lib/gcc/arm-none-eabi/13.3.1/../../../../arm-none-eabi/lib/thumb/v7e-m+fp/hard\libc_nano.a(libc_a-strcpy.o)
                0x0800a992                strcpy
 .text.memcpy   0x0800a9a2       0x1c C:/ST/STM32CubeIDE_1.18.1/STM32CubeIDE/plugins/com.st.stm32cube.ide.mcu.externaltools.gnu-tools-for-stm32.13.3.rel1.win32_1.0.0.202411081344/tools/bin/../lib/gcc/arm-none-eabi/13.3.1/../../../../arm-none-eabi/lib/thumb/v7e-m+fp/hard\libc_nano.a(libc_a-memcpy-stub.o)
                0x0800a9a2                memcpy
 *fill*         0x0800a9be        0x2 
 .text.__assert_func
                0x0800a9c0       0x3c C:/ST/STM32CubeIDE_1.18.1/STM32CubeIDE/plugins/com.st.stm32cube.ide.mcu.externaltools.gnu-tools-for-stm32.13.3.rel1.win32_1.0.0.202411081344/tools/bin/../lib/gcc/arm-none-eabi/13.3.1/../../../../arm-none-eabi/lib/thumb/v7e-m+fp/hard\libc_nano.a(libc_a-assert.o)
                0x0800a9c0                __assert_func
 .text._free_r  0x0800a9fc       0x94 C:/ST/STM32CubeIDE_1.18.1/STM32CubeIDE/plugins/com.st.stm32cube.ide.mcu.externaltools.gnu-tools-for-stm32.13.3.rel1.win32_1.0.0.202411081344/tools/bin/../lib/gcc/arm-none-eabi/13.3.1/../../../../arm-none-eabi/lib/thumb/v7e-m+fp/hard\libc_nano.a(libc_a-freer.o)
                0x0800a9fc                _free_r
 .text.malloc   0x0800aa90       0x10 C:/ST/STM32CubeIDE_1.18.1/STM32CubeIDE/plugins/com.st.stm32cube.ide.mcu.externaltools.gnu-tools-for-stm32.13.3.rel1.win32_1.0.0.202411081344/tools/bin/../lib/gcc/arm-none-eabi/13.3.1/../../../../arm-none-eabi/lib/thumb/v7e-m+fp/hard\libc_nano.a(libc_a-malloc.o)
                0x0800aa90                malloc
 .text.sbrk_aligned
                0x0800aaa0       0x44 C:/ST/STM32CubeIDE_1.18.1/STM32CubeIDE/plugins/com.st.stm32cube.ide.mcu.externaltools.gnu-tools-for-stm32.13.3.rel1.win32_1.0.0.202411081344/tools/bin/../lib/gcc/arm-none-eabi/13.3.1/../../../../arm-none-eabi/lib/thumb/v7e-m+fp/hard\libc_nano.a(libc_a-mallocr.o)
 .text._malloc_r
                0x0800aae4      0x100 C:/ST/STM32CubeIDE_1.18.1/STM32CubeIDE/plugins/com.st.stm32cube.ide.mcu.externaltools.gnu-tools-for-stm32.13.3.rel1.win32_1.0.0.202411081344/tools/bin/../lib/gcc/arm-none-eabi/13.3.1/../../../../arm-none-eabi/lib/thumb/v7e-m+fp/hard\libc_nano.a(libc_a-mallocr.o)
                0x0800aae4                _malloc_r
 .text.__malloc_lock
                0x0800abe4        0xc C:/ST/STM32CubeIDE_1.18.1/STM32CubeIDE/plugins/com.st.stm32cube.ide.mcu.externaltools.gnu-tools-for-stm32.13.3.rel1.win32_1.0.0.202411081344/tools/bin/../lib/gcc/arm-none-eabi/13.3.1/../../../../arm-none-eabi/lib/thumb/v7e-m+fp/hard\libc_nano.a(libc_a-mlock.o)
                0x0800abe4                __malloc_lock
 .text.__malloc_unlock
                0x0800abf0        0xc C:/ST/STM32CubeIDE_1.18.1/STM32CubeIDE/plugins/com.st.stm32cube.ide.mcu.externaltools.gnu-tools-for-stm32.13.3.rel1.win32_1.0.0.202411081344/tools/bin/../lib/gcc/arm-none-eabi/13.3.1/../../../../arm-none-eabi/lib/thumb/v7e-m+fp/hard\libc_nano.a(libc_a-mlock.o)
                0x0800abf0                __malloc_unlock
 .text.__ssputs_r
                0x0800abfc       0xb6 C:/ST/STM32CubeIDE_1.18.1/STM32CubeIDE/plugins/com.st.stm32cube.ide.mcu.externaltools.gnu-tools-for-stm32.13.3.rel1.win32_1.0.0.202411081344/tools/bin/../lib/gcc/arm-none-eabi/13.3.1/../../../../arm-none-eabi/lib/thumb/v7e-m+fp/hard\libc_nano.a(libc_a-nano-svfprintf.o)
                0x0800abfc                __ssputs_r
 *fill*         0x0800acb2        0x2 
 .text._svfprintf_r
                0x0800acb4      0x1f8 C:/ST/STM32CubeIDE_1.18.1/STM32CubeIDE/plugins/com.st.stm32cube.ide.mcu.externaltools.gnu-tools-for-stm32.13.3.rel1.win32_1.0.0.202411081344/tools/bin/../lib/gcc/arm-none-eabi/13.3.1/../../../../arm-none-eabi/lib/thumb/v7e-m+fp/hard\libc_nano.a(libc_a-nano-svfprintf.o)
                0x0800acb4                _svfiprintf_r
                0x0800acb4                _svfprintf_r
 .text._printf_common
                0x0800aeac       0xda C:/ST/STM32CubeIDE_1.18.1/STM32CubeIDE/plugins/com.st.stm32cube.ide.mcu.externaltools.gnu-tools-for-stm32.13.3.rel1.win32_1.0.0.202411081344/tools/bin/../lib/gcc/arm-none-eabi/13.3.1/../../../../arm-none-eabi/lib/thumb/v7e-m+fp/hard\libc_nano.a(libc_a-nano-vfprintf_i.o)
                0x0800aeac                _printf_common
 *fill*         0x0800af86        0x2 
 .text._printf_i
                0x0800af88      0x23c C:/ST/STM32CubeIDE_1.18.1/STM32CubeIDE/plugins/com.st.stm32cube.ide.mcu.externaltools.gnu-tools-for-stm32.13.3.rel1.win32_1.0.0.202411081344/tools/bin/../lib/gcc/arm-none-eabi/13.3.1/../../../../arm-none-eabi/lib/thumb/v7e-m+fp/hard\libc_nano.a(libc_a-nano-vfprintf_i.o)
                0x0800af88                _printf_i
 .text.__sflush_r
                0x0800b1c4      0x108 C:/ST/STM32CubeIDE_1.18.1/STM32CubeIDE/plugins/com.st.stm32cube.ide.mcu.externaltools.gnu-tools-for-stm32.13.3.rel1.win32_1.0.0.202411081344/tools/bin/../lib/gcc/arm-none-eabi/13.3.1/../../../../arm-none-eabi/lib/thumb/v7e-m+fp/hard\libc_nano.a(libc_a-fflush.o)
                0x0800b1c4                __sflush_r
 .text._fflush_r
                0x0800b2cc       0x50 C:/ST/STM32CubeIDE_1.18.1/STM32CubeIDE/plugins/com.st.stm32cube.ide.mcu.externaltools.gnu-tools-for-stm32.13.3.rel1.win32_1.0.0.202411081344/tools/bin/../lib/gcc/arm-none-eabi/13.3.1/../../../../arm-none-eabi/lib/thumb/v7e-m+fp/hard\libc_nano.a(libc_a-fflush.o)
                0x0800b2cc                _fflush_r
 .text.fprintf  0x0800b31c       0x24 C:/ST/STM32CubeIDE_1.18.1/STM32CubeIDE/plugins/com.st.stm32cube.ide.mcu.externaltools.gnu-tools-for-stm32.13.3.rel1.win32_1.0.0.202411081344/tools/bin/../lib/gcc/arm-none-eabi/13.3.1/../../../../arm-none-eabi/lib/thumb/v7e-m+fp/hard\libc_nano.a(libc_a-fprintf.o)
                0x0800b31c                fiprintf
                0x0800b31c                fprintf
 .text.memmove  0x0800b340       0x34 C:/ST/STM32CubeIDE_1.18.1/STM32CubeIDE/plugins/com.st.stm32cube.ide.mcu.externaltools.gnu-tools-for-stm32.13.3.rel1.win32_1.0.0.202411081344/tools/bin/../lib/gcc/arm-none-eabi/13.3.1/../../../../arm-none-eabi/lib/thumb/v7e-m+fp/hard\libc_nano.a(libc_a-memmove.o)
                0x0800b340                memmove
 .text._sbrk_r  0x0800b374       0x20 C:/ST/STM32CubeIDE_1.18.1/STM32CubeIDE/plugins/com.st.stm32cube.ide.mcu.externaltools.gnu-tools-for-stm32.13.3.rel1.win32_1.0.0.202411081344/tools/bin/../lib/gcc/arm-none-eabi/13.3.1/../../../../arm-none-eabi/lib/thumb/v7e-m+fp/hard\libc_nano.a(libc_a-sbrkr.o)
                0x0800b374                _sbrk_r
 .text.abort    0x0800b394        0xe C:/ST/STM32CubeIDE_1.18.1/STM32CubeIDE/plugins/com.st.stm32cube.ide.mcu.externaltools.gnu-tools-for-stm32.13.3.rel1.win32_1.0.0.202411081344/tools/bin/../lib/gcc/arm-none-eabi/13.3.1/../../../../arm-none-eabi/lib/thumb/v7e-m+fp/hard\libc_nano.a(libc_a-abort.o)
                0x0800b394                abort
 .text._realloc_r
                0x0800b3a2       0x5c C:/ST/STM32CubeIDE_1.18.1/STM32CubeIDE/plugins/com.st.stm32cube.ide.mcu.externaltools.gnu-tools-for-stm32.13.3.rel1.win32_1.0.0.202411081344/tools/bin/../lib/gcc/arm-none-eabi/13.3.1/../../../../arm-none-eabi/lib/thumb/v7e-m+fp/hard\libc_nano.a(libc_a-reallocr.o)
                0x0800b3a2                _realloc_r
 .text.__sfputc_r
                0x0800b3fe       0x2e C:/ST/STM32CubeIDE_1.18.1/STM32CubeIDE/plugins/com.st.stm32cube.ide.mcu.externaltools.gnu-tools-for-stm32.13.3.rel1.win32_1.0.0.202411081344/tools/bin/../lib/gcc/arm-none-eabi/13.3.1/../../../../arm-none-eabi/lib/thumb/v7e-m+fp/hard\libc_nano.a(libc_a-nano-vfprintf.o)
 .text.__sfputs_r
                0x0800b42c       0x24 C:/ST/STM32CubeIDE_1.18.1/STM32CubeIDE/plugins/com.st.stm32cube.ide.mcu.externaltools.gnu-tools-for-stm32.13.3.rel1.win32_1.0.0.202411081344/tools/bin/../lib/gcc/arm-none-eabi/13.3.1/../../../../arm-none-eabi/lib/thumb/v7e-m+fp/hard\libc_nano.a(libc_a-nano-vfprintf.o)
                0x0800b42c                __sfputs_r
 .text._vfprintf_r
                0x0800b450      0x230 C:/ST/STM32CubeIDE_1.18.1/STM32CubeIDE/plugins/com.st.stm32cube.ide.mcu.externaltools.gnu-tools-for-stm32.13.3.rel1.win32_1.0.0.202411081344/tools/bin/../lib/gcc/arm-none-eabi/13.3.1/../../../../arm-none-eabi/lib/thumb/v7e-m+fp/hard\libc_nano.a(libc_a-nano-vfprintf.o)
                0x0800b450                _vfprintf_r
                0x0800b450                _vfiprintf_r
 .text.__swbuf_r
                0x0800b680       0x7c C:/ST/STM32CubeIDE_1.18.1/STM32CubeIDE/plugins/com.st.stm32cube.ide.mcu.externaltools.gnu-tools-for-stm32.13.3.rel1.win32_1.0.0.202411081344/tools/bin/../lib/gcc/arm-none-eabi/13.3.1/../../../../arm-none-eabi/lib/thumb/v7e-m+fp/hard\libc_nano.a(libc_a-wbuf.o)
                0x0800b680                __swbuf_r
 .text.__swsetup_r
                0x0800b6fc       0xac C:/ST/STM32CubeIDE_1.18.1/STM32CubeIDE/plugins/com.st.stm32cube.ide.mcu.externaltools.gnu-tools-for-stm32.13.3.rel1.win32_1.0.0.202411081344/tools/bin/../lib/gcc/arm-none-eabi/13.3.1/../../../../arm-none-eabi/lib/thumb/v7e-m+fp/hard\libc_nano.a(libc_a-wsetup.o)
                0x0800b6fc                __swsetup_r
 .text._raise_r
                0x0800b7a8       0x50 C:/ST/STM32CubeIDE_1.18.1/STM32CubeIDE/plugins/com.st.stm32cube.ide.mcu.externaltools.gnu-tools-for-stm32.13.3.rel1.win32_1.0.0.202411081344/tools/bin/../lib/gcc/arm-none-eabi/13.3.1/../../../../arm-none-eabi/lib/thumb/v7e-m+fp/hard\libc_nano.a(libc_a-signal.o)
                0x0800b7a8                _raise_r
 .text.raise    0x0800b7f8       0x10 C:/ST/STM32CubeIDE_1.18.1/STM32CubeIDE/plugins/com.st.stm32cube.ide.mcu.externaltools.gnu-tools-for-stm32.13.3.rel1.win32_1.0.0.202411081344/tools/bin/../lib/gcc/arm-none-eabi/13.3.1/../../../../arm-none-eabi/lib/thumb/v7e-m+fp/hard\libc_nano.a(libc_a-signal.o)
                0x0800b7f8                raise